Archive member included to satisfy reference by file (symbol)

platform/libplatform_s.a(hw_init.o)
                              secure_fw/CMakeFiles/tfm_s.dir/__/platform/ext/target/nordic_nrf/common/core/startup.o (hw_init_reset_on_boot)
platform/libplatform_s.a(system_nrf91.o)
                              secure_fw/CMakeFiles/tfm_s.dir/__/platform/ext/target/nordic_nrf/common/core/startup.o (SystemInit)
secure_fw/partitions/lib/runtime/libtfm_sprt.a(crt_memset.o)
                              /opt/nordic/ncs/toolchains/20d68df7e5/opt/zephyr-sdk/arm-zephyr-eabi/bin/../lib/gcc/arm-zephyr-eabi/12.2.0/../../../../arm-zephyr-eabi/lib/thumb/v8-m.main/nofp/crt0.o (memset)
secure_fw/partitions/lib/runtime/libtfm_sprt.a(psa_api_ipc.o)
                              secure_fw/CMakeFiles/tfm_s.dir/partitions/ns_agent_tz/psa_api_veneers_v80m.o (psa_framework_version)
secure_fw/partitions/lib/runtime/libtfm_sprt.a(sprt_partition_metadata_indicator.o)
                              secure_fw/partitions/lib/runtime/libtfm_sprt.a(psa_api_ipc.o) (p_partition_metadata)
secure_fw/spm/libtfm_spm.a(utilities.o)
                              secure_fw/CMakeFiles/tfm_s.dir/__/platform/ext/target/nordic_nrf/common/core/startup.o (tfm_core_panic)
secure_fw/spm/libtfm_spm.a(main.o)
                              /opt/nordic/ncs/toolchains/20d68df7e5/opt/zephyr-sdk/arm-zephyr-eabi/bin/../lib/gcc/arm-zephyr-eabi/12.2.0/../../../../arm-zephyr-eabi/lib/thumb/v8-m.main/nofp/crt0.o (main)
secure_fw/spm/libtfm_spm.a(tfm_core_svcalls_ipc.o)
                              secure_fw/spm/libtfm_spm.a(main.o) (tfm_core_handler_mode)
secure_fw/spm/libtfm_spm.a(tfm_arch_v8m_main.o)
                              secure_fw/spm/libtfm_spm.a(main.o) (tfm_arch_set_secure_exception_priorities)
secure_fw/spm/libtfm_spm.a(ns_agent_tz_v80m.o)
                              secure_fw/CMakeFiles/tfm_s.dir/partitions/ns_agent_tz/load_info_ns_agent_tz.o (ns_agent_tz_main)
secure_fw/spm/libtfm_spm.a(tfm_hal_isolation.o)
                              secure_fw/spm/libtfm_spm.a(main.o) (tfm_hal_set_up_static_boundaries)
secure_fw/spm/libtfm_spm.a(faults.o)
                              secure_fw/CMakeFiles/tfm_s.dir/__/platform/ext/target/nordic_nrf/common/core/startup_nrf91.o (SPU_IRQHandler)
secure_fw/spm/libtfm_spm.a(target_cfg.o)
                              secure_fw/spm/libtfm_spm.a(tfm_hal_isolation.o) (sau_and_idau_cfg)
secure_fw/spm/libtfm_spm.a(tfm_boot_data.o)
                              secure_fw/spm/libtfm_spm.a(main.o) (tfm_core_validate_boot_data)
secure_fw/spm/libtfm_spm.a(tfm_arch.o)
                              secure_fw/spm/libtfm_spm.a(tfm_core_svcalls_ipc.o) (tfm_arch_free_msp_and_exc_ret)
secure_fw/spm/libtfm_spm.a(spm_ipc.o)
                              secure_fw/spm/libtfm_spm.a(tfm_boot_data.o) (tfm_spm_partition_get_running_partition_id)
secure_fw/spm/libtfm_spm.a(spm_cross_call.o)
                              secure_fw/spm/libtfm_spm.a(tfm_arch_v8m_main.o) (cross_call_entering_c)
secure_fw/spm/libtfm_spm.a(rom_loader.o)
                              secure_fw/spm/libtfm_spm.a(spm_ipc.o) (load_a_partition_assuredly)
secure_fw/spm/libtfm_spm.a(psa_api.o)
                              secure_fw/spm/libtfm_spm.a(tfm_core_svcalls_ipc.o) (spm_handle_programmer_errors)
secure_fw/spm/libtfm_spm.a(backend_ipc.o)
                              secure_fw/spm/libtfm_spm.a(spm_ipc.o) (backend_init_comp_assuredly)
secure_fw/spm/libtfm_spm.a(tfm_pools.o)
                              secure_fw/spm/libtfm_spm.a(spm_ipc.o) (tfm_pool_init)
secure_fw/spm/libtfm_spm.a(thread.o)
                              secure_fw/spm/libtfm_spm.a(backend_ipc.o) (thrd_set_query_callback)
secure_fw/spm/libtfm_spm.a(tfm_spm_ns_ctx.o)
                              secure_fw/spm/libtfm_spm.a(spm_ipc.o) (tfm_nspm_get_current_client_id)
secure_fw/spm/libtfm_spm.a(tfm_hal_platform_common.o)
                              secure_fw/spm/libtfm_spm.a(tfm_spm_ns_ctx.o) (tfm_hal_get_ns_VTOR)
secure_fw/partitions/crypto/libtfm_psa_rot_partition_crypto.a(crypto_init.o)
                              secure_fw/CMakeFiles/tfm_s.dir/__/generated/secure_fw/partitions/crypto/auto_generated/load_info_tfm_crypto.o (tfm_crypto_init)
secure_fw/partitions/crypto/libtfm_psa_rot_partition_crypto.a(crypto_alloc.o)
                              secure_fw/partitions/crypto/libtfm_psa_rot_partition_crypto.a(crypto_init.o) (tfm_crypto_init_alloc)
secure_fw/partitions/crypto/libtfm_psa_rot_partition_crypto.a(crypto_cipher.o)
                              secure_fw/partitions/crypto/libtfm_psa_rot_partition_crypto.a(crypto_init.o) (tfm_crypto_cipher_interface)
secure_fw/partitions/crypto/libtfm_psa_rot_partition_crypto.a(crypto_hash.o)
                              secure_fw/partitions/crypto/libtfm_psa_rot_partition_crypto.a(crypto_init.o) (tfm_crypto_hash_interface)
secure_fw/partitions/crypto/libtfm_psa_rot_partition_crypto.a(crypto_mac.o)
[...]
Memory Configuration

Name             Origin             Length             Attributes
FLASH            0x000000000000c200 0x000000000000be00 xr
RAM              0x0000000020000000 0x0000000000008000 xrw
*default*        0x0000000000000000 0xffffffffffffffff

Linker script and memory map

LOAD /opt/nordic/ncs/toolchains/20d68df7e5/opt/zephyr-sdk/arm-zephyr-eabi/bin/../lib/gcc/arm-zephyr-eabi/12.2.0/thumb/v8-m.main/nofp/crti.o
LOAD /opt/nordic/ncs/toolchains/20d68df7e5/opt/zephyr-sdk/arm-zephyr-eabi/bin/../lib/gcc/arm-zephyr-eabi/12.2.0/thumb/v8-m.main/nofp/crtbegin.o
LOAD /opt/nordic/ncs/toolchains/20d68df7e5/opt/zephyr-sdk/arm-zephyr-eabi/bin/../lib/gcc/arm-zephyr-eabi/12.2.0/../../../../arm-zephyr-eabi/lib/thumb/v8-m.main/nofp/crt0.o
LOAD secure_fw/CMakeFiles/tfm_s.dir/partitions/ns_agent_tz/psa_api_veneers_v80m.o
LOAD secure_fw/CMakeFiles/tfm_s.dir/__/platform/ext/target/nordic_nrf/common/core/startup.o
LOAD secure_fw/CMakeFiles/tfm_s.dir/__/platform/ext/target/nordic_nrf/common/core/startup_nrf91.o
LOAD secure_fw/CMakeFiles/tfm_s.dir/__/platform/ext/common/faults.o
LOAD secure_fw/CMakeFiles/tfm_s.dir/__/generated/secure_fw/partitions/crypto/auto_generated/load_info_tfm_crypto.o
LOAD secure_fw/CMakeFiles/tfm_s.dir/__/generated/secure_fw/partitions/platform/auto_generated/load_info_tfm_platform.o
LOAD secure_fw/CMakeFiles/tfm_s.dir/partitions/ns_agent_tz/load_info_ns_agent_tz.o
LOAD secure_fw/CMakeFiles/tfm_s.dir/__/platform/ext/common/syscalls_stub.o
LOAD platform/libplatform_s.a
LOAD secure_fw/partitions/lib/runtime/libtfm_sprt.a
LOAD secure_fw/spm/libtfm_spm.a
LOAD secure_fw/partitions/crypto/libtfm_psa_rot_partition_crypto.a
LOAD platform/libplatform_crypto_keys.a
LOAD secure_fw/partitions/crypto/mbedcrypto/nrf_security_src/libcrypto_service_mbedcrypto.a
LOAD secure_fw/partitions/platform/libtfm_psa_rot_partition_platform.a
LOAD platform/libplatform_s.a
LOAD secure_fw/partitions/lib/runtime/libtfm_sprt.a
LOAD secure_fw/spm/libtfm_spm.a
LOAD secure_fw/partitions/crypto/libtfm_psa_rot_partition_crypto.a
LOAD platform/libplatform_crypto_keys.a
LOAD secure_fw/partitions/crypto/mbedcrypto/nrf_security_src/libcrypto_service_mbedcrypto.a
LOAD secure_fw/partitions/platform/libtfm_psa_rot_partition_platform.a
LOAD platform/libplatform_s.a
LOAD secure_fw/partitions/lib/runtime/libtfm_sprt.a
LOAD secure_fw/spm/libtfm_spm.a
LOAD secure_fw/partitions/crypto/libtfm_psa_rot_partition_crypto.a
LOAD platform/libplatform_crypto_keys.a
LOAD secure_fw/partitions/crypto/mbedcrypto/nrf_security_src/libcrypto_service_mbedcrypto.a
LOAD secure_fw/partitions/platform/libtfm_psa_rot_partition_platform.a
LOAD /opt/nordic/ncs/v2.5.1/nrfxlib/crypto/nrf_cc310_platform/lib/cortex-m33/soft-float/no-interrupts/libnrf_cc310_platform_0.9.18.a
LOAD /opt/nordic/ncs/v2.5.1/nrfxlib/crypto/nrf_oberon/lib/cortex-m33/soft-float/liboberon_mbedtls_3.0.13.a
LOAD secure_fw/partitions/crypto/mbedcrypto/nrf_security_src/libmbedcrypto_base.a
LOAD /opt/nordic/ncs/v2.5.1/nrfxlib/crypto/nrf_oberon/lib/cortex-m33/soft-float/liboberon_3.0.13.a
START GROUP
LOAD /opt/nordic/ncs/toolchains/20d68df7e5/opt/zephyr-sdk/arm-zephyr-eabi/bin/../lib/gcc/arm-zephyr-eabi/12.2.0/thumb/v8-m.main/nofp/libgcc.a
LOAD /opt/nordic/ncs/toolchains/20d68df7e5/opt/zephyr-sdk/arm-zephyr-eabi/bin/../lib/gcc/arm-zephyr-eabi/12.2.0/../../../../arm-zephyr-eabi/lib/thumb/v8-m.main/nofp/libc_nano.a
END GROUP
START GROUP
LOAD /opt/nordic/ncs/toolchains/20d68df7e5/opt/zephyr-sdk/arm-zephyr-eabi/bin/../lib/gcc/arm-zephyr-eabi/12.2.0/thumb/v8-m.main/nofp/libgcc.a
LOAD /opt/nordic/ncs/toolchains/20d68df7e5/opt/zephyr-sdk/arm-zephyr-eabi/bin/../lib/gcc/arm-zephyr-eabi/12.2.0/../../../../arm-zephyr-eabi/lib/thumb/v8-m.main/nofp/libc_nano.a
END GROUP
LOAD /opt/nordic/ncs/toolchains/20d68df7e5/opt/zephyr-sdk/arm-zephyr-eabi/bin/../lib/gcc/arm-zephyr-eabi/12.2.0/thumb/v8-m.main/nofp/crtend.o
LOAD /opt/nordic/ncs/toolchains/20d68df7e5/opt/zephyr-sdk/arm-zephyr-eabi/bin/../lib/gcc/arm-zephyr-eabi/12.2.0/thumb/v8-m.main/nofp/crtn.o
                0x0000000000000800                __msp_stack_size__ = 0x800
START GROUP
LOAD /opt/nordic/ncs/toolchains/20d68df7e5/opt/zephyr-sdk/arm-zephyr-eabi/bin/../lib/gcc/arm-zephyr-eabi/12.2.0/thumb/v8-m.main/nofp/libgcc.a
LOAD /opt/nordic/ncs/toolchains/20d68df7e5/opt/zephyr-sdk/arm-zephyr-eabi/bin/../lib/gcc/arm-zephyr-eabi/12.2.0/../../../../arm-zephyr-eabi/lib/thumb/v8-m.main/nofp/libc.a
LOAD /opt/nordic/ncs/toolchains/20d68df7e5/opt/zephyr-sdk/arm-zephyr-eabi/bin/../lib/gcc/arm-zephyr-eabi/12.2.0/../../../../arm-zephyr-eabi/lib/thumb/v8-m.main/nofp/libm.a
LOAD /opt/nordic/ncs/toolchains/20d68df7e5/opt/zephyr-sdk/arm-zephyr-eabi/bin/../lib/gcc/arm-zephyr-eabi/12.2.0/../../../../arm-zephyr-eabi/lib/thumb/v8-m.main/nofp/libnosys.a
LOAD /opt/nordic/ncs/toolchains/20d68df7e5/opt/zephyr-sdk/arm-zephyr-eabi/bin/../lib/gcc/arm-zephyr-eabi/12.2.0/../../../../arm-zephyr-eabi/lib/thumb/v8-m.main/nofp/libc_nano.a
END GROUP

.TFM_VECTORS    0x000000000000c200      0x144
                0x000000000000c200                __vectors_start__ = .
 *(.vectors)
 .vectors       0x000000000000c200      0x144 secure_fw/CMakeFiles/tfm_s.dir/__/platform/ext/target/nordic_nrf/common/core/startup_nrf91.o
                0x000000000000c200                __Vectors
                0x000000000000c344                . = ALIGN (0x4)
                0x000000000000c344                __vectors_end__ = .
                0x0000000000000001                ASSERT ((. <= (ADDR (.TFM_VECTORS) + 0x144)), .TFM_VECTORS section size overflow.)
                0x000000000000c344                . = (ADDR (.TFM_VECTORS) + 0x144)

.copy.table     0x000000000000c344       0x24
                0x000000000000c344                __copy_table_start__ = .
                0x000000000000c344        0x4 LONG 0x17c40 LOADADDR (.TFM_DATA)
                0x000000000000c348        0x4 LONG 0x20001e20 ADDR (.TFM_DATA)
                0x000000000000c34c        0x4 LONG 0x3e (SIZEOF (.TFM_DATA) / 0x4)
                0x000000000000c350        0x4 LONG 0xe860 LOADADDR (.TFM_PSA_ROT_LINKER_DATA)
                0x000000000000c354        0x4 LONG 0x20000c40 ADDR (.TFM_PSA_ROT_LINKER_DATA)
                0x000000000000c358        0x4 LONG 0x0 (SIZEOF (.TFM_PSA_ROT_LINKER_DATA) / 0x4)
                0x000000000000c35c        0x4 LONG 0xe860 LOADADDR (.TFM_APP_ROT_LINKER_DATA)
                0x000000000000c360        0x4 LONG 0x20000c20 ADDR (.TFM_APP_ROT_LINKER_DATA)
                0x000000000000c364        0x4 LONG 0x0 (SIZEOF (.TFM_APP_ROT_LINKER_DATA) / 0x4)
                0x000000000000c368                __copy_table_end__ = .

.zero.table     0x000000000000c368       0x20
                0x000000000000c368                __zero_table_start__ = .
                0x000000000000c368        0x4 LONG 0x20001f20 ADDR (.TFM_BSS)
                0x000000000000c36c        0x4 LONG 0x69c (SIZEOF (.TFM_BSS) / 0x4)
                0x000000000000c370        0x4 LONG 0x20000c40 ADDR (.TFM_PSA_ROT_LINKER_BSS)
                0x000000000000c374        0x4 LONG 0x478 (SIZEOF (.TFM_PSA_ROT_LINKER_BSS) / 0x4)
                0x000000000000c378        0x4 LONG 0x20000c20 ADDR (.TFM_APP_ROT_LINKER_BSS)
                0x000000000000c37c        0x4 LONG 0x8 (SIZEOF (.TFM_APP_ROT_LINKER_BSS) / 0x4)
                0x000000000000c380        0x4 LONG 0x20000c00 ADDR (.TFM_SP_META_PTR)
                0x000000000000c384        0x4 LONG 0x8 (SIZEOF (.TFM_SP_META_PTR) / 0x4)
                0x000000000000c388                __zero_table_end__ = .

.TFM_SP_LOAD_LIST
                0x000000000000c388       0xc4
 *(.part_load_priority_lowest)
 .part_load_priority_lowest
                0x000000000000c388       0x30 secure_fw/CMakeFiles/tfm_s.dir/partitions/ns_agent_tz/load_info_ns_agent_tz.o
                0x000000000000c388                tfm_sp_ns_agent_tz_load
 *(.part_load_priority_low)
 *(.part_load_priority_normal)
 .part_load_priority_normal
                0x000000000000c3b8       0x4c secure_fw/CMakeFiles/tfm_s.dir/__/generated/secure_fw/partitions/crypto/auto_generated/load_info_tfm_crypto.o
                0x000000000000c3b8                tfm_sp_crypto_load
 .part_load_priority_normal
                0x000000000000c404       0x48 secure_fw/CMakeFiles/tfm_s.dir/__/generated/secure_fw/partitions/platform/auto_generated/load_info_tfm_platform.o
                0x000000000000c404                tfm_sp_platform_load
 *(.part_load_priority_high)
                0x000000000000c388                Image$$TFM_SP_LOAD_LIST$$RO$$Base = ADDR (.TFM_SP_LOAD_LIST)
                0x000000000000c44c                Image$$TFM_SP_LOAD_LIST$$RO$$Limit = (ADDR (.TFM_SP_LOAD_LIST) + SIZEOF (.TFM_SP_LOAD_LIST))
                0x000000000000c460                . = ALIGN (0x20)
                0x000000000000c460                Image$$TFM_PSA_CODE_START$$Base = .

.TFM_PSA_ROT_LINKER
                0x000000000000c460      0x4e0
 *tfm_psa_rot_partition*:*(.text*)
 .text.tfm_crypto_clear_scratch
                0x000000000000c460       0x20 secure_fw/partitions/crypto/libtfm_psa_rot_partition_crypto.a(crypto_init.o)
 .text.tfm_crypto_init
                0x000000000000c480       0x1c secure_fw/partitions/crypto/libtfm_psa_rot_partition_crypto.a(crypto_init.o)
                0x000000000000c480                tfm_crypto_init
 .text.tfm_crypto_api_dispatcher
                0x000000000000c49c       0xa4 secure_fw/partitions/crypto/libtfm_psa_rot_partition_crypto.a(crypto_init.o)
                0x000000000000c49c                tfm_crypto_api_dispatcher
 .text.tfm_crypto_sfn
                0x000000000000c540      0x170 secure_fw/partitions/crypto/libtfm_psa_rot_partition_crypto.a(crypto_init.o)
                0x000000000000c540                tfm_crypto_sfn
 .text.tfm_crypto_init_alloc
                0x000000000000c6b0       0x14 secure_fw/partitions/crypto/libtfm_psa_rot_partition_crypto.a(crypto_alloc.o)
                0x000000000000c6b0                tfm_crypto_init_alloc
 .text.tfm_crypto_cipher_interface
                0x000000000000c6c4        0x6 secure_fw/partitions/crypto/libtfm_psa_rot_partition_crypto.a(crypto_cipher.o)
                0x000000000000c6c4                tfm_crypto_cipher_interface
 .text.tfm_crypto_hash_interface
                0x000000000000c6ca        0x6 secure_fw/partitions/crypto/libtfm_psa_rot_partition_crypto.a(crypto_hash.o)
                0x000000000000c6ca                tfm_crypto_hash_interface
 .text.tfm_crypto_mac_interface
                0x000000000000c6d0        0x6 secure_fw/partitions/crypto/libtfm_psa_rot_partition_crypto.a(crypto_mac.o)
                0x000000000000c6d0                tfm_crypto_mac_interface
 .text.tfm_crypto_aead_interface
                0x000000000000c6d6        0x6 secure_fw/partitions/crypto/libtfm_psa_rot_partition_crypto.a(crypto_aead.o)
                0x000000000000c6d6                tfm_crypto_aead_interface
 .text.tfm_crypto_asymmetric_sign_interface
                0x000000000000c6dc        0x6 secure_fw/partitions/crypto/libtfm_psa_rot_partition_crypto.a(crypto_asymmetric.o)
                0x000000000000c6dc                tfm_crypto_asymmetric_sign_interface
 .text.tfm_crypto_asymmetric_encrypt_interface
                0x000000000000c6e2        0x6 secure_fw/partitions/crypto/libtfm_psa_rot_partition_crypto.a(crypto_asymmetric.o)
                0x000000000000c6e2                tfm_crypto_asymmetric_encrypt_interface
 .text.tfm_crypto_key_derivation_interface
                0x000000000000c6e8        0x6 secure_fw/partitions/crypto/libtfm_psa_rot_partition_crypto.a(crypto_key_derivation.o)
                0x000000000000c6e8                tfm_crypto_key_derivation_interface
 .text.tfm_crypto_key_management_interface
                0x000000000000c6ee        0x6 secure_fw/partitions/crypto/libtfm_psa_rot_partition_crypto.a(crypto_key_management.o)
                0x000000000000c6ee                tfm_crypto_key_management_interface
 .text.tfm_crypto_random_interface
                0x000000000000c6f4        0x8 secure_fw/partitions/crypto/libtfm_psa_rot_partition_crypto.a(crypto_rng.o)
                0x000000000000c6f4                tfm_crypto_random_interface
 .text.tfm_crypto_library_key_id_init
                0x000000000000c6fc        0x6 secure_fw/partitions/crypto/libtfm_psa_rot_partition_crypto.a(crypto_library.o)
                0x000000000000c6fc                tfm_crypto_library_key_id_init
 *fill*         0x000000000000c702        0x2 
 .text.tfm_crypto_library_get_info
                0x000000000000c704       0x1c secure_fw/partitions/crypto/libtfm_psa_rot_partition_crypto.a(crypto_library.o)
                0x000000000000c704                tfm_crypto_library_get_info
 .text.tfm_crypto_core_library_init
                0x000000000000c720       0x14 secure_fw/partitions/crypto/libtfm_psa_rot_partition_crypto.a(crypto_library.o)
                0x000000000000c720                tfm_crypto_core_library_init
 .text.tfm_platform_service_sfn
                0x000000000000c734      0x114 secure_fw/partitions/platform/libtfm_psa_rot_partition_platform.a(platform_sp.o)
                0x000000000000c734                tfm_platform_service_sfn
 .text.platform_sp_init
                0x000000000000c848        0x4 secure_fw/partitions/platform/libtfm_psa_rot_partition_platform.a(platform_sp.o)
                0x000000000000c848                platform_sp_init
 .text.tfm_builtin_key_loader_init
                0x000000000000c84c       0xe0 secure_fw/partitions/crypto/libtfm_psa_rot_partition_crypto.a(tfm_builtin_key_loader.o)
                0x000000000000c84c                tfm_builtin_key_loader_init
 *tfm_psa_rot_partition*:*(.rodata*)
 .rodata.tfm_crypto_library_get_info.str1.1
                0x000000000000c92c        0xf secure_fw/partitions/crypto/libtfm_psa_rot_partition_crypto.a(crypto_library.o)
 *(TFM_*_PSA-ROT_ATTR_FN)
                0x000000000000c940                . = ALIGN (0x20)
 *fill*         0x000000000000c93b        0x5 
                0x000000000000c460                Image$$TFM_PSA_ROT_LINKER$$RO$$Base = ADDR (.TFM_PSA_ROT_LINKER)
                0x000000000000c940                Image$$TFM_PSA_ROT_LINKER$$RO$$Limit = (ADDR (.TFM_PSA_ROT_LINKER) + SIZEOF (.TFM_PSA_ROT_LINKER))
                0x000000000000c460                Image$$TFM_PSA_ROT_LINKER$$Base = ADDR (.TFM_PSA_ROT_LINKER)
                0x000000000000c940                Image$$TFM_PSA_ROT_LINKER$$Limit = (ADDR (.TFM_PSA_ROT_LINKER) + SIZEOF (.TFM_PSA_ROT_LINKER))
                0x000000000000c940                Image$$TFM_PSA_CODE_END$$Base = .
                0x000000000000c940                Image$$TFM_APP_CODE_START$$Base = .

.TFM_APP_ROT_LINKER
                0x000000000000c940        0x0
 *tfm_app_rot_partition*:*(.text*)
 *tfm_app_rot_partition*:*(.rodata*)
 *(TFM_*_APP-ROT_ATTR_FN)
                0x000000000000c940                . = ALIGN (0x20)
                0x000000000000c940                Image$$TFM_APP_ROT_LINKER$$RO$$Base = ADDR (.TFM_APP_ROT_LINKER)
                0x000000000000c940                Image$$TFM_APP_ROT_LINKER$$RO$$Limit = (ADDR (.TFM_APP_ROT_LINKER) + SIZEOF (.TFM_APP_ROT_LINKER))
                0x000000000000c940                Image$$TFM_APP_ROT_LINKER$$Base = ADDR (.TFM_APP_ROT_LINKER)
                0x000000000000c940                Image$$TFM_APP_ROT_LINKER$$Limit = (ADDR (.TFM_APP_ROT_LINKER) + SIZEOF (.TFM_APP_ROT_LINKER))
                0x000000000000c940                Image$$TFM_APP_CODE_END$$Base = .

.ARM.extab
 *(.ARM.extab* .gnu.linkonce.armextab.*)
                0x000000000000c940                __exidx_start = .

.ARM.exidx      0x000000000000c940        0x8
 *(.ARM.exidx* .gnu.linkonce.armexidx.*)
 .ARM.exidx     0x000000000000c940        0x8 /opt/nordic/ncs/toolchains/20d68df7e5/opt/zephyr-sdk/arm-zephyr-eabi/bin/../lib/gcc/arm-zephyr-eabi/12.2.0/../../../../arm-zephyr-eabi/lib/thumb/v8-m.main/nofp/crt0.o
                                         0x10 (size before relaxing)
                0x000000000000c948                __exidx_end = .

.ER_TFM_CODE    0x000000000000c948     0x1f0c
 *startup*(.text*)
 .text.default_irq_handler
                0x000000000000c948        0x4 secure_fw/CMakeFiles/tfm_s.dir/__/platform/ext/target/nordic_nrf/common/core/startup.o
                0x000000000000c948                default_irq_handler
 *fill*         0x000000000000c94c        0x4 
 .text.Reset_Handler
                0x000000000000c950       0xd4 secure_fw/CMakeFiles/tfm_s.dir/__/platform/ext/target/nordic_nrf/common/core/startup.o
                0x000000000000c950                Reset_Handler
 .text.default_tfm_IRQHandler
                0x000000000000ca24        0x6 secure_fw/CMakeFiles/tfm_s.dir/__/platform/ext/target/nordic_nrf/common/core/startup_nrf91.o
                0x000000000000ca24                CLOCK_POWER_IRQHandler
                0x000000000000ca24                DebugMon_Handler
                0x000000000000ca24                RTC0_IRQHandler
                0x000000000000ca24                SysTick_Handler
                0x000000000000ca24                PWM1_IRQHandler
                0x000000000000ca24                NMI_Handler
                0x000000000000ca24                PDM_IRQHandler
                0x000000000000ca24                default_tfm_IRQHandler
                0x000000000000ca24                IPC_IRQHandler
                0x000000000000ca24                PWM3_IRQHandler
                0x000000000000ca24                FPU_IRQHandler
                0x000000000000ca24                EGU3_IRQHandler
                0x000000000000ca24                KMU_IRQHandler
                0x000000000000ca24                CRYPTOCELL_IRQHandler
                0x000000000000ca24                I2S_IRQHandler
                0x000000000000ca24                EGU2_IRQHandler
                0x000000000000ca24                TIMER0_IRQHandler
                0x000000000000ca24                EGU4_IRQHandler
                0x000000000000ca24                EGU0_IRQHandler
                0x000000000000ca24                GPIOTE1_IRQHandler
                0x000000000000ca24                TIMER1_IRQHandler
                0x000000000000ca24                PWM2_IRQHandler
                0x000000000000ca24                EGU1_IRQHandler
                0x000000000000ca24                EGU5_IRQHandler
                0x000000000000ca24                UARTE3_SPIM3_SPIS3_TWIM3_TWIS3_IRQHandler
                0x000000000000ca24                SAADC_IRQHandler
                0x000000000000ca24                GPIOTE0_IRQHandler
                0x000000000000ca24                WDT_IRQHandler
                0x000000000000ca24                SPIM0_SPIS0_TWIM0_TWIS0_UARTE0_IRQHandler
                0x000000000000ca24                SPIM2_SPIS2_TWIM2_TWIS2_UARTE2_IRQHandler
                0x000000000000ca24                PWM0_IRQHandler
                0x000000000000ca24                RTC1_IRQHandler
                0x000000000000ca24                SPIM1_SPIS1_TWIM1_TWIS1_UARTE1_IRQHandler
                0x000000000000ca24                TIMER2_IRQHandler
 *libplatform_s*:*(.text*)
 *fill*         0x000000000000ca2a        0x2 
 .text.hw_init_reset_on_boot
                0x000000000000ca2c       0xd0 platform/libplatform_s.a(hw_init.o)
                0x000000000000ca2c                hw_init_reset_on_boot
 .text.nrf91_errata_6
                0x000000000000cafc       0x1e platform/libplatform_s.a(system_nrf91.o)
 .text.nrf91_errata_14
                0x000000000000cb1a       0x24 platform/libplatform_s.a(system_nrf91.o)
 *fill*         0x000000000000cb3e        0x2 
 .text.uicr_HFXOCNT_erased
                0x000000000000cb40       0x40 platform/libplatform_s.a(system_nrf91.o)
 .text.uicr_HFXOSRC_erased
                0x000000000000cb80       0x3c platform/libplatform_s.a(system_nrf91.o)
 .text.SystemInit
                0x000000000000cbbc      0x17c platform/libplatform_s.a(system_nrf91.o)
                0x000000000000cbbc                SystemInit
 .text.mpu_armv8m_enable
                0x000000000000cd38       0x34 platform/libplatform_s.a(mpu_armv8m_drv.o)
                0x000000000000cd38                mpu_armv8m_enable
 .text.mpu_armv8m_region_enable
                0x000000000000cd6c       0x6a platform/libplatform_s.a(mpu_armv8m_drv.o)
                0x000000000000cd6c                mpu_armv8m_region_enable
 .text.mpu_armv8m_region_disable
                0x000000000000cdd6       0x14 platform/libplatform_s.a(mpu_armv8m_drv.o)
                0x000000000000cdd6                mpu_armv8m_region_disable
 .text.mpu_armv8m_clean
                0x000000000000cdea       0x22 platform/libplatform_s.a(mpu_armv8m_drv.o)
                0x000000000000cdea                mpu_armv8m_clean
 .text.spu_enable_interrupts
                0x000000000000ce0c       0x10 platform/libplatform_s.a(spu.o)
                0x000000000000ce0c                spu_enable_interrupts
 .text.spu_clear_events
                0x000000000000ce1c       0x24 platform/libplatform_s.a(spu.o)
                0x000000000000ce1c                spu_clear_events
 .text.spu_regions_reset_unlocked_secure
                0x000000000000ce40       0x3c platform/libplatform_s.a(spu.o)
                0x000000000000ce40                spu_regions_reset_unlocked_secure
 .text.spu_regions_flash_config
                0x000000000000ce7c       0x2c platform/libplatform_s.a(spu.o)
                0x000000000000ce7c                spu_regions_flash_config
 .text.spu_regions_sram_config
                0x000000000000cea8       0x34 platform/libplatform_s.a(spu.o)
                0x000000000000cea8                spu_regions_sram_config
 .text.spu_regions_flash_config_non_secure_callable
                0x000000000000cedc       0x30 platform/libplatform_s.a(spu.o)
                0x000000000000cedc                spu_regions_flash_config_non_secure_callable
 .text.spu_regions_flash_get_base_address_in_region
                0x000000000000cf0c        0x4 platform/libplatform_s.a(spu.o)
                0x000000000000cf0c                spu_regions_flash_get_base_address_in_region
 .text.spu_regions_flash_get_last_address_in_region
                0x000000000000cf10        0xa platform/libplatform_s.a(spu.o)
                0x000000000000cf10                spu_regions_flash_get_last_address_in_region
 .text.spu_regions_flash_get_start_id
                0x000000000000cf1a        0x4 platform/libplatform_s.a(spu.o)
                0x000000000000cf1a                spu_regions_flash_get_start_id
 .text.spu_regions_flash_get_last_id
                0x000000000000cf1e        0x4 platform/libplatform_s.a(spu.o)
                0x000000000000cf1e                spu_regions_flash_get_last_id
 .text.spu_regions_flash_get_region_size
                0x000000000000cf22        0x6 platform/libplatform_s.a(spu.o)
                0x000000000000cf22                spu_regions_flash_get_region_size
 .text.spu_regions_sram_get_base_address_in_region
                0x000000000000cf28        0xa platform/libplatform_s.a(spu.o)
                0x000000000000cf28                spu_regions_sram_get_base_address_in_region
 *fill*         0x000000000000cf32        0x2 
 .text.spu_regions_sram_get_last_address_in_region
                0x000000000000cf34        0xc platform/libplatform_s.a(spu.o)
                0x000000000000cf34                spu_regions_sram_get_last_address_in_region
 .text.spu_regions_sram_get_start_id
                0x000000000000cf40        0x4 platform/libplatform_s.a(spu.o)
                0x000000000000cf40                spu_regions_sram_get_start_id
 .text.spu_regions_sram_get_last_id
                0x000000000000cf44        0x4 platform/libplatform_s.a(spu.o)
                0x000000000000cf44                spu_regions_sram_get_last_id
 .text.spu_regions_sram_get_region_size
                0x000000000000cf48        0x6 platform/libplatform_s.a(spu.o)
                0x000000000000cf48                spu_regions_sram_get_region_size
 *fill*         0x000000000000cf4e        0x2 
 .text.spu_peripheral_config_non_secure
                0x000000000000cf50       0x18 platform/libplatform_s.a(spu.o)
                0x000000000000cf50                spu_peripheral_config_non_secure
 .text.tfm_hal_platform_init
                0x000000000000cf68       0x30 platform/libplatform_s.a(tfm_hal_platform.o)
                0x000000000000cf68                tfm_hal_platform_init
 .text.tfm_plat_otp_init
                0x000000000000cf98        0x4 platform/libplatform_s.a(dummy_otp.o)
                0x000000000000cf98                tfm_plat_otp_init
 .text.tfm_plat_provisioning_is_required
                0x000000000000cf9c        0x4 platform/libplatform_s.a(dummy_provisioning.o)
                0x000000000000cf9c                tfm_plat_provisioning_is_required
 .text.tfm_plat_provisioning_perform
                0x000000000000cfa0        0x4 platform/libplatform_s.a(dummy_provisioning.o)
                0x000000000000cfa0                tfm_plat_provisioning_perform
 .text.tfm_plat_provisioning_check_for_dummy_keys
                0x000000000000cfa4        0x2 platform/libplatform_s.a(dummy_provisioning.o)
                0x000000000000cfa4                tfm_plat_provisioning_check_for_dummy_keys
 *fill*         0x000000000000cfa6        0x2 
 .text.tfm_platform_hal_system_reset
                0x000000000000cfa8       0x24 platform/libplatform_s.a(tfm_platform_system.o)
                0x000000000000cfa8                tfm_platform_hal_system_reset
 .text.tfm_platform_hal_fw_info_service
                0x000000000000cfcc       0x98 platform/libplatform_s.a(tfm_platform_system.o)
                0x000000000000cfcc                tfm_platform_hal_fw_info_service
 .text.tfm_platform_hal_ioctl
                0x000000000000d064       0x18 platform/libplatform_s.a(tfm_platform_system.o)
                0x000000000000d064                tfm_platform_hal_ioctl
 .text.tfm_hal_system_reset
                0x000000000000d07c       0x24 platform/libplatform_s.a(tfm_hal_reset_halt.o)
                0x000000000000d07c                tfm_hal_system_reset
 .text.tfm_platform_hal_read_service
                0x000000000000d0a0       0x60 platform/libplatform_s.a(tfm_platform_hal_ioctl.o)
                0x000000000000d0a0                tfm_platform_hal_read_service
 *libtfm_spm*:*(.text*)
 .text.tfm_core_panic
                0x000000000000d100        0x4 secure_fw/spm/libtfm_spm.a(utilities.o)
                0x000000000000d100                tfm_core_panic
 .text.startup.main
                0x000000000000d104       0x50 secure_fw/spm/libtfm_spm.a(main.o)
                0x000000000000d104                main
 .text.tfm_core_svc_handler
                0x000000000000d154       0x70 secure_fw/spm/libtfm_spm.a(tfm_core_svcalls_ipc.o)
                0x000000000000d154                tfm_core_svc_handler
 .text.tfm_core_handler_mode
                0x000000000000d1c4        0x4 secure_fw/spm/libtfm_spm.a(tfm_core_svcalls_ipc.o)
                0x000000000000d1c4                tfm_core_handler_mode
 .text.arch_non_preempt_call
                0x000000000000d1c8       0x64 secure_fw/spm/libtfm_spm.a(tfm_arch_v8m_main.o)
                0x000000000000d1c8                arch_non_preempt_call
 .text.PendSV_Handler
                0x000000000000d22c       0x52 secure_fw/spm/libtfm_spm.a(tfm_arch_v8m_main.o)
                0x000000000000d22c                PendSV_Handler
 *fill*         0x000000000000d27e        0x2 
 .text.SVC_Handler
                0x000000000000d280       0x68 secure_fw/spm/libtfm_spm.a(tfm_arch_v8m_main.o)
                0x000000000000d280                SVC_Handler
 .text.tfm_arch_set_secure_exception_priorities
                0x000000000000d2e8       0x28 secure_fw/spm/libtfm_spm.a(tfm_arch_v8m_main.o)
                0x000000000000d2e8                tfm_arch_set_secure_exception_priorities
 .text.tfm_arch_config_extensions
                0x000000000000d310        0x2 secure_fw/spm/libtfm_spm.a(tfm_arch_v8m_main.o)
                0x000000000000d310                tfm_arch_config_extensions
 *fill*         0x000000000000d312        0x2 
 .text.ns_agent_tz_main
                0x000000000000d314       0x30 secure_fw/spm/libtfm_spm.a(ns_agent_tz_v80m.o)
                0x000000000000d314                ns_agent_tz_main
 .text.tfm_hal_bind_boundary
                0x000000000000d344       0x46 secure_fw/spm/libtfm_spm.a(tfm_hal_isolation.o)
                0x000000000000d344                tfm_hal_bind_boundary
 .text.tfm_hal_activate_boundary
                0x000000000000d38a       0x1c secure_fw/spm/libtfm_spm.a(tfm_hal_isolation.o)
                0x000000000000d38a                tfm_hal_activate_boundary
 .text.tfm_hal_memory_check
                0x000000000000d3a6      0x126 secure_fw/spm/libtfm_spm.a(tfm_hal_isolation.o)
                0x000000000000d3a6                tfm_hal_memory_check
 .text.mpu_init_cfg
                0x000000000000d4cc      0x11c secure_fw/spm/libtfm_spm.a(tfm_hal_isolation.o)
                0x000000000000d4cc                mpu_init_cfg
 .text.tfm_hal_set_up_static_boundaries
                0x000000000000d5e8       0x2a secure_fw/spm/libtfm_spm.a(tfm_hal_isolation.o)
                0x000000000000d5e8                tfm_hal_set_up_static_boundaries
 .text.tfm_hal_boundary_need_switch
                0x000000000000d612       0x1a secure_fw/spm/libtfm_spm.a(tfm_hal_isolation.o)
                0x000000000000d612                tfm_hal_boundary_need_switch
 .text.SPU_Handler
                0x000000000000d62c       0x2c secure_fw/spm/libtfm_spm.a(faults.o)
                0x000000000000d62c                SPU_Handler
 .text.SPU_IRQHandler
                0x000000000000d658        0x6 secure_fw/spm/libtfm_spm.a(faults.o)
                0x000000000000d658                SPU_IRQHandler
 *fill*         0x000000000000d65e        0x2 
 .text.enable_fault_handlers
                0x000000000000d660       0x14 secure_fw/spm/libtfm_spm.a(target_cfg.o)
                0x000000000000d660                enable_fault_handlers
 .text.system_reset_cfg
                0x000000000000d674       0x18 secure_fw/spm/libtfm_spm.a(target_cfg.o)
                0x000000000000d674                system_reset_cfg
 .text.init_debug
                0x000000000000d68c        0x4 secure_fw/spm/libtfm_spm.a(target_cfg.o)
                0x000000000000d68c                init_debug
 .text.nvic_interrupt_target_state_cfg
                0x000000000000d690       0x30 secure_fw/spm/libtfm_spm.a(target_cfg.o)
                0x000000000000d690                nvic_interrupt_target_state_cfg
 .text.nvic_interrupt_enable
                0x000000000000d6c0       0x18 secure_fw/spm/libtfm_spm.a(target_cfg.o)
                0x000000000000d6c0                nvic_interrupt_enable
 .text.sau_and_idau_cfg
                0x000000000000d6d8       0x20 secure_fw/spm/libtfm_spm.a(target_cfg.o)
                0x000000000000d6d8                sau_and_idau_cfg
 .text.spu_init_cfg
                0x000000000000d6f8       0x6c secure_fw/spm/libtfm_spm.a(target_cfg.o)
                0x000000000000d6f8                spu_init_cfg
 .text.spu_periph_init_cfg
                0x000000000000d764      0x198 secure_fw/spm/libtfm_spm.a(target_cfg.o)
                0x000000000000d764                spu_periph_init_cfg
 .text.tfm_core_validate_boot_data
                0x000000000000d8fc        0xc secure_fw/spm/libtfm_spm.a(tfm_boot_data.o)
                0x000000000000d8fc                tfm_core_validate_boot_data
 .text.tfm_core_get_boot_data_handler
                0x000000000000d908       0x34 secure_fw/spm/libtfm_spm.a(tfm_boot_data.o)
                0x000000000000d908                tfm_core_get_boot_data_handler
 .text.tfm_arch_free_msp_and_exc_ret
                0x000000000000d93c        0x8 secure_fw/spm/libtfm_spm.a(tfm_arch.o)
                0x000000000000d93c                tfm_arch_free_msp_and_exc_ret
 .text.tfm_arch_set_context_ret_code
                0x000000000000d944       0x14 secure_fw/spm/libtfm_spm.a(tfm_arch.o)
                0x000000000000d944                tfm_arch_set_context_ret_code
 .text.tfm_arch_trigger_pendsv
                0x000000000000d958       0x18 secure_fw/spm/libtfm_spm.a(tfm_arch.o)
                0x000000000000d958                tfm_arch_trigger_pendsv
 .text.tfm_arch_init_context
                0x000000000000d970       0x54 secure_fw/spm/libtfm_spm.a(tfm_arch.o)
                0x000000000000d970                tfm_arch_init_context
 .text.tfm_arch_refresh_hardware_context
                0x000000000000d9c4       0x12 secure_fw/spm/libtfm_spm.a(tfm_arch.o)
                0x000000000000d9c4                tfm_arch_refresh_hardware_context
 *fill*         0x000000000000d9d6        0x2 
 .text.connection_to_handle
                0x000000000000d9d8       0x20 secure_fw/spm/libtfm_spm.a(spm_ipc.o)
                0x000000000000d9d8                connection_to_handle
 .text.handle_to_connection
                0x000000000000d9f8       0x10 secure_fw/spm/libtfm_spm.a(spm_ipc.o)
                0x000000000000d9f8                handle_to_connection
 .text.spm_allocate_connection
                0x000000000000da08       0x20 secure_fw/spm/libtfm_spm.a(spm_ipc.o)
                0x000000000000da08                spm_allocate_connection
 .text.spm_validate_connection
                0x000000000000da28       0x1c secure_fw/spm/libtfm_spm.a(spm_ipc.o)
                0x000000000000da28                spm_validate_connection
 .text.spm_free_connection
                0x000000000000da44       0x1c secure_fw/spm/libtfm_spm.a(spm_ipc.o)
                0x000000000000da44                spm_free_connection
 .text.spm_get_handle_by_signal
                0x000000000000da60       0x46 secure_fw/spm/libtfm_spm.a(spm_ipc.o)
                0x000000000000da60                spm_get_handle_by_signal
 *fill*         0x000000000000daa6        0x2 
 .text.tfm_spm_get_service_by_sid
                0x000000000000daa8       0x2c secure_fw/spm/libtfm_spm.a(spm_ipc.o)
                0x000000000000daa8                tfm_spm_get_service_by_sid
 .text.tfm_spm_check_client_version
                0x000000000000dad4       0x24 secure_fw/spm/libtfm_spm.a(spm_ipc.o)
                0x000000000000dad4                tfm_spm_check_client_version
 .text.tfm_spm_check_authorization
                0x000000000000daf8       0x48 secure_fw/spm/libtfm_spm.a(spm_ipc.o)
                0x000000000000daf8                tfm_spm_check_authorization
 .text.spm_fill_message
                0x000000000000db40       0x30 secure_fw/spm/libtfm_spm.a(spm_ipc.o)
                0x000000000000db40                spm_fill_message
 .text.tfm_spm_partition_get_running_partition_id
                0x000000000000db70       0x20 secure_fw/spm/libtfm_spm.a(spm_ipc.o)
                0x000000000000db70                tfm_spm_partition_get_running_partition_id
 .text.spm_msg_handle_to_connection
                0x000000000000db90       0x28 secure_fw/spm/libtfm_spm.a(spm_ipc.o)
                0x000000000000db90                spm_msg_handle_to_connection
 .text.tfm_spm_is_ns_caller
                0x000000000000dbb8       0x20 secure_fw/spm/libtfm_spm.a(spm_ipc.o)
                0x000000000000dbb8                tfm_spm_is_ns_caller
 .text.tfm_spm_get_client_id
                0x000000000000dbd8       0x20 secure_fw/spm/libtfm_spm.a(spm_ipc.o)
                0x000000000000dbd8                tfm_spm_get_client_id
 .text.tfm_spm_init
                0x000000000000dbf8       0x74 secure_fw/spm/libtfm_spm.a(spm_ipc.o)
                0x000000000000dbf8                tfm_spm_init
 .text.update_caller_outvec_len
                0x000000000000dc6c       0x24 secure_fw/spm/libtfm_spm.a(spm_ipc.o)
                0x000000000000dc6c                update_caller_outvec_len
 .text.cross_call_entering_c
                0x000000000000dc90       0x2c secure_fw/spm/libtfm_spm.a(spm_cross_call.o)
                0x000000000000dc90                cross_call_entering_c
 .text.cross_call_exiting_c
                0x000000000000dcbc       0x30 secure_fw/spm/libtfm_spm.a(spm_cross_call.o)
                0x000000000000dcbc                cross_call_exiting_c
 .text.spm_interface_cross_dispatcher
                0x000000000000dcec       0x3c secure_fw/spm/libtfm_spm.a(spm_cross_call.o)
                0x000000000000dcec                spm_interface_cross_dispatcher
 .text.load_a_partition_assuredly
                0x000000000000dd28       0xd0 secure_fw/spm/libtfm_spm.a(rom_loader.o)
                0x000000000000dd28                load_a_partition_assuredly
 .text.load_services_assuredly
                0x000000000000ddf8       0xc4 secure_fw/spm/libtfm_spm.a(rom_loader.o)
                0x000000000000ddf8                load_services_assuredly
 .text.load_irqs_assuredly
                0x000000000000debc        0x2 secure_fw/spm/libtfm_spm.a(rom_loader.o)
                0x000000000000debc                load_irqs_assuredly
 .text.spm_handle_programmer_errors
                0x000000000000debe       0x18 secure_fw/spm/libtfm_spm.a(psa_api.o)
                0x000000000000debe                spm_handle_programmer_errors
 .text.tfm_spm_get_lifecycle_state
                0x000000000000ded6        0x4 secure_fw/spm/libtfm_spm.a(psa_api.o)
                0x000000000000ded6                tfm_spm_get_lifecycle_state
 *fill*         0x000000000000deda        0x2 
 .text.tfm_spm_partition_psa_wait
                0x000000000000dedc       0x38 secure_fw/spm/libtfm_spm.a(psa_api.o)
                0x000000000000dedc                tfm_spm_partition_psa_wait
 .text.tfm_spm_partition_psa_get
                0x000000000000df14       0x64 secure_fw/spm/libtfm_spm.a(psa_api.o)
                0x000000000000df14                tfm_spm_partition_psa_get
 .text.tfm_spm_partition_psa_reply
                0x000000000000df78       0x9a secure_fw/spm/libtfm_spm.a(psa_api.o)
                0x000000000000df78                tfm_spm_partition_psa_reply
 .text.tfm_spm_partition_psa_panic
                0x000000000000e012        0x4 secure_fw/spm/libtfm_spm.a(psa_api.o)
                0x000000000000e012                tfm_spm_partition_psa_panic
 .text.query_state
                0x000000000000e016       0x40 secure_fw/spm/libtfm_spm.a(backend_ipc.o)
 *fill*         0x000000000000e056        0x2 
 .text.backend_init_comp_assuredly
                0x000000000000e058       0xe0 secure_fw/spm/libtfm_spm.a(backend_ipc.o)
                0x000000000000e058                backend_init_comp_assuredly
 .text.backend_system_run
                0x000000000000e138       0x44 secure_fw/spm/libtfm_spm.a(backend_ipc.o)
                0x000000000000e138                backend_system_run
 .text.backend_wait_signals
                0x000000000000e17c       0x20 secure_fw/spm/libtfm_spm.a(backend_ipc.o)
                0x000000000000e17c                backend_wait_signals
 .text.backend_assert_signal
                0x000000000000e19c       0x20 secure_fw/spm/libtfm_spm.a(backend_ipc.o)
                0x000000000000e19c                backend_assert_signal
 .text.backend_messaging
                0x000000000000e1bc       0x32 secure_fw/spm/libtfm_spm.a(backend_ipc.o)
                0x000000000000e1bc                backend_messaging
 .text.backend_replying
                0x000000000000e1ee       0x10 secure_fw/spm/libtfm_spm.a(backend_ipc.o)
                0x000000000000e1ee                backend_replying
 *fill*         0x000000000000e1fe        0x2 
 .text.ipc_schedule
                0x000000000000e200       0x80 secure_fw/spm/libtfm_spm.a(backend_ipc.o)
                0x000000000000e200                ipc_schedule
 .text.tfm_pool_init
                0x000000000000e280       0x5c secure_fw/spm/libtfm_spm.a(tfm_pools.o)
                0x000000000000e280                tfm_pool_init
 .text.tfm_pool_alloc
                0x000000000000e2dc       0x16 secure_fw/spm/libtfm_spm.a(tfm_pools.o)
                0x000000000000e2dc                tfm_pool_alloc
 .text.tfm_pool_free
                0x000000000000e2f2        0xc secure_fw/spm/libtfm_spm.a(tfm_pools.o)
                0x000000000000e2f2                tfm_pool_free
 .text.is_valid_chunk_data_in_pool
                0x000000000000e2fe       0x28 secure_fw/spm/libtfm_spm.a(tfm_pools.o)
                0x000000000000e2fe                is_valid_chunk_data_in_pool
 *fill*         0x000000000000e326        0x2 
 .text.thrd_set_query_callback
                0x000000000000e328        0xc secure_fw/spm/libtfm_spm.a(thread.o)
                0x000000000000e328                thrd_set_query_callback
 .text.thrd_next
                0x000000000000e334       0x40 secure_fw/spm/libtfm_spm.a(thread.o)
                0x000000000000e334                thrd_next
 .text.thrd_set_state
                0x000000000000e374       0x28 secure_fw/spm/libtfm_spm.a(thread.o)
                0x000000000000e374                thrd_set_state
 .text.thrd_start
                0x000000000000e39c       0x44 secure_fw/spm/libtfm_spm.a(thread.o)
                0x000000000000e39c                thrd_start
 .text.thrd_start_scheduler
                0x000000000000e3e0       0x1c secure_fw/spm/libtfm_spm.a(thread.o)
                0x000000000000e3e0                thrd_start_scheduler
 .text.tfm_nspm_get_current_client_id
                0x000000000000e3fc        0x6 secure_fw/spm/libtfm_spm.a(tfm_spm_ns_ctx.o)
                0x000000000000e3fc                tfm_nspm_get_current_client_id
 *fill*         0x000000000000e402        0x2 
 .text.tfm_nspm_ctx_init
                0x000000000000e404       0x18 secure_fw/spm/libtfm_spm.a(tfm_spm_ns_ctx.o)
                0x000000000000e404                tfm_nspm_ctx_init
 .text.tfm_hal_platform_common_init
                0x000000000000e41c       0x32 secure_fw/spm/libtfm_spm.a(tfm_hal_platform_common.o)
                0x000000000000e41c                tfm_hal_platform_common_init
 *fill*         0x000000000000e44e        0x2 
 .text.tfm_hal_get_ns_VTOR
                0x000000000000e450        0xc secure_fw/spm/libtfm_spm.a(tfm_hal_platform_common.o)
                0x000000000000e450                tfm_hal_get_ns_VTOR
 .text.tfm_hal_get_ns_MSP
                0x000000000000e45c        0xc secure_fw/spm/libtfm_spm.a(tfm_hal_platform_common.o)
                0x000000000000e45c                tfm_hal_get_ns_MSP
 .text.tfm_hal_get_ns_entry_point
                0x000000000000e468        0xc secure_fw/spm/libtfm_spm.a(tfm_hal_platform_common.o)
                0x000000000000e468                tfm_hal_get_ns_entry_point
 .text.tfm_spm_client_psa_call
                0x000000000000e474      0x200 secure_fw/spm/libtfm_spm.a(psa_call_api.o)
                0x000000000000e474                tfm_spm_client_psa_call
 .text.tfm_spm_client_psa_framework_version
                0x000000000000e674        0x6 secure_fw/spm/libtfm_spm.a(psa_version_api.o)
                0x000000000000e674                tfm_spm_client_psa_framework_version
 .text.tfm_spm_client_psa_version
                0x000000000000e67a       0x2c secure_fw/spm/libtfm_spm.a(psa_version_api.o)
                0x000000000000e67a                tfm_spm_client_psa_version
 *fill*         0x000000000000e6a6        0x2 
 .text.tfm_spm_partition_psa_read
                0x000000000000e6a8       0x7c secure_fw/spm/libtfm_spm.a(psa_read_write_skip_api.o)
                0x000000000000e6a8                tfm_spm_partition_psa_read
 .text.tfm_spm_partition_psa_skip
                0x000000000000e724       0x46 secure_fw/spm/libtfm_spm.a(psa_read_write_skip_api.o)
                0x000000000000e724                tfm_spm_partition_psa_skip
 *fill*         0x000000000000e76a        0x2 
 .text.tfm_spm_partition_psa_write
                0x000000000000e76c       0x78 secure_fw/spm/libtfm_spm.a(psa_read_write_skip_api.o)
                0x000000000000e76c                tfm_spm_partition_psa_write
 *libplatform_s*:*(.rodata*)
 .rodata.fw_info_allowed_offsets
                0x000000000000e7e4       0x14 platform/libplatform_s.a(tfm_platform_system.o)
 .rodata        0x000000000000e7f8        0xc platform/libplatform_s.a(tfm_platform_system.o)
 .rodata.ranges
                0x000000000000e804       0x20 platform/libplatform_s.a(tfm_platform_hal_ioctl.o)
 *libtfm_spm*:*(.rodata*)
 .rodata.memory_regions
                0x000000000000e824       0x24 secure_fw/spm/libtfm_spm.a(target_cfg.o)
                0x000000000000e824                memory_regions
 .rodata.serv_pool_ea
                0x000000000000e848        0x4 secure_fw/spm/libtfm_spm.a(rom_loader.o)
 .rodata.part_pool_ea
                0x000000000000e84c        0x4 secure_fw/spm/libtfm_spm.a(rom_loader.o)
 .rodata.ldinf_ea
                0x000000000000e850        0x4 secure_fw/spm/libtfm_spm.a(rom_loader.o)

.tfm_secure_data_start
                0x0000000020000000        0x0
                0x0000000020000000                . = ABSOLUTE (0x20000000)

.tfm_bl2_shared_data
                0x0000000020000000      0x400
                0x0000000020000400                . = (. + 0x400)
 *fill*         0x0000000020000000      0x400 

.msp_stack      0x0000000020000400      0x7f8
                0x0000000020000bf8                . = (. + (__msp_stack_size__ - 0x8))
 *fill*         0x0000000020000400      0x7f8 
                0x0000000020000400                Image$$ARM_LIB_STACK$$ZI$$Base = ADDR (.msp_stack)
                0x0000000020000bf8                Image$$ARM_LIB_STACK$$ZI$$Limit = (ADDR (.msp_stack) + SIZEOF (.msp_stack))

.msp_stack_seal_res
                0x0000000020000bf8        0x8
                0x0000000020000c00                . = (. + 0x8)
 *fill*         0x0000000020000bf8        0x8 
                0x0000000020000bf8                __StackSeal = ADDR (.msp_stack_seal_res)

.TFM_SP_META_PTR
                0x0000000020000c00       0x20
 *(.bss.SP_META_PTR_SPRTL_INST)
 .bss.SP_META_PTR_SPRTL_INST
                0x0000000020000c00        0x4 secure_fw/partitions/lib/runtime/libtfm_sprt.a(sprt_partition_metadata_indicator.o)
                0x0000000020000c00                p_partition_metadata
                0x0000000020000c20                . = ALIGN (0x20)
 *fill*         0x0000000020000c04       0x1c 
                0x0000000020000c00                Image$$TFM_SP_META_PTR$$ZI$$Base = ADDR (.TFM_SP_META_PTR)
                0x0000000020000c20                Image$$TFM_SP_META_PTR$$ZI$$Limit = (ADDR (.TFM_SP_META_PTR) + SIZEOF (.TFM_SP_META_PTR))
                0x0000000020000c20                . = ALIGN (0x20)
                0x0000000020000c20                Image$$TFM_APP_RW_STACK_START$$Base = .

.TFM_APP_ROT_LINKER_DATA
                0x0000000020000c20        0x0 load address 0x000000000000e860
 *tfm_app_rot_partition*:*(.data*)
 *(TFM_*_APP-ROT_ATTR_RW)
                0x0000000020000c20                . = ALIGN (0x4)
                0x0000000020000c20                Image$$TFM_APP_ROT_LINKER_DATA$$RW$$Base = ADDR (.TFM_APP_ROT_LINKER_DATA)
                0x0000000020000c20                Image$$TFM_APP_ROT_LINKER_DATA$$RW$$Limit = (ADDR (.TFM_APP_ROT_LINKER_DATA) + SIZEOF (.TFM_APP_ROT_LINKER_DATA))

.TFM_APP_ROT_LINKER_BSS
                0x0000000020000c20       0x20
                0x0000000020000c20                start_of_TFM_APP_ROT_LINKER = .
 *tfm_app_rot_partition*:*(.bss*)
 *tfm_app_rot_partition*:*(COMMON)
 *(TFM_*_APP-ROT_ATTR_ZI)
                0x0000000020000c24                . = (. + (. - start_of_TFM_APP_ROT_LINKER)?0x0:0x4)
 *fill*         0x0000000020000c20        0x4 
                0x0000000020000c40                . = ALIGN (0x20)
 *fill*         0x0000000020000c24       0x1c 
                0x0000000020000c20                Image$$TFM_APP_ROT_LINKER_DATA$$ZI$$Base = ADDR (.TFM_APP_ROT_LINKER_BSS)
                0x0000000020000c40                Image$$TFM_APP_ROT_LINKER_DATA$$ZI$$Limit = (ADDR (.TFM_APP_ROT_LINKER_BSS) + SIZEOF (.TFM_APP_ROT_LINKER_BSS))
                0x0000000020000c40                Image$$TFM_APP_RW_STACK_END$$Base = .
                0x0000000020000c40                Image$$TFM_PSA_RW_STACK_START$$Base = .

.TFM_PSA_ROT_LINKER_DATA
                0x0000000020000c40        0x0 load address 0x000000000000e860
 *tfm_psa_rot_partition*:*(.data*)
 *(TFM_*_PSA-ROT_ATTR_RW)
                0x0000000020000c40                . = ALIGN (0x4)
                0x0000000020000c40                Image$$TFM_PSA_ROT_LINKER_DATA$$RW$$Base = ADDR (.TFM_PSA_ROT_LINKER_DATA)
                0x0000000020000c40                Image$$TFM_PSA_ROT_LINKER_DATA$$RW$$Limit = (ADDR (.TFM_PSA_ROT_LINKER_DATA) + SIZEOF (.TFM_PSA_ROT_LINKER_DATA))

.TFM_PSA_ROT_LINKER_BSS
                0x0000000020000c40     0x11e0
                0x0000000020000c40                start_of_TFM_PSA_ROT_LINKER = .
 *tfm_psa_rot_partition*:*(.bss*)
 .bss.scratch   0x0000000020000c40      0x408 secure_fw/partitions/crypto/libtfm_psa_rot_partition_crypto.a(crypto_init.o)
 .bss.operations
                0x0000000020001048       0x28 secure_fw/partitions/crypto/libtfm_psa_rot_partition_crypto.a(crypto_alloc.o)
 .bss.mbedtls_mem_buf
                0x0000000020001070        0x1 secure_fw/partitions/crypto/libtfm_psa_rot_partition_crypto.a(crypto_library.o)
 .bss.mbedtls_version_full
                0x0000000020001071       0x12 secure_fw/partitions/crypto/libtfm_psa_rot_partition_crypto.a(crypto_library.o)
 *fill*         0x0000000020001083        0x5 
 .bss.tfm_sp_crypto_stack
                0x0000000020001088      0x800 secure_fw/partitions/crypto/libtfm_psa_rot_partition_crypto.a(intermedia_tfm_crypto.o)
                0x0000000020001088                tfm_sp_crypto_stack
 .bss.tfm_sp_platform_stack
                0x0000000020001888      0x500 secure_fw/partitions/platform/libtfm_psa_rot_partition_platform.a(intermedia_tfm_platform.o)
                0x0000000020001888                tfm_sp_platform_stack
 .bss.g_builtin_key_slots
                0x0000000020001d88       0x90 secure_fw/partitions/crypto/libtfm_psa_rot_partition_crypto.a(tfm_builtin_key_loader.o)
 *tfm_psa_rot_partition*:*(COMMON)
 *(TFM_*_PSA-ROT_ATTR_ZI)
                0x0000000020001e18                . = (. + (. - start_of_TFM_PSA_ROT_LINKER)?0x0:0x4)
                0x0000000020001e20                . = ALIGN (0x20)
 *fill*         0x0000000020001e18        0x8 
                0x0000000020000c40                Image$$TFM_PSA_ROT_LINKER_DATA$$ZI$$Base = ADDR (.TFM_PSA_ROT_LINKER_BSS)
                0x0000000020001e20                Image$$TFM_PSA_ROT_LINKER_DATA$$ZI$$Limit = (ADDR (.TFM_PSA_ROT_LINKER_BSS) + SIZEOF (.TFM_PSA_ROT_LINKER_BSS))
                0x0000000020001e20                Image$$TFM_PSA_RW_STACK_END$$Base = .

.TFM_UNPRIV_CODE
                0x000000000000e860     0x35a0
 *(SFN)
 SFN            0x000000000000e860       0x88 secure_fw/CMakeFiles/tfm_s.dir/partitions/ns_agent_tz/psa_api_veneers_v80m.o
                0x000000000000e860                __acle_se_tfm_psa_framework_version_veneer
                0x000000000000e87e                __acle_se_tfm_psa_version_veneer
                0x000000000000e89c                __acle_se_tfm_psa_call_veneer
                0x000000000000e8be                __acle_se_tfm_psa_connect_veneer
                0x000000000000e8d0                __acle_se_tfm_psa_close_veneer
 *(.text*)
 .text          0x000000000000e8e8       0x88 /opt/nordic/ncs/toolchains/20d68df7e5/opt/zephyr-sdk/arm-zephyr-eabi/bin/../lib/gcc/arm-zephyr-eabi/12.2.0/thumb/v8-m.main/nofp/crtbegin.o
 .text          0x000000000000e970       0x7c /opt/nordic/ncs/toolchains/20d68df7e5/opt/zephyr-sdk/arm-zephyr-eabi/bin/../lib/gcc/arm-zephyr-eabi/12.2.0/../../../../arm-zephyr-eabi/lib/thumb/v8-m.main/nofp/crt0.o
                0x000000000000e970                _stack_init
                0x000000000000e978                _mainCRTStartup
                0x000000000000e978                _start
 .text.clear_caller_context
                0x000000000000e9ec        0x8 secure_fw/CMakeFiles/tfm_s.dir/partitions/ns_agent_tz/psa_api_veneers_v80m.o
 .text.C_HardFault_Handler
                0x000000000000e9f4        0x4 secure_fw/CMakeFiles/tfm_s.dir/__/platform/ext/common/faults.o
                0x000000000000e9f4                C_HardFault_Handler
 .text.HardFault_Handler
                0x000000000000e9f8        0x6 secure_fw/CMakeFiles/tfm_s.dir/__/platform/ext/common/faults.o
                0x000000000000e9f8                HardFault_Handler
 .text.C_MemManage_Handler
                0x000000000000e9fe        0x4 secure_fw/CMakeFiles/tfm_s.dir/__/platform/ext/common/faults.o
                0x000000000000e9fe                C_MemManage_Handler
 .text.MemManage_Handler
                0x000000000000ea02        0x6 secure_fw/CMakeFiles/tfm_s.dir/__/platform/ext/common/faults.o
                0x000000000000ea02                MemManage_Handler
 .text.C_BusFault_Handler
                0x000000000000ea08        0x4 secure_fw/CMakeFiles/tfm_s.dir/__/platform/ext/common/faults.o
                0x000000000000ea08                C_BusFault_Handler
 .text.BusFault_Handler
                0x000000000000ea0c        0x6 secure_fw/CMakeFiles/tfm_s.dir/__/platform/ext/common/faults.o
                0x000000000000ea0c                BusFault_Handler
 .text.C_SecureFault_Handler
                0x000000000000ea12        0x4 secure_fw/CMakeFiles/tfm_s.dir/__/platform/ext/common/faults.o
                0x000000000000ea12                C_SecureFault_Handler
 .text.SecureFault_Handler
                0x000000000000ea16        0x6 secure_fw/CMakeFiles/tfm_s.dir/__/platform/ext/common/faults.o
                0x000000000000ea16                SecureFault_Handler
 .text.C_UsageFault_Handler
                0x000000000000ea1c        0x4 secure_fw/CMakeFiles/tfm_s.dir/__/platform/ext/common/faults.o
                0x000000000000ea1c                C_UsageFault_Handler
 .text.UsageFault_Handler
                0x000000000000ea20        0x6 secure_fw/CMakeFiles/tfm_s.dir/__/platform/ext/common/faults.o
                0x000000000000ea20                UsageFault_Handler
 .text.memset   0x000000000000ea26       0x3e secure_fw/partitions/lib/runtime/libtfm_sprt.a(crt_memset.o)
                0x000000000000ea26                memset
 .text.psa_framework_version
                0x000000000000ea64       0x10 secure_fw/partitions/lib/runtime/libtfm_sprt.a(psa_api_ipc.o)
                0x000000000000ea64                psa_framework_version
 .text.psa_version
                0x000000000000ea74       0x10 secure_fw/partitions/lib/runtime/libtfm_sprt.a(psa_api_ipc.o)
                0x000000000000ea74                psa_version
 .text.tfm_psa_call_pack
                0x000000000000ea84       0x14 secure_fw/partitions/lib/runtime/libtfm_sprt.a(psa_api_ipc.o)
                0x000000000000ea84                tfm_psa_call_pack
 .text.psa_wait
                0x000000000000ea98       0x10 secure_fw/partitions/lib/runtime/libtfm_sprt.a(psa_api_ipc.o)
                0x000000000000ea98                psa_wait
 .text.psa_get  0x000000000000eaa8       0x10 secure_fw/partitions/lib/runtime/libtfm_sprt.a(psa_api_ipc.o)
                0x000000000000eaa8                psa_get
 .text.psa_read
                0x000000000000eab8       0x14 secure_fw/partitions/lib/runtime/libtfm_sprt.a(psa_api_ipc.o)
                0x000000000000eab8                psa_read
 .text.psa_write
                0x000000000000eacc       0x14 secure_fw/partitions/lib/runtime/libtfm_sprt.a(psa_api_ipc.o)
                0x000000000000eacc                psa_write
 .text.psa_reply
                0x000000000000eae0       0x10 secure_fw/partitions/lib/runtime/libtfm_sprt.a(psa_api_ipc.o)
                0x000000000000eae0                psa_reply
 .text.psa_panic
                0x000000000000eaf0       0x10 secure_fw/partitions/lib/runtime/libtfm_sprt.a(psa_api_ipc.o)
                0x000000000000eaf0                psa_panic
 .text.tfm_plat_builtin_key_get_desc_table_ptr
                0x000000000000eb00        0x4 platform/libplatform_crypto_keys.a(crypto_keys.o)
                0x000000000000eb00                tfm_plat_builtin_key_get_desc_table_ptr
 .text.verify_header
                0x000000000000eb04       0x40 secure_fw/partitions/crypto/mbedcrypto/nrf_security_src/libcrypto_service_mbedcrypto.a(memory_buffer_alloc.o)
 .text.verify_chain
                0x000000000000eb44       0x3c secure_fw/partitions/crypto/mbedcrypto/nrf_security_src/libcrypto_service_mbedcrypto.a(memory_buffer_alloc.o)
 .text.buffer_alloc_calloc
                0x000000000000eb80       0xf4 secure_fw/partitions/crypto/mbedcrypto/nrf_security_src/libcrypto_service_mbedcrypto.a(memory_buffer_alloc.o)
 .text.buffer_alloc_free
                0x000000000000ec74       0xe8 secure_fw/partitions/crypto/mbedcrypto/nrf_security_src/libcrypto_service_mbedcrypto.a(memory_buffer_alloc.o)
 .text.mbedtls_memory_buffer_alloc_init
                0x000000000000ed5c       0x64 secure_fw/partitions/crypto/mbedcrypto/nrf_security_src/libcrypto_service_mbedcrypto.a(memory_buffer_alloc.o)
                0x000000000000ed5c                mbedtls_memory_buffer_alloc_init
 .text.platform_calloc_uninit
                0x000000000000edc0        0x4 secure_fw/partitions/crypto/mbedcrypto/nrf_security_src/libcrypto_service_mbedcrypto.a(platform.o)
 .text.platform_free_uninit
                0x000000000000edc4        0x2 secure_fw/partitions/crypto/mbedcrypto/nrf_security_src/libcrypto_service_mbedcrypto.a(platform.o)
 *fill*         0x000000000000edc6        0x2 
 .text.mbedtls_free
                0x000000000000edc8        0xc secure_fw/partitions/crypto/mbedcrypto/nrf_security_src/libcrypto_service_mbedcrypto.a(platform.o)
                0x000000000000edc8                mbedtls_free
 .text.mbedtls_platform_set_calloc_free
                0x000000000000edd4       0x14 secure_fw/partitions/crypto/mbedcrypto/nrf_security_src/libcrypto_service_mbedcrypto.a(platform.o)
                0x000000000000edd4                mbedtls_platform_set_calloc_free
 .text.psa_remove_key_data_from_memory
                0x000000000000ede8       0x1c secure_fw/partitions/crypto/mbedcrypto/nrf_security_src/libcrypto_service_mbedcrypto.a(psa_crypto.o)
                0x000000000000ede8                psa_remove_key_data_from_memory
 .text.psa_wipe_key_slot
                0x000000000000ee04       0x22 secure_fw/partitions/crypto/mbedcrypto/nrf_security_src/libcrypto_service_mbedcrypto.a(psa_crypto.o)
                0x000000000000ee04                psa_wipe_key_slot
 *fill*         0x000000000000ee26        0x2 
 .text.mbedcrypto__psa_generate_random
                0x000000000000ee28       0x1c secure_fw/partitions/crypto/mbedcrypto/nrf_security_src/libcrypto_service_mbedcrypto.a(psa_crypto.o)
                0x000000000000ee28                mbedcrypto__psa_generate_random
 .text.mbedtls_psa_crypto_free
                0x000000000000ee44       0x24 secure_fw/partitions/crypto/mbedcrypto/nrf_security_src/libcrypto_service_mbedcrypto.a(psa_crypto.o)
                0x000000000000ee44                mbedtls_psa_crypto_free
 .text.mbedcrypto__psa_crypto_init
                0x000000000000ee68       0x3c secure_fw/partitions/crypto/mbedcrypto/nrf_security_src/libcrypto_service_mbedcrypto.a(psa_crypto.o)
                0x000000000000ee68                mbedcrypto__psa_crypto_init
 .text.psa_initialize_key_slots
                0x000000000000eea4       0x18 secure_fw/partitions/crypto/mbedcrypto/nrf_security_src/libcrypto_service_mbedcrypto.a(psa_crypto_slot_management.o)
                0x000000000000eea4                psa_initialize_key_slots
 .text.psa_wipe_all_key_slots
                0x000000000000eebc       0x2c secure_fw/partitions/crypto/mbedcrypto/nrf_security_src/libcrypto_service_mbedcrypto.a(psa_crypto_slot_management.o)
                0x000000000000eebc                psa_wipe_all_key_slots
 .text.psa_driver_wrapper_init
                0x000000000000eee8        0x4 secure_fw/partitions/crypto/mbedcrypto/nrf_security_src/libcrypto_service_mbedcrypto.a(psa_crypto_driver_wrappers.o)
                0x000000000000eee8                psa_driver_wrapper_init
 .text.psa_driver_wrapper_free
                0x000000000000eeec        0x2 secure_fw/partitions/crypto/mbedcrypto/nrf_security_src/libcrypto_service_mbedcrypto.a(psa_crypto_driver_wrappers.o)
                0x000000000000eeec                psa_driver_wrapper_free
 .text.psa_driver_wrapper_init_random
                0x000000000000eeee        0x4 secure_fw/partitions/crypto/mbedcrypto/nrf_security_src/libcrypto_service_mbedcrypto.a(psa_crypto_driver_wrappers.o)
                0x000000000000eeee                psa_driver_wrapper_init_random
 .text.psa_driver_wrapper_get_random
                0x000000000000eef2       0x22 secure_fw/partitions/crypto/mbedcrypto/nrf_security_src/libcrypto_service_mbedcrypto.a(psa_crypto_driver_wrappers.o)
                0x000000000000eef2                psa_driver_wrapper_get_random
 .text.psa_driver_wrapper_free_random
                0x000000000000ef14        0x4 secure_fw/partitions/crypto/mbedcrypto/nrf_security_src/libcrypto_service_mbedcrypto.a(psa_crypto_driver_wrappers.o)
                0x000000000000ef14                psa_driver_wrapper_free_random
 .text.memcmp   0x000000000000ef18       0x20 secure_fw/partitions/lib/runtime/libtfm_sprt.a(crt_memcmp.o)
                0x000000000000ef18                memcmp
 .text.memcpy   0x000000000000ef38       0x4a secure_fw/partitions/lib/runtime/libtfm_sprt.a(crt_memcpy.o)
                0x000000000000ef38                memcpy
 *fill*         0x000000000000ef82        0x2 
 .text.common_sfn_thread
                0x000000000000ef84       0x88 secure_fw/partitions/lib/runtime/libtfm_sprt.a(sfn_common_thread.o)
                0x000000000000ef84                common_sfn_thread
 .text.nrf_cc3xx_platform_init
                0x000000000000f00c       0x44 /opt/nordic/ncs/v2.5.1/nrfxlib/crypto/nrf_cc310_platform/lib/cortex-m33/soft-float/no-interrupts/libnrf_cc310_platform_0.9.18.a(nrf_cc3xx_platform.c.obj)
                0x000000000000f00c                nrf_cc3xx_platform_init
 .text.nrf_cc3xx_platform_ctr_drbg_init
                0x000000000000f050       0x60 /opt/nordic/ncs/v2.5.1/nrfxlib/crypto/nrf_cc310_platform/lib/cortex-m33/soft-float/no-interrupts/libnrf_cc310_platform_0.9.18.a(nrf_cc3xx_platform_ctr_drbg.c.obj)
                0x000000000000f050                nrf_cc3xx_platform_ctr_drbg_init
 .text.nrf_cc3xx_platform_ctr_drbg_get
                0x000000000000f0b0       0x44 /opt/nordic/ncs/v2.5.1/nrfxlib/crypto/nrf_cc310_platform/lib/cortex-m33/soft-float/no-interrupts/libnrf_cc310_platform_0.9.18.a(nrf_cc3xx_platform_ctr_drbg.c.obj)
                0x000000000000f0b0                nrf_cc3xx_platform_ctr_drbg_get
 .text.mbedtls_zeroize_internal
                0x000000000000f0f4       0x14 /opt/nordic/ncs/v2.5.1/nrfxlib/crypto/nrf_cc310_platform/lib/cortex-m33/soft-float/no-interrupts/libnrf_cc310_platform_0.9.18.a(mbedtls_common.c.obj)
                0x000000000000f0f4                mbedtls_zeroize_internal
 .text.mbedtls_platform_zeroize
                0x000000000000f108       0x14 /opt/nordic/ncs/v2.5.1/nrfxlib/crypto/nrf_cc310_platform/lib/cortex-m33/soft-float/no-interrupts/libnrf_cc310_platform_0.9.18.a(mbedtls_common.c.obj)
                0x000000000000f108                mbedtls_platform_zeroize
 .text.block_cipher_df
                0x000000000000f11c      0x1cc /opt/nordic/ncs/v2.5.1/nrfxlib/crypto/nrf_cc310_platform/lib/cortex-m33/soft-float/no-interrupts/libnrf_cc310_platform_0.9.18.a(ctr_drbg.c.obj)
 .text.ctr_drbg_update_internal
                0x000000000000f2e8      0x148 /opt/nordic/ncs/v2.5.1/nrfxlib/crypto/nrf_cc310_platform/lib/cortex-m33/soft-float/no-interrupts/libnrf_cc310_platform_0.9.18.a(ctr_drbg.c.obj)
 .text.mbedtls_ctr_drbg_reseed_internal
                0x000000000000f430       0xc4 /opt/nordic/ncs/v2.5.1/nrfxlib/crypto/nrf_cc310_platform/lib/cortex-m33/soft-float/no-interrupts/libnrf_cc310_platform_0.9.18.a(ctr_drbg.c.obj)
 .text.cc_mbedtls_ctr_drbg_init
                0x000000000000f4f4       0x2c /opt/nordic/ncs/v2.5.1/nrfxlib/crypto/nrf_cc310_platform/lib/cortex-m33/soft-float/no-interrupts/libnrf_cc310_platform_0.9.18.a(ctr_drbg.c.obj)
                0x000000000000f4f4                cc_mbedtls_ctr_drbg_init
 .text.cc_mbedtls_ctr_drbg_seed
                0x000000000000f520       0x9c /opt/nordic/ncs/v2.5.1/nrfxlib/crypto/nrf_cc310_platform/lib/cortex-m33/soft-float/no-interrupts/libnrf_cc310_platform_0.9.18.a(ctr_drbg.c.obj)
                0x000000000000f520                cc_mbedtls_ctr_drbg_seed
 .text.cc_mbedtls_ctr_drbg_random_with_add
                0x000000000000f5bc      0x1e4 /opt/nordic/ncs/v2.5.1/nrfxlib/crypto/nrf_cc310_platform/lib/cortex-m33/soft-float/no-interrupts/libnrf_cc310_platform_0.9.18.a(ctr_drbg.c.obj)
                0x000000000000f5bc                cc_mbedtls_ctr_drbg_random_with_add
 .text.entropy_update
                0x000000000000f7a0       0x7c /opt/nordic/ncs/v2.5.1/nrfxlib/crypto/nrf_cc310_platform/lib/cortex-m33/soft-float/no-interrupts/libnrf_cc310_platform_0.9.18.a(entropy.c.obj)
 .text.entropy_gather_internal.part.0
                0x000000000000f81c       0x88 /opt/nordic/ncs/v2.5.1/nrfxlib/crypto/nrf_cc310_platform/lib/cortex-m33/soft-float/no-interrupts/libnrf_cc310_platform_0.9.18.a(entropy.c.obj)
 .text.cc_mbedtls_entropy_init
                0x000000000000f8a4       0x84 /opt/nordic/ncs/v2.5.1/nrfxlib/crypto/nrf_cc310_platform/lib/cortex-m33/soft-float/no-interrupts/libnrf_cc310_platform_0.9.18.a(entropy.c.obj)
                0x000000000000f8a4                cc_mbedtls_entropy_init
 .text.cc_mbedtls_entropy_func
                0x000000000000f928      0x110 /opt/nordic/ncs/v2.5.1/nrfxlib/crypto/nrf_cc310_platform/lib/cortex-m33/soft-float/no-interrupts/libnrf_cc310_platform_0.9.18.a(entropy.c.obj)
                0x000000000000f928                cc_mbedtls_entropy_func
 .text.RndStartupTest.constprop.0
                0x000000000000fa38       0x98 /opt/nordic/ncs/v2.5.1/nrfxlib/crypto/nrf_cc310_platform/lib/cortex-m33/soft-float/no-interrupts/libnrf_cc310_platform_0.9.18.a(cc_lib.c.obj)
 .text.CC_LibInit
                0x000000000000fad0       0xc0 /opt/nordic/ncs/v2.5.1/nrfxlib/crypto/nrf_cc310_platform/lib/cortex-m33/soft-float/no-interrupts/libnrf_cc310_platform_0.9.18.a(cc_lib.c.obj)
                0x000000000000fad0                CC_LibInit
 .text.CC_HalInit
                0x000000000000fb90        0x4 /opt/nordic/ncs/v2.5.1/nrfxlib/crypto/nrf_cc310_platform/lib/cortex-m33/soft-float/no-interrupts/libnrf_cc310_platform_0.9.18.a(cc_hal.c.obj)
                0x000000000000fb90                CC_HalInit
 .text.CC_HalTerminate
                0x000000000000fb94        0x4 /opt/nordic/ncs/v2.5.1/nrfxlib/crypto/nrf_cc310_platform/lib/cortex-m33/soft-float/no-interrupts/libnrf_cc310_platform_0.9.18.a(cc_hal.c.obj)
                0x000000000000fb94                CC_HalTerminate
 .text.CC_HalClearInterruptBit
                0x000000000000fb98       0x1c /opt/nordic/ncs/v2.5.1/nrfxlib/crypto/nrf_cc310_platform/lib/cortex-m33/soft-float/no-interrupts/libnrf_cc310_platform_0.9.18.a(cc_hal.c.obj)
                0x000000000000fb98                CC_HalClearInterruptBit
 .text.CC_HalMaskInterrupt
                0x000000000000fbb4        0xc /opt/nordic/ncs/v2.5.1/nrfxlib/crypto/nrf_cc310_platform/lib/cortex-m33/soft-float/no-interrupts/libnrf_cc310_platform_0.9.18.a(cc_hal.c.obj)
                0x000000000000fbb4                CC_HalMaskInterrupt
 .text.CC_HalWaitInterrupt
                0x000000000000fbc0        0xc /opt/nordic/ncs/v2.5.1/nrfxlib/crypto/nrf_cc310_platform/lib/cortex-m33/soft-float/no-interrupts/libnrf_cc310_platform_0.9.18.a(cc_hal.c.obj)
                0x000000000000fbc0                CC_HalWaitInterrupt
 .text.CC_HalWaitInterruptRND
                0x000000000000fbcc        0xc /opt/nordic/ncs/v2.5.1/nrfxlib/crypto/nrf_cc310_platform/lib/cortex-m33/soft-float/no-interrupts/libnrf_cc310_platform_0.9.18.a(cc_hal.c.obj)
                0x000000000000fbcc                CC_HalWaitInterruptRND
 .text.CC_PalInit
                0x000000000000fbd8       0x5c /opt/nordic/ncs/v2.5.1/nrfxlib/crypto/nrf_cc310_platform/lib/cortex-m33/soft-float/no-interrupts/libnrf_cc310_platform_0.9.18.a(cc_pal.c.obj)
                0x000000000000fbd8                CC_PalInit
 .text.CC_PalTerminate
                0x000000000000fc34       0x34 /opt/nordic/ncs/v2.5.1/nrfxlib/crypto/nrf_cc310_platform/lib/cortex-m33/soft-float/no-interrupts/libnrf_cc310_platform_0.9.18.a(cc_pal.c.obj)
                0x000000000000fc34                CC_PalTerminate
 .text.CC_PalDmaInit
                0x000000000000fc68        0x4 /opt/nordic/ncs/v2.5.1/nrfxlib/crypto/nrf_cc310_platform/lib/cortex-m33/soft-float/no-interrupts/libnrf_cc310_platform_0.9.18.a(cc_pal_dma.c.obj)
                0x000000000000fc68                CC_PalDmaInit
 .text.CC_PalDmaTerminate
                0x000000000000fc6c        0x4 /opt/nordic/ncs/v2.5.1/nrfxlib/crypto/nrf_cc310_platform/lib/cortex-m33/soft-float/no-interrupts/libnrf_cc310_platform_0.9.18.a(cc_pal_dma.c.obj)
                0x000000000000fc6c                CC_PalDmaTerminate
 .text.CC_PalWaitInterruptRND
                0x000000000000fc70       0x2c /opt/nordic/ncs/v2.5.1/nrfxlib/crypto/nrf_cc310_platform/lib/cortex-m33/soft-float/no-interrupts/libnrf_cc310_platform_0.9.18.a(cc_pal_interrupt_ctrl.c.obj)
                0x000000000000fc70                CC_PalWaitInterruptRND
 .text.CC_PalWaitInterrupt
                0x000000000000fc9c       0x18 /opt/nordic/ncs/v2.5.1/nrfxlib/crypto/nrf_cc310_platform/lib/cortex-m33/soft-float/no-interrupts/libnrf_cc310_platform_0.9.18.a(cc_pal_interrupt_ctrl.c.obj)
                0x000000000000fc9c                CC_PalWaitInterrupt
 .text.CC_PalMemCopyPlat
                0x000000000000fcb4        0x4 /opt/nordic/ncs/v2.5.1/nrfxlib/crypto/nrf_cc310_platform/lib/cortex-m33/soft-float/no-interrupts/libnrf_cc310_platform_0.9.18.a(cc_pal_mem.c.obj)
                0x000000000000fcb4                CC_PalMemCopyPlat
 .text.CC_PalMemSetPlat
                0x000000000000fcb8        0x4 /opt/nordic/ncs/v2.5.1/nrfxlib/crypto/nrf_cc310_platform/lib/cortex-m33/soft-float/no-interrupts/libnrf_cc310_platform_0.9.18.a(cc_pal_mem.c.obj)
                0x000000000000fcb8                CC_PalMemSetPlat
 .text.CC_PalMemSetZeroPlat
                0x000000000000fcbc        0x8 /opt/nordic/ncs/v2.5.1/nrfxlib/crypto/nrf_cc310_platform/lib/cortex-m33/soft-float/no-interrupts/libnrf_cc310_platform_0.9.18.a(cc_pal_mem.c.obj)
                0x000000000000fcbc                CC_PalMemSetZeroPlat
 .text.CC_PalMutexCreate
                0x000000000000fcc4       0x14 /opt/nordic/ncs/v2.5.1/nrfxlib/crypto/nrf_cc310_platform/lib/cortex-m33/soft-float/no-interrupts/libnrf_cc310_platform_0.9.18.a(cc_pal_mutex.c.obj)
                0x000000000000fcc4                CC_PalMutexCreate
 .text.CC_PalMutexDestroy
                0x000000000000fcd8       0x14 /opt/nordic/ncs/v2.5.1/nrfxlib/crypto/nrf_cc310_platform/lib/cortex-m33/soft-float/no-interrupts/libnrf_cc310_platform_0.9.18.a(cc_pal_mutex.c.obj)
                0x000000000000fcd8                CC_PalMutexDestroy
 .text.CC_PalMutexLock
                0x000000000000fcec       0x10 /opt/nordic/ncs/v2.5.1/nrfxlib/crypto/nrf_cc310_platform/lib/cortex-m33/soft-float/no-interrupts/libnrf_cc310_platform_0.9.18.a(cc_pal_mutex.c.obj)
                0x000000000000fcec                CC_PalMutexLock
 .text.CC_PalMutexUnlock
                0x000000000000fcfc       0x14 /opt/nordic/ncs/v2.5.1/nrfxlib/crypto/nrf_cc310_platform/lib/cortex-m33/soft-float/no-interrupts/libnrf_cc310_platform_0.9.18.a(cc_pal_mutex.c.obj)
                0x000000000000fcfc                CC_PalMutexUnlock
 .text.CC_PalPowerSaveModeInit
                0x000000000000fd10       0x3c /opt/nordic/ncs/v2.5.1/nrfxlib/crypto/nrf_cc310_platform/lib/cortex-m33/soft-float/no-interrupts/libnrf_cc310_platform_0.9.18.a(cc_pal_pm.c.obj)
                0x000000000000fd10                CC_PalPowerSaveModeInit
 .text.CC_PalPowerSaveModeSelect
                0x000000000000fd4c       0x84 /opt/nordic/ncs/v2.5.1/nrfxlib/crypto/nrf_cc310_platform/lib/cortex-m33/soft-float/no-interrupts/libnrf_cc310_platform_0.9.18.a(cc_pal_pm.c.obj)
                0x000000000000fd4c                CC_PalPowerSaveModeSelect
 .text.mutex_init
                0x000000000000fdd0        0xc /opt/nordic/ncs/v2.5.1/nrfxlib/crypto/nrf_cc310_platform/lib/cortex-m33/soft-float/no-interrupts/libnrf_cc310_platform_0.9.18.a(threading_alt.c.obj)
                0x000000000000fdd0                mutex_init
 .text.mutex_lock
                0x000000000000fddc        0xc /opt/nordic/ncs/v2.5.1/nrfxlib/crypto/nrf_cc310_platform/lib/cortex-m33/soft-float/no-interrupts/libnrf_cc310_platform_0.9.18.a(threading_alt.c.obj)
                0x000000000000fddc                mutex_lock
 .text.mutex_unlock
                0x000000000000fde8        0xc /opt/nordic/ncs/v2.5.1/nrfxlib/crypto/nrf_cc310_platform/lib/cortex-m33/soft-float/no-interrupts/libnrf_cc310_platform_0.9.18.a(threading_alt.c.obj)
                0x000000000000fde8                mutex_unlock
 .text.nrf_cc3xx_platform_abort
                0x000000000000fdf4       0x24 /opt/nordic/ncs/v2.5.1/nrfxlib/crypto/nrf_cc310_platform/lib/cortex-m33/soft-float/no-interrupts/libnrf_cc310_platform_0.9.18.a(nrf_cc3xx_platform_abort.c.obj)
 .text.CC_PalAbort
                0x000000000000fe18       0x34 /opt/nordic/ncs/v2.5.1/nrfxlib/crypto/nrf_cc310_platform/lib/cortex-m33/soft-float/no-interrupts/libnrf_cc310_platform_0.9.18.a(nrf_cc3xx_platform_abort.c.obj)
                0x000000000000fe18                CC_PalAbort
 .text.mutex_free
                0x000000000000fe4c       0x34 /opt/nordic/ncs/v2.5.1/nrfxlib/crypto/nrf_cc310_platform/lib/cortex-m33/soft-float/no-interrupts/libnrf_cc310_platform_0.9.18.a(nrf_cc3xx_platform_mutex.c.obj)
 .text.mutex_lock
                0x000000000000fe80       0x48 /opt/nordic/ncs/v2.5.1/nrfxlib/crypto/nrf_cc310_platform/lib/cortex-m33/soft-float/no-interrupts/libnrf_cc310_platform_0.9.18.a(nrf_cc3xx_platform_mutex.c.obj)
 .text.mutex_unlock
                0x000000000000fec8       0x38 /opt/nordic/ncs/v2.5.1/nrfxlib/crypto/nrf_cc310_platform/lib/cortex-m33/soft-float/no-interrupts/libnrf_cc310_platform_0.9.18.a(nrf_cc3xx_platform_mutex.c.obj)
 .text.mutex_init
                0x000000000000ff00       0x20 /opt/nordic/ncs/v2.5.1/nrfxlib/crypto/nrf_cc310_platform/lib/cortex-m33/soft-float/no-interrupts/libnrf_cc310_platform_0.9.18.a(nrf_cc3xx_platform_mutex.c.obj)
 .text.startTrngHW
                0x000000000000ff20      0x140 /opt/nordic/ncs/v2.5.1/nrfxlib/crypto/nrf_cc310_platform/lib/cortex-m33/soft-float/no-interrupts/libnrf_cc310_platform_0.9.18.a(llf_rnd_trng90b.c.obj)
 .text.LLF_RND_RepetitionCounterTest
                0x0000000000010060       0x64 /opt/nordic/ncs/v2.5.1/nrfxlib/crypto/nrf_cc310_platform/lib/cortex-m33/soft-float/no-interrupts/libnrf_cc310_platform_0.9.18.a(llf_rnd_trng90b.c.obj)
                0x0000000000010060                LLF_RND_RepetitionCounterTest
 .text.LLF_RND_AdaptiveProportionTest
                0x00000000000100c4       0x80 /opt/nordic/ncs/v2.5.1/nrfxlib/crypto/nrf_cc310_platform/lib/cortex-m33/soft-float/no-interrupts/libnrf_cc310_platform_0.9.18.a(llf_rnd_trng90b.c.obj)
                0x00000000000100c4                LLF_RND_AdaptiveProportionTest
 .text.getTrngSource
                0x0000000000010144      0x2b4 /opt/nordic/ncs/v2.5.1/nrfxlib/crypto/nrf_cc310_platform/lib/cortex-m33/soft-float/no-interrupts/libnrf_cc310_platform_0.9.18.a(llf_rnd_trng90b.c.obj)
 .text.LLF_RND_GetTrngSource
                0x00000000000103f8       0x18 /opt/nordic/ncs/v2.5.1/nrfxlib/crypto/nrf_cc310_platform/lib/cortex-m33/soft-float/no-interrupts/libnrf_cc310_platform_0.9.18.a(llf_rnd_trng90b.c.obj)
                0x00000000000103f8                LLF_RND_GetTrngSource
 .text.LLF_RND_RunTrngStartupTest
                0x0000000000010410       0x1c /opt/nordic/ncs/v2.5.1/nrfxlib/crypto/nrf_cc310_platform/lib/cortex-m33/soft-float/no-interrupts/libnrf_cc310_platform_0.9.18.a(llf_rnd_trng90b.c.obj)
                0x0000000000010410                LLF_RND_RunTrngStartupTest
 .text.mbedtls_hardware_poll
                0x000000000001042c       0xfc /opt/nordic/ncs/v2.5.1/nrfxlib/crypto/nrf_cc310_platform/lib/cortex-m33/soft-float/no-interrupts/libnrf_cc310_platform_0.9.18.a(trng_api.c.obj)
                0x000000000001042c                mbedtls_hardware_poll
 .text.cc_mbedtls_aes_init
                0x0000000000010528       0x20 /opt/nordic/ncs/v2.5.1/nrfxlib/crypto/nrf_cc310_platform/lib/cortex-m33/soft-float/no-interrupts/libnrf_cc310_platform_0.9.18.a(aes_alt.c.obj)
                0x0000000000010528                cc_mbedtls_aes_init
 .text.cc_mbedtls_aes_free
                0x0000000000010548        0xc /opt/nordic/ncs/v2.5.1/nrfxlib/crypto/nrf_cc310_platform/lib/cortex-m33/soft-float/no-interrupts/libnrf_cc310_platform_0.9.18.a(aes_alt.c.obj)
                0x0000000000010548                cc_mbedtls_aes_free
 .text.cc_mbedtls_aes_setkey_enc
                0x0000000000010554       0x34 /opt/nordic/ncs/v2.5.1/nrfxlib/crypto/nrf_cc310_platform/lib/cortex-m33/soft-float/no-interrupts/libnrf_cc310_platform_0.9.18.a(aes_alt.c.obj)
                0x0000000000010554                cc_mbedtls_aes_setkey_enc
 .text.cc_mbedtls_aes_crypt_ecb
                0x0000000000010588       0x50 /opt/nordic/ncs/v2.5.1/nrfxlib/crypto/nrf_cc310_platform/lib/cortex-m33/soft-float/no-interrupts/libnrf_cc310_platform_0.9.18.a(aes_alt.c.obj)
                0x0000000000010588                cc_mbedtls_aes_crypt_ecb
 .text.cc_mbedtls_sha256_init
                0x00000000000105d8       0x28 /opt/nordic/ncs/v2.5.1/nrfxlib/crypto/nrf_cc310_platform/lib/cortex-m33/soft-float/no-interrupts/libnrf_cc310_platform_0.9.18.a(sha256_alt.c.obj)
                0x00000000000105d8                cc_mbedtls_sha256_init
 .text.cc_mbedtls_sha256_free
                0x0000000000010600        0xc /opt/nordic/ncs/v2.5.1/nrfxlib/crypto/nrf_cc310_platform/lib/cortex-m33/soft-float/no-interrupts/libnrf_cc310_platform_0.9.18.a(sha256_alt.c.obj)
                0x0000000000010600                cc_mbedtls_sha256_free
 .text.cc_mbedtls_sha256_starts
                0x000000000001060c       0x28 /opt/nordic/ncs/v2.5.1/nrfxlib/crypto/nrf_cc310_platform/lib/cortex-m33/soft-float/no-interrupts/libnrf_cc310_platform_0.9.18.a(sha256_alt.c.obj)
                0x000000000001060c                cc_mbedtls_sha256_starts
 .text.cc_mbedtls_sha256_update
                0x0000000000010634       0x54 /opt/nordic/ncs/v2.5.1/nrfxlib/crypto/nrf_cc310_platform/lib/cortex-m33/soft-float/no-interrupts/libnrf_cc310_platform_0.9.18.a(sha256_alt.c.obj)
                0x0000000000010634                cc_mbedtls_sha256_update
 .text.cc_mbedtls_sha256_finish
                0x0000000000010688       0x48 /opt/nordic/ncs/v2.5.1/nrfxlib/crypto/nrf_cc310_platform/lib/cortex-m33/soft-float/no-interrupts/libnrf_cc310_platform_0.9.18.a(sha256_alt.c.obj)
                0x0000000000010688                cc_mbedtls_sha256_finish
 .text.mbedtls_sha_starts_internal
                0x00000000000106d0       0x28 /opt/nordic/ncs/v2.5.1/nrfxlib/crypto/nrf_cc310_platform/lib/cortex-m33/soft-float/no-interrupts/libnrf_cc310_platform_0.9.18.a(mbedtls_hash_common.c.obj)
                0x00000000000106d0                mbedtls_sha_starts_internal
 .text.mbedtls_sha_finish_internal
                0x00000000000106f8       0x5c /opt/nordic/ncs/v2.5.1/nrfxlib/crypto/nrf_cc310_platform/lib/cortex-m33/soft-float/no-interrupts/libnrf_cc310_platform_0.9.18.a(mbedtls_hash_common.c.obj)
                0x00000000000106f8                mbedtls_sha_finish_internal
 .text.mbedtls_sha_update_internal
                0x0000000000010754      0x1ec /opt/nordic/ncs/v2.5.1/nrfxlib/crypto/nrf_cc310_platform/lib/cortex-m33/soft-float/no-interrupts/libnrf_cc310_platform_0.9.18.a(mbedtls_hash_common.c.obj)
                0x0000000000010754                mbedtls_sha_update_internal
 .text.cc_mbedtls_sha256
                0x0000000000010940       0x50 /opt/nordic/ncs/v2.5.1/nrfxlib/crypto/nrf_cc310_platform/lib/cortex-m33/soft-float/no-interrupts/libnrf_cc310_platform_0.9.18.a(sha256.c.obj)
                0x0000000000010940                cc_mbedtls_sha256
 .text.RNG_PLAT_SetUserRngParameters
                0x0000000000010990       0x74 /opt/nordic/ncs/v2.5.1/nrfxlib/crypto/nrf_cc310_platform/lib/cortex-m33/soft-float/no-interrupts/libnrf_cc310_platform_0.9.18.a(cc_rng_plat.c.obj)
                0x0000000000010990                RNG_PLAT_SetUserRngParameters
 .text.CC_PalTrngParamGet
                0x0000000000010a04      0x114 /opt/nordic/ncs/v2.5.1/nrfxlib/crypto/nrf_cc310_platform/lib/cortex-m33/soft-float/no-interrupts/libnrf_cc310_platform_0.9.18.a(cc_pal_trng.c.obj)
                0x0000000000010a04                CC_PalTrngParamGet
 .text.LLF_RND_WaitRngInterrupt
                0x0000000000010b18       0x20 /opt/nordic/ncs/v2.5.1/nrfxlib/crypto/nrf_cc310_platform/lib/cortex-m33/soft-float/no-interrupts/libnrf_cc310_platform_0.9.18.a(llf_rnd.c.obj)
                0x0000000000010b18                LLF_RND_WaitRngInterrupt
 .text.LLF_RND_GetRoscSampleCnt
                0x0000000000010b38       0x34 /opt/nordic/ncs/v2.5.1/nrfxlib/crypto/nrf_cc310_platform/lib/cortex-m33/soft-float/no-interrupts/libnrf_cc310_platform_0.9.18.a(llf_rnd.c.obj)
                0x0000000000010b38                LLF_RND_GetRoscSampleCnt
 .text.LLF_RND_GetFastestRosc
                0x0000000000010b6c       0x20 /opt/nordic/ncs/v2.5.1/nrfxlib/crypto/nrf_cc310_platform/lib/cortex-m33/soft-float/no-interrupts/libnrf_cc310_platform_0.9.18.a(llf_rnd.c.obj)
                0x0000000000010b6c                LLF_RND_GetFastestRosc
 .text.LLF_RND_TurnOffTrng
                0x0000000000010b8c       0x18 /opt/nordic/ncs/v2.5.1/nrfxlib/crypto/nrf_cc310_platform/lib/cortex-m33/soft-float/no-interrupts/libnrf_cc310_platform_0.9.18.a(llf_rnd.c.obj)
                0x0000000000010b8c                LLF_RND_TurnOffTrng
 .text.SetDataBuffersInfo
                0x0000000000010ba4       0x68 /opt/nordic/ncs/v2.5.1/nrfxlib/crypto/nrf_cc310_platform/lib/cortex-m33/soft-float/no-interrupts/libnrf_cc310_platform_0.9.18.a(driver_common.c.obj)
                0x0000000000010ba4                SetDataBuffersInfo
 .text.InitHashDrv
                0x0000000000010c0c       0x50 /opt/nordic/ncs/v2.5.1/nrfxlib/crypto/nrf_cc310_platform/lib/cortex-m33/soft-float/no-interrupts/libnrf_cc310_platform_0.9.18.a(hash_driver.c.obj)
                0x0000000000010c0c                InitHashDrv
 .text.ProcessHashDrv
                0x0000000000010c5c      0x22c /opt/nordic/ncs/v2.5.1/nrfxlib/crypto/nrf_cc310_platform/lib/cortex-m33/soft-float/no-interrupts/libnrf_cc310_platform_0.9.18.a(hash_driver.c.obj)
                0x0000000000010c5c                ProcessHashDrv
 .text.FinishHashDrv
                0x0000000000010e88       0x74 /opt/nordic/ncs/v2.5.1/nrfxlib/crypto/nrf_cc310_platform/lib/cortex-m33/soft-float/no-interrupts/libnrf_cc310_platform_0.9.18.a(hash_driver.c.obj)
                0x0000000000010e88                FinishHashDrv
 .text.LoadAesKey
                0x0000000000010efc       0xe8 /opt/nordic/ncs/v2.5.1/nrfxlib/crypto/nrf_cc310_platform/lib/cortex-m33/soft-float/no-interrupts/libnrf_cc310_platform_0.9.18.a(aes_driver.c.obj)
 .text.InitAes.part.0
                0x0000000000010fe4       0xe4 /opt/nordic/ncs/v2.5.1/nrfxlib/crypto/nrf_cc310_platform/lib/cortex-m33/soft-float/no-interrupts/libnrf_cc310_platform_0.9.18.a(aes_driver.c.obj)
 .text.write_invalid_key
                0x00000000000110c8       0x30 /opt/nordic/ncs/v2.5.1/nrfxlib/crypto/nrf_cc310_platform/lib/cortex-m33/soft-float/no-interrupts/libnrf_cc310_platform_0.9.18.a(aes_driver.c.obj)
                0x00000000000110c8                write_invalid_key
 .text.ProcessAesDrv
                0x00000000000110f8      0x368 /opt/nordic/ncs/v2.5.1/nrfxlib/crypto/nrf_cc310_platform/lib/cortex-m33/soft-float/no-interrupts/libnrf_cc310_platform_0.9.18.a(aes_driver.c.obj)
                0x00000000000110f8                ProcessAesDrv
 .text.FinishAesDrv
                0x0000000000011460      0x254 /opt/nordic/ncs/v2.5.1/nrfxlib/crypto/nrf_cc310_platform/lib/cortex-m33/soft-float/no-interrupts/libnrf_cc310_platform_0.9.18.a(aes_driver.c.obj)
                0x0000000000011460                FinishAesDrv
 .text.kmu_validate_slot_and_size
                0x00000000000116b4       0x2c /opt/nordic/ncs/v2.5.1/nrfxlib/crypto/nrf_cc310_platform/lib/cortex-m33/soft-float/no-interrupts/libnrf_cc310_platform_0.9.18.a(kmu_shared.c.obj)
                0x00000000000116b4                kmu_validate_slot_and_size
 .text.kmu_validate_slot_and_size_no_kdr
                0x00000000000116e0       0x80 /opt/nordic/ncs/v2.5.1/nrfxlib/crypto/nrf_cc310_platform/lib/cortex-m33/soft-float/no-interrupts/libnrf_cc310_platform_0.9.18.a(kmu_shared.c.obj)
                0x00000000000116e0                kmu_validate_slot_and_size_no_kdr
 .text.kmu_validate_kdr_slot_and_size
                0x0000000000011760       0x48 /opt/nordic/ncs/v2.5.1/nrfxlib/crypto/nrf_cc310_platform/lib/cortex-m33/soft-float/no-interrupts/libnrf_cc310_platform_0.9.18.a(kmu_shared.c.obj)
                0x0000000000011760                kmu_validate_kdr_slot_and_size
 .text.kmu_use_kdr_key
                0x00000000000117a8       0x14 /opt/nordic/ncs/v2.5.1/nrfxlib/crypto/nrf_cc310_platform/lib/cortex-m33/soft-float/no-interrupts/libnrf_cc310_platform_0.9.18.a(kmu_shared.c.obj)
                0x00000000000117a8                kmu_use_kdr_key
 .text.kmu_load_key_aes
                0x00000000000117bc       0x94 /opt/nordic/ncs/v2.5.1/nrfxlib/crypto/nrf_cc310_platform/lib/cortex-m33/soft-float/no-interrupts/libnrf_cc310_platform_0.9.18.a(kmu_shared.c.obj)
                0x00000000000117bc                kmu_load_key_aes
 .text.kmu_derive_cmac
                0x0000000000011850      0x170 /opt/nordic/ncs/v2.5.1/nrfxlib/crypto/nrf_cc310_platform/lib/cortex-m33/soft-float/no-interrupts/libnrf_cc310_platform_0.9.18.a(kmu_shared.c.obj)
                0x0000000000011850                kmu_derive_cmac
 .text.UtilCmacBuildDataForDerivation
                0x00000000000119c0       0xc0 /opt/nordic/ncs/v2.5.1/nrfxlib/crypto/nrf_cc310_platform/lib/cortex-m33/soft-float/no-interrupts/libnrf_cc310_platform_0.9.18.a(cc_util_cmac.c.obj)
                0x00000000000119c0                UtilCmacBuildDataForDerivation
 .text.CC_PalDataBufferAttrGet
                0x0000000000011a80        0x8 /opt/nordic/ncs/v2.5.1/nrfxlib/crypto/nrf_cc310_platform/lib/cortex-m33/soft-float/no-interrupts/libnrf_cc310_platform_0.9.18.a(cc_pal_buff_attr.c.obj)
                0x0000000000011a80                CC_PalDataBufferAttrGet
 .text          0x0000000000011a88       0xc8 /opt/nordic/ncs/toolchains/20d68df7e5/opt/zephyr-sdk/arm-zephyr-eabi/bin/../lib/gcc/arm-zephyr-eabi/12.2.0/thumb/v8-m.main/nofp/libgcc.a(cmse.o)
                0x0000000000011a88                cmse_check_address_range
 .text.exit     0x0000000000011b50       0x28 /opt/nordic/ncs/toolchains/20d68df7e5/opt/zephyr-sdk/arm-zephyr-eabi/bin/../lib/gcc/arm-zephyr-eabi/12.2.0/../../../../arm-zephyr-eabi/lib/thumb/v8-m.main/nofp/libc_nano.a(lib_a-exit.o)
                0x0000000000011b50                exit
 .text.__libc_init_array
                0x0000000000011b78       0x48 /opt/nordic/ncs/toolchains/20d68df7e5/opt/zephyr-sdk/arm-zephyr-eabi/bin/../lib/gcc/arm-zephyr-eabi/12.2.0/../../../../arm-zephyr-eabi/lib/thumb/v8-m.main/nofp/libc_nano.a(lib_a-init.o)
                0x0000000000011b78                __libc_init_array
 .text.memmove  0x0000000000011bc0       0x34 /opt/nordic/ncs/toolchains/20d68df7e5/opt/zephyr-sdk/arm-zephyr-eabi/bin/../lib/gcc/arm-zephyr-eabi/12.2.0/../../../../arm-zephyr-eabi/lib/thumb/v8-m.main/nofp/libc_nano.a(lib_a-memmove.o)
                0x0000000000011bc0                memmove
 .text._exit    0x0000000000011bf4        0x4 /opt/nordic/ncs/toolchains/20d68df7e5/opt/zephyr-sdk/arm-zephyr-eabi/bin/../lib/gcc/arm-zephyr-eabi/12.2.0/../../../../arm-zephyr-eabi/lib/thumb/v8-m.main/nofp/libnosys.a(_exit.o)
                0x0000000000011bf4                _exit
 *(.init)
 .init          0x0000000000011bf8        0x4 /opt/nordic/ncs/toolchains/20d68df7e5/opt/zephyr-sdk/arm-zephyr-eabi/bin/../lib/gcc/arm-zephyr-eabi/12.2.0/thumb/v8-m.main/nofp/crti.o
                0x0000000000011bf8                _init
 .init          0x0000000000011bfc        0x8 /opt/nordic/ncs/toolchains/20d68df7e5/opt/zephyr-sdk/arm-zephyr-eabi/bin/../lib/gcc/arm-zephyr-eabi/12.2.0/thumb/v8-m.main/nofp/crtn.o
 *(.fini)
 .fini          0x0000000000011c04        0x4 /opt/nordic/ncs/toolchains/20d68df7e5/opt/zephyr-sdk/arm-zephyr-eabi/bin/../lib/gcc/arm-zephyr-eabi/12.2.0/thumb/v8-m.main/nofp/crti.o
                0x0000000000011c04                _fini
 .fini          0x0000000000011c08        0x8 /opt/nordic/ncs/toolchains/20d68df7e5/opt/zephyr-sdk/arm-zephyr-eabi/bin/../lib/gcc/arm-zephyr-eabi/12.2.0/thumb/v8-m.main/nofp/crtn.o
 *crtbegin.o(.ctors)
 *crtbegin?.o(.ctors)
 *(EXCLUDE_FILE(*crtend.o *crtend?.o) .ctors)
 *(SORT_BY_NAME(.ctors.*))
 *(.ctors)
 *crtbegin.o(.dtors)
 *crtbegin?.o(.dtors)
 *(EXCLUDE_FILE(*crtend.o *crtend?.o) .dtors)
 *(SORT_BY_NAME(.dtors.*))
 *(.dtors)
 *(.rodata*)
 .rodata.str1.1
                0x0000000000011c10        0xb secure_fw/CMakeFiles/tfm_s.dir/__/generated/secure_fw/partitions/crypto/auto_generated/load_info_tfm_crypto.o
 .rodata.str1.1
                0x0000000000011c1b       0x15 secure_fw/CMakeFiles/tfm_s.dir/__/generated/secure_fw/partitions/platform/auto_generated/load_info_tfm_platform.o
 .rodata.psa_api_cross
                0x0000000000011c30       0x2c secure_fw/partitions/lib/runtime/libtfm_sprt.a(psa_interface_cross.o)
                0x0000000000011c30                psa_api_cross
 .rodata.CSWTCH.10
                0x0000000000011c5c       0x1c /opt/nordic/ncs/v2.5.1/nrfxlib/crypto/nrf_cc310_platform/lib/cortex-m33/soft-float/no-interrupts/libnrf_cc310_platform_0.9.18.a(nrf_cc3xx_platform.c.obj)
 .rodata.RndStartupTest.constprop.0.str1.4
                0x0000000000011c78       0x6f /opt/nordic/ncs/v2.5.1/nrfxlib/crypto/nrf_cc310_platform/lib/cortex-m33/soft-float/no-interrupts/libnrf_cc310_platform_0.9.18.a(cc_lib.c.obj)
 *fill*         0x0000000000011ce7        0x1 
 .rodata.CC_PalPowerSaveModeInit.str1.4
                0x0000000000011ce8       0x20 /opt/nordic/ncs/v2.5.1/nrfxlib/crypto/nrf_cc310_platform/lib/cortex-m33/soft-float/no-interrupts/libnrf_cc310_platform_0.9.18.a(cc_pal_pm.c.obj)
 .rodata.mutex_free.str1.4
                0x0000000000011d08       0x26 /opt/nordic/ncs/v2.5.1/nrfxlib/crypto/nrf_cc310_platform/lib/cortex-m33/soft-float/no-interrupts/libnrf_cc310_platform_0.9.18.a(nrf_cc3xx_platform_mutex.c.obj)
 *fill*         0x0000000000011d2e        0x2 
 .rodata.mutex_init.str1.4
                0x0000000000011d30       0x23 /opt/nordic/ncs/v2.5.1/nrfxlib/crypto/nrf_cc310_platform/lib/cortex-m33/soft-float/no-interrupts/libnrf_cc310_platform_0.9.18.a(nrf_cc3xx_platform_mutex.c.obj)
 *fill*         0x0000000000011d53        0x1 
 .rodata.mbedtls_hardware_poll.str1.4
                0x0000000000011d54       0x16 /opt/nordic/ncs/v2.5.1/nrfxlib/crypto/nrf_cc310_platform/lib/cortex-m33/soft-float/no-interrupts/libnrf_cc310_platform_0.9.18.a(trng_api.c.obj)
                                         0x6e (size before relaxing)
 *fill*         0x0000000000011d6a        0x2 
 .rodata.cc_mbedtls_aes_init.str1.4
                0x0000000000011d6c       0x13 /opt/nordic/ncs/v2.5.1/nrfxlib/crypto/nrf_cc310_platform/lib/cortex-m33/soft-float/no-interrupts/libnrf_cc310_platform_0.9.18.a(aes_alt.c.obj)
 *fill*         0x0000000000011d7f        0x1 
 .rodata.cc_mbedtls_sha256_init.str1.4
                0x0000000000011d80        0xe /opt/nordic/ncs/v2.5.1/nrfxlib/crypto/nrf_cc310_platform/lib/cortex-m33/soft-float/no-interrupts/libnrf_cc310_platform_0.9.18.a(sha256_alt.c.obj)
 .rodata.ProcessHashDrv.str1.4
                0x0000000000011d8e       0x6f /opt/nordic/ncs/v2.5.1/nrfxlib/crypto/nrf_cc310_platform/lib/cortex-m33/soft-float/no-interrupts/libnrf_cc310_platform_0.9.18.a(hash_driver.c.obj)
 *fill*         0x0000000000011d8e        0x2 
 .rodata.HASH_LARVAL_SHA256
                0x0000000000011d90       0x20 /opt/nordic/ncs/v2.5.1/nrfxlib/crypto/nrf_cc310_platform/lib/cortex-m33/soft-float/no-interrupts/libnrf_cc310_platform_0.9.18.a(hash_driver.c.obj)
 .rodata.HASH_LARVAL_SHA224
                0x0000000000011db0       0x20 /opt/nordic/ncs/v2.5.1/nrfxlib/crypto/nrf_cc310_platform/lib/cortex-m33/soft-float/no-interrupts/libnrf_cc310_platform_0.9.18.a(hash_driver.c.obj)
 .rodata.HASH_LARVAL_SHA1
                0x0000000000011dd0       0x14 /opt/nordic/ncs/v2.5.1/nrfxlib/crypto/nrf_cc310_platform/lib/cortex-m33/soft-float/no-interrupts/libnrf_cc310_platform_0.9.18.a(hash_driver.c.obj)
 .rodata.ProcessAesDrv.str1.4
                0x0000000000011de4       0x6f /opt/nordic/ncs/v2.5.1/nrfxlib/crypto/nrf_cc310_platform/lib/cortex-m33/soft-float/no-interrupts/libnrf_cc310_platform_0.9.18.a(aes_driver.c.obj)
 .rodata._global_impure_ptr
                0x0000000000011de4        0x4 /opt/nordic/ncs/toolchains/20d68df7e5/opt/zephyr-sdk/arm-zephyr-eabi/bin/../lib/gcc/arm-zephyr-eabi/12.2.0/../../../../arm-zephyr-eabi/lib/thumb/v8-m.main/nofp/libc_nano.a(lib_a-impure.o)
                0x0000000000011de4                _global_impure_ptr
 *(.eh_frame*)
 .eh_frame      0x0000000000011de8        0x0 /opt/nordic/ncs/toolchains/20d68df7e5/opt/zephyr-sdk/arm-zephyr-eabi/bin/../lib/gcc/arm-zephyr-eabi/12.2.0/thumb/v8-m.main/nofp/crtbegin.o
 .eh_frame      0x0000000000011de8        0x4 /opt/nordic/ncs/toolchains/20d68df7e5/opt/zephyr-sdk/arm-zephyr-eabi/bin/../lib/gcc/arm-zephyr-eabi/12.2.0/thumb/v8-m.main/nofp/crtend.o
                0x0000000000011e60                . = ALIGN (0x20)
 *fill*         0x0000000000011dec       0x14 
                0x000000000000e860                Image$$TFM_UNPRIV_CODE$$RO$$Base = ADDR (.TFM_UNPRIV_CODE)