Archive member included to satisfy reference by file (symbol)

app/libapp.a(main.c.obj)      (--whole-archive)
app/libapp.a(flash_map_extended.c.obj)
                              (--whole-archive)
app/libapp.a(os.c.obj)        (--whole-archive)
app/libapp.a(keys.c.obj)      (--whole-archive)
app/libapp.a(image_validate.c.obj)
                              (--whole-archive)
app/libapp.a(tlv.c.obj)       (--whole-archive)
app/libapp.a(encrypted.c.obj)
                              (--whole-archive)
app/libapp.a(image_rsa.c.obj)
                              (--whole-archive)
app/libapp.a(image_ecdsa.c.obj)
                              (--whole-archive)
app/libapp.a(image_ed25519.c.obj)
                              (--whole-archive)
app/libapp.a(bootutil_misc.c.obj)
                              (--whole-archive)
app/libapp.a(fault_injection_hardening.c.obj)
                              (--whole-archive)
app/libapp.a(loader.c.obj)    (--whole-archive)
app/libapp.a(swap_misc.c.obj)
                              (--whole-archive)
app/libapp.a(swap_scratch.c.obj)
                              (--whole-archive)
app/libapp.a(swap_move.c.obj)
                              (--whole-archive)
app/libapp.a(caps.c.obj)      (--whole-archive)
app/libapp.a(autogen-pubkey.c.obj)
                              (--whole-archive)
app/libapp.a(arm_cleanup.c.obj)
                              (--whole-archive)
app/libapp.a(nrf_cleanup.c.obj)
                              (--whole-archive)
zephyr/libzephyr.a(crc32c_sw.c.obj)
                              (--whole-archive)
zephyr/libzephyr.a(crc32_sw.c.obj)
                              (--whole-archive)
zephyr/libzephyr.a(crc16_sw.c.obj)
                              (--whole-archive)
zephyr/libzephyr.a(crc8_sw.c.obj)
                              (--whole-archive)
zephyr/libzephyr.a(crc7_sw.c.obj)
                              (--whole-archive)
zephyr/libzephyr.a(base64.c.obj)
                              (--whole-archive)
zephyr/libzephyr.a(cbprintf_packaged.c.obj)
                              (--whole-archive)
zephyr/libzephyr.a(dec.c.obj)
                              (--whole-archive)
zephyr/libzephyr.a(fdtable.c.obj)
                              (--whole-archive)
zephyr/libzephyr.a(hex.c.obj)
                              (--whole-archive)
zephyr/libzephyr.a(printk.c.obj)
                              (--whole-archive)
zephyr/libzephyr.a(rb.c.obj)  (--whole-archive)
zephyr/libzephyr.a(sem.c.obj)
                              (--whole-archive)
zephyr/libzephyr.a(thread_entry.c.obj)
                              (--whole-archive)
zephyr/libzephyr.a(timeutil.c.obj)
                              (--whole-archive)
zephyr/libzephyr.a(heap.c.obj)
                              (--whole-archive)
zephyr/libzephyr.a(heap-validate.c.obj)
                              (--whole-archive)
zephyr/libzephyr.a(bitarray.c.obj)
                              (--whole-archive)
zephyr/libzephyr.a(multi_heap.c.obj)
                              (--whole-archive)
zephyr/libzephyr.a(onoff.c.obj)
                              (--whole-archive)
zephyr/libzephyr.a(notify.c.obj)
                              (--whole-archive)
zephyr/libzephyr.a(cbprintf_nano.c.obj)
                              (--whole-archive)
zephyr/libzephyr.a(cbprintf.c.obj)
                              (--whole-archive)
zephyr/libzephyr.a(assert.c.obj)
                              (--whole-archive)
zephyr/libzephyr.a(reboot.c.obj)
                              (--whole-archive)
zephyr/libzephyr.a(configs.c.obj)
                              (--whole-archive)
zephyr/libzephyr.a(soc.c.obj)
                              (--whole-archive)
zephyr/libzephyr.a(soc_nrf_common.S.obj)
                              (--whole-archive)
zephyr/libzephyr.a(validate_base_addresses.c.obj)
                              (--whole-archive)
zephyr/libzephyr.a(validate_enabled_instances.c.obj)
                              (--whole-archive)
zephyr/libzephyr.a(nrf52840_reset.c.obj)
                              (--whole-archive)
zephyr/libzephyr.a(log_minimal.c.obj)
                              (--whole-archive)
zephyr/libzephyr.a(flash_map.c.obj)
                              (--whole-archive)
zephyr/libzephyr.a(flash_map_layout.c.obj)
                              (--whole-archive)
zephyr/libzephyr.a(tracing_none.c.obj)
                              (--whole-archive)
zephyr/libzephyr.a(adp536x.c.obj)
                              (--whole-archive)
zephyr/libzephyr.a(flash_map_partition_manager.c.obj)
                              (--whole-archive)
zephyr/libzephyr.a(nrf_cc3xx_platform_abort_zephyr.c.obj)
                              (--whole-archive)
zephyr/libzephyr.a(nrf_cc3xx_platform_no_mutex_zephyr.c.obj)
                              (--whole-archive)
zephyr/libzephyr.a(serial_adapter.c.obj)
                              (--whole-archive)
zephyr/libzephyr.a(boot_serial.c.obj)
                              (--whole-archive)
[...]
Memory Configuration

Name             Origin             Length             Attributes
FLASH            0x0000000000000000 0x000000000000c000 xr
RAM              0x0000000020000000 0x0000000000008000 xw
IDT_LIST         0x00000000fffff7ff 0x0000000000000800 xw
*default*        0x0000000000000000 0xffffffffffffffff

Linker script and memory map

LOAD zephyr/CMakeFiles/zephyr_pre0.dir/misc/empty_file.c.obj
LOAD app/libapp.a
LOAD zephyr/libzephyr.a
LOAD zephyr/arch/common/libarch__common.a
LOAD zephyr/arch/arch/arm/core/aarch32/libarch__arm__core__aarch32.a
LOAD zephyr/arch/arch/arm/core/aarch32/cortex_m/libarch__arm__core__aarch32__cortex_m.a
LOAD zephyr/arch/arch/arm/core/aarch32/cortex_m/cmse/libarch__arm__core__aarch32__cortex_m__cmse.a
LOAD zephyr/lib/libc/minimal/liblib__libc__minimal.a
LOAD zephyr/lib/libc/common/liblib__libc__common.a
LOAD zephyr/drivers/clock_control/libdrivers__clock_control.a
LOAD zephyr/drivers/flash/libdrivers__flash.a
LOAD zephyr/drivers/gpio/libdrivers__gpio.a
LOAD zephyr/drivers/pinctrl/libdrivers__pinctrl.a
LOAD zephyr/drivers/serial/libdrivers__serial.a
LOAD zephyr/drivers/timer/libdrivers__timer.a
LOAD modules/nrf/lib/fatal_error/lib..__nrf__lib__fatal_error.a
LOAD modules/nrf/drivers/hw_cc310/lib..__nrf__drivers__hw_cc310.a
LOAD modules/mcuboot/boot/bootutil/zephyr/libmcuboot_util.a
LOAD modules/mbedtls/libmbedTLSBase.a
LOAD modules/mbedtls/libmbedTLSCrypto.a
LOAD modules/mbedtls/libmbedTLSX509.a
LOAD modules/mbedtls/libmodules__mbedtls.a
LOAD modules/hal_nordic/nrfx/libmodules__hal_nordic__nrfx.a
LOAD modules/zcbor/libmodules__zcbor.a
LOAD zephyr/kernel/libkernel.a
LOAD zephyr/CMakeFiles/offsets.dir/./arch/arm/core/offsets/offsets.c.obj
LOAD /opt/nordic/ncs/toolchains/20d68df7e5/opt/zephyr-sdk/arm-zephyr-eabi/bin/../lib/gcc/arm-zephyr-eabi/12.2.0/thumb/v8-m.main/nofp/libgcc.a
LOAD zephyr/arch/common/libisr_tables.a
LOAD modules/mbedtls/libmbedTLSBase.a
LOAD modules/mbedtls/libmbedTLSCrypto.a
LOAD modules/mbedtls/libmbedTLSX509.a
LOAD /opt/nordic/ncs/v2.5.1/nrfxlib/crypto/nrf_cc310_platform/lib/cortex-m33/soft-float/no-interrupts/libnrf_cc310_platform_0.9.18.a
                0x0000000000000004                _region_min_align = 0x4

.rel.plt        0x0000000000000000        0x0
 *(SORT_BY_ALIGNMENT(.rel.plt))
                [!provide]                        PROVIDE (__rel_iplt_start = .)
 *(SORT_BY_ALIGNMENT(.rel.iplt))
 .rel.iplt      0x0000000000000000        0x0 app/libapp.a(main.c.obj)
                [!provide]                        PROVIDE (__rel_iplt_end = .)

.rela.plt       0x0000000000000000        0x0
 *(SORT_BY_ALIGNMENT(.rela.plt))
                [!provide]                        PROVIDE (__rela_iplt_start = .)
 *(SORT_BY_ALIGNMENT(.rela.iplt))
                [!provide]                        PROVIDE (__rela_iplt_end = .)

.rel.dyn
 *(SORT_BY_ALIGNMENT(.rel.*))

.rela.dyn
 *(SORT_BY_ALIGNMENT(.rela.*))

/DISCARD/
 *(SORT_BY_ALIGNMENT(.plt))

/DISCARD/
 *(SORT_BY_ALIGNMENT(.iplt))
                0x0000000000000000                __rom_region_start = 0x0

rom_start       0x0000000000000000      0x144
                0x0000000000000000                __rom_start_address = .
                0x0000000000000000                . = (. + (0x0 - (. - __rom_start_address)))
                0x0000000000000000                . = ALIGN (0x4)
                0x0000000000000000                . = ALIGN (0x80)
                0x0000000000000000                . = ALIGN (0x200)
                0x0000000000000000                _vector_start = .
 *(SORT_BY_ALIGNMENT(.exc_vector_table))
 *(SORT_BY_ALIGNMENT(.exc_vector_table.*))
 .exc_vector_table._vector_table_section
                0x0000000000000000       0x40 zephyr/arch/arch/arm/core/aarch32/cortex_m/libarch__arm__core__aarch32__cortex_m.a(vector_table.S.obj)
                0x0000000000000000                _vector_table
 *(SORT_BY_ALIGNMENT(.vectors))
                0x0000000000000144                _vector_end = .
                0x0000000000000040                . = ALIGN (0x4)
 *(SORT_BY_ALIGNMENT(.gnu.linkonce.irq_vector_table*))
 .gnu.linkonce.irq_vector_table
                0x0000000000000040      0x104 zephyr/arch/common/libisr_tables.a(isr_tables.c.obj)
                0x0000000000000040                _irq_vector_table
                0x0000000000000144                _vector_end = .

text            0x0000000000000144     0x873c
                0x0000000000000144                __text_region_start = .
 *(SORT_BY_ALIGNMENT(.text))
 .text          0x0000000000000144       0x30 /opt/nordic/ncs/toolchains/20d68df7e5/opt/zephyr-sdk/arm-zephyr-eabi/bin/../lib/gcc/arm-zephyr-eabi/12.2.0/thumb/v8-m.main/nofp/libgcc.a(_aeabi_uldivmod.o)
                0x0000000000000144                __aeabi_uldivmod
 .text          0x0000000000000174        0x4 /opt/nordic/ncs/toolchains/20d68df7e5/opt/zephyr-sdk/arm-zephyr-eabi/bin/../lib/gcc/arm-zephyr-eabi/12.2.0/thumb/v8-m.main/nofp/libgcc.a(_dvmd_tls.o)
                0x0000000000000174                __aeabi_ldiv0
                0x0000000000000174                __aeabi_idiv0
 .text          0x0000000000000178      0x29c /opt/nordic/ncs/toolchains/20d68df7e5/opt/zephyr-sdk/arm-zephyr-eabi/bin/../lib/gcc/arm-zephyr-eabi/12.2.0/thumb/v8-m.main/nofp/libgcc.a(_udivmoddi4.o)
                0x0000000000000178                __udivmoddi4
 *(SORT_BY_ALIGNMENT(.text.*))
 .text.main     0x0000000000000414      0x140 app/libapp.a(main.c.obj)
                0x0000000000000414                main
 .text.flash_device_base
                0x0000000000000554       0x20 app/libapp.a(flash_map_extended.c.obj)
                0x0000000000000554                flash_device_base
 .text.flash_area_id_from_multi_image_slot
                0x0000000000000574       0x24 app/libapp.a(flash_map_extended.c.obj)
                0x0000000000000574                flash_area_id_from_multi_image_slot
 .text.os_heap_init
                0x0000000000000598       0x10 app/libapp.a(os.c.obj)
                0x0000000000000598                os_heap_init
 .text.bootutil_img_validate
                0x00000000000005a8      0x1f8 app/libapp.a(image_validate.c.obj)
                0x00000000000005a8                bootutil_img_validate
 .text.bootutil_verify_sig
                0x00000000000007a0      0x208 app/libapp.a(image_rsa.c.obj)
                0x00000000000007a0                bootutil_verify_sig
 .text.boot_fih_memequal
                0x00000000000009a8       0x30 app/libapp.a(bootutil_misc.c.obj)
                0x00000000000009a8                boot_fih_memequal
 .text.boot_status_entries
                0x00000000000009d8       0x2c app/libapp.a(bootutil_misc.c.obj)
                0x00000000000009d8                boot_status_entries
 .text.boot_find_status
                0x0000000000000a04       0x48 app/libapp.a(bootutil_misc.c.obj)
                0x0000000000000a04                boot_find_status
 .text.bootutil_max_image_size
                0x0000000000000a4c       0x2c app/libapp.a(bootutil_misc.c.obj)
                0x0000000000000a4c                bootutil_max_image_size
 .text.fih_cfi_get_and_increment
                0x0000000000000a78       0x10 app/libapp.a(fault_injection_hardening.c.obj)
                0x0000000000000a78                fih_cfi_get_and_increment
 .text.fih_cfi_decrement
                0x0000000000000a88       0x10 app/libapp.a(fault_injection_hardening.c.obj)
                0x0000000000000a88                fih_cfi_decrement
 .text.fih_cfi_validate
                0x0000000000000a98       0x14 app/libapp.a(fault_injection_hardening.c.obj)
                0x0000000000000a98                fih_cfi_validate
 .text.boot_validate_slot.isra.0
                0x0000000000000aac      0x12c app/libapp.a(loader.c.obj)
 .text.boot_swap_image.isra.0
                0x0000000000000bd8       0x88 app/libapp.a(loader.c.obj)
 .text.boot_copy_region
                0x0000000000000c60       0x84 app/libapp.a(loader.c.obj)
                0x0000000000000c60                boot_copy_region
 .text.context_boot_go
                0x0000000000000ce4      0x2ac app/libapp.a(loader.c.obj)
                0x0000000000000ce4                context_boot_go
 .text.boot_go  0x0000000000000f90       0x34 app/libapp.a(loader.c.obj)
                0x0000000000000f90                boot_go
 .text.swap_set_copy_done
                0x0000000000000fc4       0x2c app/libapp.a(swap_misc.c.obj)
                0x0000000000000fc4                swap_set_copy_done
 .text.swap_set_image_ok
                0x0000000000000ff0       0x44 app/libapp.a(swap_misc.c.obj)
                0x0000000000000ff0                swap_set_image_ok
 .text.boot_read_image_header
                0x0000000000001034       0xcc app/libapp.a(swap_move.c.obj)
                0x0000000000001034                boot_read_image_header
 .text.swap_read_status_bytes
                0x0000000000001100       0xc8 app/libapp.a(swap_move.c.obj)
                0x0000000000001100                swap_read_status_bytes
 .text.boot_slots_compatible
                0x00000000000011c8       0x70 app/libapp.a(swap_move.c.obj)
                0x00000000000011c8                boot_slots_compatible
 .text.swap_status_source
                0x0000000000001238       0xcc app/libapp.a(swap_move.c.obj)
                0x0000000000001238                swap_status_source
 .text.fixup_revert
                0x0000000000001304       0x98 app/libapp.a(swap_move.c.obj)
                0x0000000000001304                fixup_revert
 .text.swap_run
                0x000000000000139c      0x1f0 app/libapp.a(swap_move.c.obj)
                0x000000000000139c                swap_run
 .text.cleanup_arm_nvic
                0x000000000000158c       0x38 app/libapp.a(arm_cleanup.c.obj)
                0x000000000000158c                cleanup_arm_nvic
 .text.z_arm_clear_arm_mpu_config
                0x00000000000015c4       0x24 app/libapp.a(arm_cleanup.c.obj)
                0x00000000000015c4                z_arm_clear_arm_mpu_config
 .text.nrf_cleanup_peripheral
                0x00000000000015e8       0x90 app/libapp.a(nrf_cleanup.c.obj)
                0x00000000000015e8                nrf_cleanup_peripheral
 .text.base64_encode
                0x0000000000001678       0xfc zephyr/libzephyr.a(base64.c.obj)
                0x0000000000001678                base64_encode
 .text.base64_decode
                0x0000000000001774      0x140 zephyr/libzephyr.a(base64.c.obj)
                0x0000000000001774                base64_decode
 .text.char_out
                0x00000000000018b4        0xc zephyr/libzephyr.a(printk.c.obj)
 .text.vprintk  0x00000000000018c0       0x1c zephyr/libzephyr.a(printk.c.obj)
                0x00000000000018c0                vprintk
 .text.process_event
                0x00000000000018dc      0x21c zephyr/libzephyr.a(onoff.c.obj)
 .text.z_cbvprintf_impl
                0x0000000000001af8      0x444 zephyr/libzephyr.a(cbprintf_nano.c.obj)
                0x0000000000001af8                z_cbvprintf_impl
 .text.sys_reboot
                0x0000000000001f3c       0x30 zephyr/libzephyr.a(reboot.c.obj)
                0x0000000000001f3c                sys_reboot
 .text.nordicsemi_nrf91_init
                0x0000000000001f6c       0x10 zephyr/libzephyr.a(soc.c.obj)
 .text.arch_busy_wait
                0x0000000000001f7c       0x14 zephyr/libzephyr.a(soc.c.obj)
                0x0000000000001f7c                arch_busy_wait
 .text.z_arm_platform_init
                0x0000000000001f90        0x4 zephyr/libzephyr.a(soc_nrf_common.S.obj)
                0x0000000000001f90                z_arm_platform_init
 .text.flash_area_open
                0x0000000000001f94       0x50 zephyr/libzephyr.a(flash_map.c.obj)
                0x0000000000001f94                flash_area_open
 .text.flash_area_get_sectors
                0x0000000000001fe4       0x60 zephyr/libzephyr.a(flash_map_layout.c.obj)
                0x0000000000001fe4                flash_area_get_sectors
 .text.nrf_cc3xx_platform_abort_init
                0x0000000000002044        0xc zephyr/libzephyr.a(nrf_cc3xx_platform_abort_zephyr.c.obj)
                0x0000000000002044                nrf_cc3xx_platform_abort_init
 .text.boot_uart_fifo_callback
                0x0000000000002050       0xb0 zephyr/libzephyr.a(serial_adapter.c.obj)
 .text.console_out
                0x0000000000002100       0x18 zephyr/libzephyr.a(serial_adapter.c.obj)
                0x0000000000002100                console_out
 .text.console_read
                0x0000000000002118       0x94 zephyr/libzephyr.a(serial_adapter.c.obj)
                0x0000000000002118                console_read
 .text.boot_console_init
                0x00000000000021ac       0xa4 zephyr/libzephyr.a(serial_adapter.c.obj)
                0x00000000000021ac                boot_console_init
 .text.boot_serial_output
                0x0000000000002250      0x144 zephyr/libzephyr.a(boot_serial.c.obj)
 .text.erase_range
                0x0000000000002394       0x64 zephyr/libzephyr.a(boot_serial.c.obj)
 .text.boot_serial_in_dec.constprop.0
                0x00000000000023f8       0x68 zephyr/libzephyr.a(boot_serial.c.obj)
 .text.zcbor_tstr_encode_ptr.constprop.0.isra.0
                0x0000000000002460       0x18 zephyr/libzephyr.a(boot_serial.c.obj)
 .text.bs_rc_rsp
                0x0000000000002478       0x38 zephyr/libzephyr.a(boot_serial.c.obj)
 .text.bs_upload
                0x00000000000024b0      0x2b4 zephyr/libzephyr.a(boot_serial.c.obj)
 .text.reset_cbor_state
                0x0000000000002764       0x20 zephyr/libzephyr.a(boot_serial.c.obj)
                0x0000000000002764                reset_cbor_state
 .text.boot_serial_input
                0x0000000000002784      0x23c zephyr/libzephyr.a(boot_serial.c.obj)
                0x0000000000002784                boot_serial_input
 .text.boot_serial_start
                0x00000000000029c0       0xc4 zephyr/libzephyr.a(boot_serial.c.obj)
                0x00000000000029c0                boot_serial_start
 .text.z_arm_cpu_idle_init
                0x0000000000002a84        0xc zephyr/arch/arch/arm/core/aarch32/libarch__arm__core__aarch32.a(cpu_idle.S.obj)
                0x0000000000002a84                z_arm_cpu_idle_init
 .text.arch_cpu_idle
                0x0000000000002a90       0x1c zephyr/arch/arch/arm/core/aarch32/libarch__arm__core__aarch32.a(cpu_idle.S.obj)
                0x0000000000002a90                arch_cpu_idle
 .text.arch_cpu_atomic_idle
                0x0000000000002aac       0x18 zephyr/arch/arch/arm/core/aarch32/libarch__arm__core__aarch32.a(cpu_idle.S.obj)
                0x0000000000002aac                arch_cpu_atomic_idle
 .text.arch_irq_enable
                0x0000000000002ac4       0x1c zephyr/arch/arch/arm/core/aarch32/libarch__arm__core__aarch32.a(irq_manage.c.obj)
                0x0000000000002ac4                arch_irq_enable
 .text.arch_irq_disable
                0x0000000000002ae0       0x28 zephyr/arch/arch/arm/core/aarch32/libarch__arm__core__aarch32.a(irq_manage.c.obj)
                0x0000000000002ae0                arch_irq_disable
 .text.arch_irq_is_enabled
                0x0000000000002b08       0x1c zephyr/arch/arch/arm/core/aarch32/libarch__arm__core__aarch32.a(irq_manage.c.obj)
                0x0000000000002b08                arch_irq_is_enabled
 .text.z_arm_irq_priority_set
                0x0000000000002b24       0x2c zephyr/arch/arch/arm/core/aarch32/libarch__arm__core__aarch32.a(irq_manage.c.obj)
                0x0000000000002b24                z_arm_irq_priority_set
 .text.z_SysNmiOnReset
                0x0000000000002b50        0x8 zephyr/arch/arch/arm/core/aarch32/libarch__arm__core__aarch32.a(nmi_on_reset.S.obj)
                0x0000000000002b50                z_SysNmiOnReset
 .text.z_arm_prep_c
                0x0000000000002b58       0x38 zephyr/arch/arch/arm/core/aarch32/libarch__arm__core__aarch32.a(prep_c.c.obj)
                0x0000000000002b58                z_arm_prep_c
 .text.z_arm_svc
                0x0000000000002b90       0x20 zephyr/arch/arch/arm/core/aarch32/libarch__arm__core__aarch32.a(swap_helper.S.obj)
                0x0000000000002b90                z_arm_svc
 .text.z_arm_switch_to_main_no_multithreading
                0x0000000000002bb0       0x3c zephyr/arch/arch/arm/core/aarch32/libarch__arm__core__aarch32.a(thread.c.obj)
                0x0000000000002bb0                z_arm_switch_to_main_no_multithreading
 .text._isr_wrapper
                0x0000000000002bec       0x28 zephyr/arch/arch/arm/core/aarch32/libarch__arm__core__aarch32.a(isr_wrapper.S.obj)
                0x0000000000002bec                _isr_wrapper
 .text._HandlerModeExit
                0x0000000000002c14        0x4 zephyr/arch/arch/arm/core/aarch32/cortex_m/libarch__arm__core__aarch32__cortex_m.a(exc_exit.S.obj)
                0x0000000000002c14                z_arm_exc_exit
                0x0000000000002c14                z_arm_int_exit
 .text.usage_fault.constprop.0
                0x0000000000002c18       0x5c zephyr/arch/arch/arm/core/aarch32/cortex_m/libarch__arm__core__aarch32__cortex_m.a(fault.c.obj)
 .text.bus_fault.constprop.0
                0x0000000000002c74       0x6c zephyr/arch/arch/arm/core/aarch32/cortex_m/libarch__arm__core__aarch32__cortex_m.a(fault.c.obj)
 .text.mem_manage_fault.constprop.0
                0x0000000000002ce0       0x78 zephyr/arch/arch/arm/core/aarch32/cortex_m/libarch__arm__core__aarch32__cortex_m.a(fault.c.obj)
 .text.z_arm_fault
                0x0000000000002d58      0x118 zephyr/arch/arch/arm/core/aarch32/cortex_m/libarch__arm__core__aarch32__cortex_m.a(fault.c.obj)
                0x0000000000002d58                z_arm_fault
 .text.z_arm_fault_init
                0x0000000000002e70       0x18 zephyr/arch/arch/arm/core/aarch32/cortex_m/libarch__arm__core__aarch32__cortex_m.a(fault.c.obj)
                0x0000000000002e70                z_arm_fault_init
 .text.__fault  0x0000000000002e88       0x14 zephyr/arch/arch/arm/core/aarch32/cortex_m/libarch__arm__core__aarch32__cortex_m.a(fault_s.S.obj)
                0x0000000000002e88                z_arm_bus_fault
                0x0000000000002e88                z_arm_usage_fault
                0x0000000000002e88                z_arm_mpu_fault
                0x0000000000002e88                z_arm_exc_spurious
                0x0000000000002e88                z_arm_debug_monitor
                0x0000000000002e88                z_arm_hard_fault
 .text.z_arm_interrupt_init
                0x0000000000002e9c       0x18 zephyr/arch/arch/arm/core/aarch32/cortex_m/libarch__arm__core__aarch32__cortex_m.a(irq_init.c.obj)
                0x0000000000002e9c                z_arm_interrupt_init
 .text._reset_section
                0x0000000000002eb4       0x60 zephyr/arch/arch/arm/core/aarch32/cortex_m/libarch__arm__core__aarch32__cortex_m.a(reset.S.obj)
                0x0000000000002eb4                z_arm_reset
                0x0000000000002eb4                __start
 .text.sys_arch_reboot
                0x0000000000002f14       0x24 zephyr/arch/arch/arm/core/aarch32/cortex_m/libarch__arm__core__aarch32__cortex_m.a(scb.c.obj)
                0x0000000000002f14                sys_arch_reboot
 .text.z_arm_init_arch_hw_at_boot
                0x0000000000002f38       0x44 zephyr/arch/arch/arm/core/aarch32/cortex_m/libarch__arm__core__aarch32__cortex_m.a(scb.c.obj)
                0x0000000000002f38                z_arm_init_arch_hw_at_boot
 .text.snprintf
                0x0000000000002f7c       0x34 zephyr/lib/libc/minimal/liblib__libc__minimal.a(sprintf.c.obj)
                0x0000000000002f7c                snprintf
 .text.onoff_stop
                0x0000000000002fb0       0x30 zephyr/drivers/clock_control/libdrivers__clock_control.a(clock_control_nrf.c.obj)
 .text.onoff_start
                0x0000000000002fe0       0x44 zephyr/drivers/clock_control/libdrivers__clock_control.a(clock_control_nrf.c.obj)
 .text.generic_hfclk_stop
                0x0000000000003024       0x34 zephyr/drivers/clock_control/libdrivers__clock_control.a(clock_control_nrf.c.obj)
 .text.clk_init
                0x0000000000003058       0x58 zephyr/drivers/clock_control/libdrivers__clock_control.a(clock_control_nrf.c.obj)
 .text.clkstarted_handle.constprop.0
                0x00000000000030b0       0x34 zephyr/drivers/clock_control/libdrivers__clock_control.a(clock_control_nrf.c.obj)
 .text.clock_event_handler
                0x00000000000030e4       0x1c zephyr/drivers/clock_control/libdrivers__clock_control.a(clock_control_nrf.c.obj)
 .text.generic_hfclk_start
                0x0000000000003100       0x64 zephyr/drivers/clock_control/libdrivers__clock_control.a(clock_control_nrf.c.obj)
 .text.z_nrf_clock_control_lf_on
                0x0000000000003164       0xf0 zephyr/drivers/clock_control/libdrivers__clock_control.a(clock_control_nrf.c.obj)
                0x0000000000003164                z_nrf_clock_control_lf_on
 .text.flash_nrf_pages_layout
                0x0000000000003254       0x10 zephyr/drivers/flash/libdrivers__flash.a(soc_flash_nrf.c.obj)
 .text.flash_nrf_get_parameters
                0x0000000000003264        0x8 zephyr/drivers/flash/libdrivers__flash.a(soc_flash_nrf.c.obj)
 .text.nrf_flash_init
                0x000000000000326c       0x18 zephyr/drivers/flash/libdrivers__flash.a(soc_flash_nrf.c.obj)
 .text.flash_nrf_write
                0x0000000000003284       0x4c zephyr/drivers/flash/libdrivers__flash.a(soc_flash_nrf.c.obj)
 .text.gpio_nrfx_pin_interrupt_configure
                0x00000000000032d0       0xd8 zephyr/drivers/gpio/libdrivers__gpio.a(gpio_nrfx.c.obj)
 .text.gpio_nrfx_init
                0x00000000000033a8       0x38 zephyr/drivers/gpio/libdrivers__gpio.a(gpio_nrfx.c.obj)
 .text.nrfx_gpio_handler
                0x00000000000033e0       0x3c zephyr/drivers/gpio/libdrivers__gpio.a(gpio_nrfx.c.obj)
 .text.gpio_nrfx_pin_configure
                0x000000000000341c      0x124 zephyr/drivers/gpio/libdrivers__gpio.a(gpio_nrfx.c.obj)
 .text.pinctrl_configure_pins
                0x0000000000003540      0x15c zephyr/drivers/pinctrl/libdrivers__pinctrl.a(pinctrl_nrf.c.obj)
                0x0000000000003540                pinctrl_configure_pins
 .text.uarte_nrfx_poll_out
                0x000000000000369c       0x90 zephyr/drivers/serial/libdrivers__serial.a(uart_nrfx_uarte.c.obj)
 .text.uarte_nrfx_configure
                0x000000000000372c      0x168 zephyr/drivers/serial/libdrivers__serial.a(uart_nrfx_uarte.c.obj)
 .text.uarte_instance_init.constprop.0
                0x0000000000003894       0xd0 zephyr/drivers/serial/libdrivers__serial.a(uart_nrfx_uarte.c.obj)
 .text.compare_int_lock
                0x0000000000003964       0x40 zephyr/drivers/timer/libdrivers__timer.a(nrf_rtc_timer.c.obj)
 .text.sys_clock_timeout_handler
                0x00000000000039a4       0x48 zephyr/drivers/timer/libdrivers__timer.a(nrf_rtc_timer.c.obj)
 .text.compare_int_unlock
                0x00000000000039ec       0x4c zephyr/drivers/timer/libdrivers__timer.a(nrf_rtc_timer.c.obj)
 .text.z_nrf_rtc_timer_read
                0x0000000000003a38       0x44 zephyr/drivers/timer/libdrivers__timer.a(nrf_rtc_timer.c.obj)
                0x0000000000003a38                z_nrf_rtc_timer_read
 .text.compare_set
                0x0000000000003a7c      0x124 zephyr/drivers/timer/libdrivers__timer.a(nrf_rtc_timer.c.obj)
 .text.sys_clock_driver_init
                0x0000000000003ba0       0x90 zephyr/drivers/timer/libdrivers__timer.a(nrf_rtc_timer.c.obj)
 .text.rtc_nrf_isr
                0x0000000000003c30       0xd0 zephyr/drivers/timer/libdrivers__timer.a(nrf_rtc_timer.c.obj)
                0x0000000000003c30                rtc_nrf_isr
 .text.sys_clock_set_timeout
                0x0000000000003d00       0x64 zephyr/drivers/timer/libdrivers__timer.a(nrf_rtc_timer.c.obj)
                0x0000000000003d00                sys_clock_set_timeout
 .text.sys_clock_elapsed
                0x0000000000003d64       0x14 zephyr/drivers/timer/libdrivers__timer.a(nrf_rtc_timer.c.obj)
                0x0000000000003d64                sys_clock_elapsed
 .text.sys_clock_disable
                0x0000000000003d78       0x30 zephyr/drivers/timer/libdrivers__timer.a(nrf_rtc_timer.c.obj)
                0x0000000000003d78                sys_clock_disable
 .text.boot_write_magic
                0x0000000000003da8       0x40 modules/mcuboot/boot/bootutil/zephyr/libmcuboot_util.a(bootutil_public.c.obj)
                0x0000000000003da8                boot_write_magic
 .text.boot_read_swap_state
                0x0000000000003de8       0xac modules/mcuboot/boot/bootutil/zephyr/libmcuboot_util.a(bootutil_public.c.obj)
                0x0000000000003de8                boot_read_swap_state
 .text.boot_swap_type_multi
                0x0000000000003e94      0x100 modules/mcuboot/boot/bootutil/zephyr/libmcuboot_util.a(bootutil_public.c.obj)
                0x0000000000003e94                boot_swap_type_multi
 .text.mbedtls_calloc
                0x0000000000003f94        0xc modules/mbedtls/libmbedTLSBase.a(platform.c.obj)
                0x0000000000003f94                mbedtls_calloc
 .text.mbedtls_free
                0x0000000000003fa0        0xc modules/mbedtls/libmbedTLSBase.a(platform.c.obj)
                0x0000000000003fa0                mbedtls_free
 .text.mbedtls_platform_set_calloc_free
                0x0000000000003fac       0x14 modules/mbedtls/libmbedTLSBase.a(platform.c.obj)
                0x0000000000003fac                mbedtls_platform_set_calloc_free
 .text.mbedtls_hash_info_psa_from_md
                0x0000000000003fc0       0x18 modules/mbedtls/libmbedTLSBase.a(hash_info.c.obj)
                0x0000000000003fc0                mbedtls_hash_info_psa_from_md
 .text.verify_header
                0x0000000000003fd8       0x40 modules/mbedtls/libmbedTLSBase.a(memory_buffer_alloc.c.obj)
 .text.verify_chain
                0x0000000000004018       0x3c modules/mbedtls/libmbedTLSBase.a(memory_buffer_alloc.c.obj)
 .text.buffer_alloc_calloc
                0x0000000000004054      0x114 modules/mbedtls/libmbedTLSBase.a(memory_buffer_alloc.c.obj)
 .text.buffer_alloc_free
                0x0000000000004168      0x124 modules/mbedtls/libmbedTLSBase.a(memory_buffer_alloc.c.obj)
 .text.mbedtls_memory_buffer_alloc_init
                0x000000000000428c       0x68 modules/mbedtls/libmbedTLSBase.a(memory_buffer_alloc.c.obj)
                0x000000000000428c                mbedtls_memory_buffer_alloc_init
 .text.rsa_check_context.constprop.0
                0x00000000000042f4       0xb8 modules/mbedtls/libmbedTLSBase.a(rsa.c.obj)
 .text.mbedtls_rsa_set_padding
                0x00000000000043ac       0x2c modules/mbedtls/libmbedTLSBase.a(rsa.c.obj)
                0x00000000000043ac                mbedtls_rsa_set_padding
 .text.mbedtls_rsa_check_pubkey
                0x00000000000043d8       0x4c modules/mbedtls/libmbedTLSBase.a(rsa.c.obj)
                0x00000000000043d8                mbedtls_rsa_check_pubkey
 .text.mbedtls_rsa_public
                0x0000000000004424       0x90 modules/mbedtls/libmbedTLSBase.a(rsa.c.obj)
                0x0000000000004424                mbedtls_rsa_public
 .text.mbedtls_sha256_starts
                0x00000000000044b4       0xcc modules/mbedtls/libmbedTLSBase.a(sha256.c.obj)
                0x00000000000044b4                mbedtls_sha256_starts
 .text.mbedtls_internal_sha256_process
                0x0000000000004580      0x148 modules/mbedtls/libmbedTLSBase.a(sha256.c.obj)
                0x0000000000004580                mbedtls_internal_sha256_process
 .text.uicr_HFXOCNT_erased
                0x00000000000046c8       0x40 modules/hal_nordic/nrfx/libmodules__hal_nordic__nrfx.a(system_nrf91.c.obj)
 .text.uicr_HFXOSRC_erased
                0x0000000000004708       0x3c modules/hal_nordic/nrfx/libmodules__hal_nordic__nrfx.a(system_nrf91.c.obj)
 .text.SystemInit
                0x0000000000004744      0x16c modules/hal_nordic/nrfx/libmodules__hal_nordic__nrfx.a(system_nrf91.c.obj)
                0x0000000000004744                SystemInit
 .text.nrfx_flag32_alloc
                0x00000000000048b0       0x40 modules/hal_nordic/nrfx/libmodules__hal_nordic__nrfx.a(nrfx_flag32_allocator.c.obj)
                0x00000000000048b0                nrfx_flag32_alloc
 .text.nrfx_flag32_free
                0x00000000000048f0       0x38 modules/hal_nordic/nrfx/libmodules__hal_nordic__nrfx.a(nrfx_flag32_allocator.c.obj)
                0x00000000000048f0                nrfx_flag32_free
 .text.nrfx_gppi_channels_enable
                0x0000000000004928        0xc modules/hal_nordic/nrfx/libmodules__hal_nordic__nrfx.a(nrfx_gppi_dppi.c.obj)
                0x0000000000004928                nrfx_gppi_channels_enable
 .text.nrfx_clock_init
                0x0000000000004934       0x20 modules/hal_nordic/nrfx/libmodules__hal_nordic__nrfx.a(nrfx_clock.c.obj)
                0x0000000000004934                nrfx_clock_init
 .text.nrfx_power_clock_irq_handler
                0x0000000000004954       0x64 modules/hal_nordic/nrfx/libmodules__hal_nordic__nrfx.a(nrfx_clock.c.obj)
                0x0000000000004954                nrfx_power_clock_irq_handler
 .text.nrfx_dppi_channel_alloc
                0x00000000000049b8        0xc modules/hal_nordic/nrfx/libmodules__hal_nordic__nrfx.a(nrfx_dppi.c.obj)
                0x00000000000049b8                nrfx_dppi_channel_alloc
 .text.nrf_gpio_pin_port_decode
                0x00000000000049c4       0x18 modules/hal_nordic/nrfx/libmodules__hal_nordic__nrfx.a(nrfx_gpiote.c.obj)
 .text.pin_in_use_by_te
                0x00000000000049dc       0x14 modules/hal_nordic/nrfx/libmodules__hal_nordic__nrfx.a(nrfx_gpiote.c.obj)
 .text.pin_is_output
                0x00000000000049f0       0x14 modules/hal_nordic/nrfx/libmodules__hal_nordic__nrfx.a(nrfx_gpiote.c.obj)
 .text.pin_te_get
                0x0000000000004a04       0x14 modules/hal_nordic/nrfx/libmodules__hal_nordic__nrfx.a(nrfx_gpiote.c.obj)
 .text.call_handler
                0x0000000000004a18       0x3c modules/hal_nordic/nrfx/libmodules__hal_nordic__nrfx.a(nrfx_gpiote.c.obj)
 .text.release_handler
                0x0000000000004a54       0x54 modules/hal_nordic/nrfx/libmodules__hal_nordic__nrfx.a(nrfx_gpiote.c.obj)
 .text.__nrfy_internal_gpiote_events_process.constprop.0
                0x0000000000004aa8       0x54 modules/hal_nordic/nrfx/libmodules__hal_nordic__nrfx.a(nrfx_gpiote.c.obj)
 .text.nrfx_gpiote_input_configure
                0x0000000000004afc      0x168 modules/hal_nordic/nrfx/libmodules__hal_nordic__nrfx.a(nrfx_gpiote.c.obj)
                0x0000000000004afc                nrfx_gpiote_input_configure
 .text.nrfx_gpiote_output_configure
                0x0000000000004c64       0xf0 modules/hal_nordic/nrfx/libmodules__hal_nordic__nrfx.a(nrfx_gpiote.c.obj)
                0x0000000000004c64                nrfx_gpiote_output_configure
 .text.nrfx_gpiote_global_callback_set
                0x0000000000004d54        0xc modules/hal_nordic/nrfx/libmodules__hal_nordic__nrfx.a(nrfx_gpiote.c.obj)
                0x0000000000004d54                nrfx_gpiote_global_callback_set
 .text.nrfx_gpiote_channel_get
                0x0000000000004d60       0x2c modules/hal_nordic/nrfx/libmodules__hal_nordic__nrfx.a(nrfx_gpiote.c.obj)
                0x0000000000004d60                nrfx_gpiote_channel_get
 .text.nrfx_gpiote_init
                0x0000000000004d8c       0x50 modules/hal_nordic/nrfx/libmodules__hal_nordic__nrfx.a(nrfx_gpiote.c.obj)
                0x0000000000004d8c                nrfx_gpiote_init
 .text.nrfx_gpiote_is_init
                0x0000000000004ddc       0x14 modules/hal_nordic/nrfx/libmodules__hal_nordic__nrfx.a(nrfx_gpiote.c.obj)
                0x0000000000004ddc                nrfx_gpiote_is_init
 .text.nrfx_gpiote_channel_free
                0x0000000000004df0        0xc modules/hal_nordic/nrfx/libmodules__hal_nordic__nrfx.a(nrfx_gpiote.c.obj)
                0x0000000000004df0                nrfx_gpiote_channel_free
 .text.nrfx_gpiote_channel_alloc
                0x0000000000004dfc        0xc modules/hal_nordic/nrfx/libmodules__hal_nordic__nrfx.a(nrfx_gpiote.c.obj)
                0x0000000000004dfc                nrfx_gpiote_channel_alloc
 .text.nrfx_gpiote_trigger_enable
                0x0000000000004e08       0x94 modules/hal_nordic/nrfx/libmodules__hal_nordic__nrfx.a(nrfx_gpiote.c.obj)
                0x0000000000004e08                nrfx_gpiote_trigger_enable
 .text.nrfx_gpiote_trigger_disable
                0x0000000000004e9c       0x4c modules/hal_nordic/nrfx/libmodules__hal_nordic__nrfx.a(nrfx_gpiote.c.obj)
                0x0000000000004e9c                nrfx_gpiote_trigger_disable
 .text.nrfx_gpiote_pin_uninit
                0x0000000000004ee8       0x80 modules/hal_nordic/nrfx/libmodules__hal_nordic__nrfx.a(nrfx_gpiote.c.obj)
                0x0000000000004ee8                nrfx_gpiote_pin_uninit
 .text.nrfx_gpiote_irq_handler
                0x0000000000004f68      0x14c modules/hal_nordic/nrfx/libmodules__hal_nordic__nrfx.a(nrfx_gpiote.c.obj)
                0x0000000000004f68                nrfx_gpiote_irq_handler
 .text.nvmc_readonly_mode_set
                0x00000000000050b4       0x14 modules/hal_nordic/nrfx/libmodules__hal_nordic__nrfx.a(nrfx_nvmc.c.obj)
 .text.nvmc_word_write
                0x00000000000050c8       0x18 modules/hal_nordic/nrfx/libmodules__hal_nordic__nrfx.a(nrfx_nvmc.c.obj)
 .text.nrfx_nvmc_page_erase
                0x00000000000050e0       0x3c modules/hal_nordic/nrfx/libmodules__hal_nordic__nrfx.a(nrfx_nvmc.c.obj)
                0x00000000000050e0                nrfx_nvmc_page_erase
 .text.nrfx_nvmc_word_write
                0x000000000000511c       0x20 modules/hal_nordic/nrfx/libmodules__hal_nordic__nrfx.a(nrfx_nvmc.c.obj)
                0x000000000000511c                nrfx_nvmc_word_write
 .text.get_result_len
                0x000000000000513c       0x2c modules/zcbor/libmodules__zcbor.a(zcbor_encode.c.obj)
 .text.value_encode_len
                0x0000000000005168       0x7c modules/zcbor/libmodules__zcbor.a(zcbor_encode.c.obj)
 .text.z_sys_init_run_level
                0x00000000000051e4       0x48 zephyr/kernel/libkernel.a(init.c.obj)
 .text.bg_thread_main
                0x000000000000522c       0x30 zephyr/kernel/libkernel.a(init.c.obj)
 .text.z_bss_zero
                0x000000000000525c       0x18 zephyr/kernel/libkernel.a(init.c.obj)
                0x000000000000525c                z_bss_zero
 .text.z_cstart
                0x0000000000005274       0x70 zephyr/kernel/libkernel.a(init.c.obj)
                0x0000000000005274                z_cstart
 .text.z_data_copy
                0x00000000000052e4       0x34 zephyr/kernel/libkernel.a(xip.c.obj)
                0x00000000000052e4                z_data_copy
 .text.elapsed  0x0000000000005318       0x14 zephyr/kernel/libkernel.a(timeout.c.obj)
 .text.next_timeout
                0x000000000000532c       0x40 zephyr/kernel/libkernel.a(timeout.c.obj)
 .text.remove_timeout
                0x000000000000536c       0x38 zephyr/kernel/libkernel.a(timeout.c.obj)
 .text.sys_clock_announce
                0x00000000000053a4       0xd0 zephyr/kernel/libkernel.a(timeout.c.obj)
                0x00000000000053a4                sys_clock_announce
 .text.boot_banner
                0x0000000000005474        0xc zephyr/kernel/libkernel.a(banner.c.obj)
                0x0000000000005474                boot_banner
 .text.nrf_cc3xx_platform_init_no_rng
                0x0000000000005480       0x38 /opt/nordic/ncs/v2.5.1/nrfxlib/crypto/nrf_cc310_platform/lib/cortex-m33/soft-float/no-interrupts/libnrf_cc310_platform_0.9.18.a(nrf_cc3xx_platform.c.obj)
                0x0000000000005480                nrf_cc3xx_platform_init_no_rng
 .text.nrf_cc3xx_platform_abort
                0x00000000000054b8       0x24 /opt/nordic/ncs/v2.5.1/nrfxlib/crypto/nrf_cc310_platform/lib/cortex-m33/soft-float/no-interrupts/libnrf_cc310_platform_0.9.18.a(nrf_cc3xx_platform_abort.c.obj)
 .text.CC_PalAbort
                0x00000000000054dc       0x34 /opt/nordic/ncs/v2.5.1/nrfxlib/crypto/nrf_cc310_platform/lib/cortex-m33/soft-float/no-interrupts/libnrf_cc310_platform_0.9.18.a(nrf_cc3xx_platform_abort.c.obj)
                0x00000000000054dc                CC_PalAbort
 .text.nrf_cc3xx_platform_set_abort
                0x0000000000005510       0x10 /opt/nordic/ncs/v2.5.1/nrfxlib/crypto/nrf_cc310_platform/lib/cortex-m33/soft-float/no-interrupts/libnrf_cc310_platform_0.9.18.a(nrf_cc3xx_platform_abort.c.obj)
                0x0000000000005510                nrf_cc3xx_platform_set_abort
 .text.mbedtls_platform_zeroize
                0x0000000000005520       0x14 /opt/nordic/ncs/v2.5.1/nrfxlib/crypto/nrf_cc310_platform/lib/cortex-m33/soft-float/no-interrupts/libnrf_cc310_platform_0.9.18.a(mbedtls_common.c.obj)
                0x0000000000005520                mbedtls_platform_zeroize
 .text.CC_LibInitNoRng
                0x0000000000005534       0x64 /opt/nordic/ncs/v2.5.1/nrfxlib/crypto/nrf_cc310_platform/lib/cortex-m33/soft-float/no-interrupts/libnrf_cc310_platform_0.9.18.a(cc_lib.c.obj)
                0x0000000000005534                CC_LibInitNoRng
 .text.CC_HalInit
                0x0000000000005598        0x4 /opt/nordic/ncs/v2.5.1/nrfxlib/crypto/nrf_cc310_platform/lib/cortex-m33/soft-float/no-interrupts/libnrf_cc310_platform_0.9.18.a(cc_hal.c.obj)
                0x0000000000005598                CC_HalInit
 .text.CC_HalTerminate
                0x000000000000559c        0x4 /opt/nordic/ncs/v2.5.1/nrfxlib/crypto/nrf_cc310_platform/lib/cortex-m33/soft-float/no-interrupts/libnrf_cc310_platform_0.9.18.a(cc_hal.c.obj)
                0x000000000000559c                CC_HalTerminate
 .text.CC_HalMaskInterrupt
                0x00000000000055a0        0xc /opt/nordic/ncs/v2.5.1/nrfxlib/crypto/nrf_cc310_platform/lib/cortex-m33/soft-float/no-interrupts/libnrf_cc310_platform_0.9.18.a(cc_hal.c.obj)
                0x00000000000055a0                CC_HalMaskInterrupt
 .text.CC_PalInit
                0x00000000000055ac       0x5c /opt/nordic/ncs/v2.5.1/nrfxlib/crypto/nrf_cc310_platform/lib/cortex-m33/soft-float/no-interrupts/libnrf_cc310_platform_0.9.18.a(cc_pal.c.obj)
                0x00000000000055ac                CC_PalInit
 .text.CC_PalTerminate
                0x0000000000005608       0x34 /opt/nordic/ncs/v2.5.1/nrfxlib/crypto/nrf_cc310_platform/lib/cortex-m33/soft-float/no-interrupts/libnrf_cc310_platform_0.9.18.a(cc_pal.c.obj)
                0x0000000000005608                CC_PalTerminate
 .text.CC_PalDmaInit
                0x000000000000563c        0x4 /opt/nordic/ncs/v2.5.1/nrfxlib/crypto/nrf_cc310_platform/lib/cortex-m33/soft-float/no-interrupts/libnrf_cc310_platform_0.9.18.a(cc_pal_dma.c.obj)
                0x000000000000563c                CC_PalDmaInit
 .text.CC_PalDmaTerminate
                0x0000000000005640        0x4 /opt/nordic/ncs/v2.5.1/nrfxlib/crypto/nrf_cc310_platform/lib/cortex-m33/soft-float/no-interrupts/libnrf_cc310_platform_0.9.18.a(cc_pal_dma.c.obj)
                0x0000000000005640                CC_PalDmaTerminate
 .text.CC_PalMutexCreate
                0x0000000000005644       0x14 /opt/nordic/ncs/v2.5.1/nrfxlib/crypto/nrf_cc310_platform/lib/cortex-m33/soft-float/no-interrupts/libnrf_cc310_platform_0.9.18.a(cc_pal_mutex.c.obj)
                0x0000000000005644                CC_PalMutexCreate
 .text.CC_PalMutexDestroy
                0x0000000000005658       0x14 /opt/nordic/ncs/v2.5.1/nrfxlib/crypto/nrf_cc310_platform/lib/cortex-m33/soft-float/no-interrupts/libnrf_cc310_platform_0.9.18.a(cc_pal_mutex.c.obj)
                0x0000000000005658                CC_PalMutexDestroy
 .text.CC_PalPowerSaveModeInit
                0x000000000000566c       0x3c /opt/nordic/ncs/v2.5.1/nrfxlib/crypto/nrf_cc310_platform/lib/cortex-m33/soft-float/no-interrupts/libnrf_cc310_platform_0.9.18.a(cc_pal_pm.c.obj)
                0x000000000000566c                CC_PalPowerSaveModeInit
 .text.CC_PalPowerSaveModeSelect
                0x00000000000056a8       0x84 /opt/nordic/ncs/v2.5.1/nrfxlib/crypto/nrf_cc310_platform/lib/cortex-m33/soft-float/no-interrupts/libnrf_cc310_platform_0.9.18.a(cc_pal_pm.c.obj)
                0x00000000000056a8                CC_PalPowerSaveModeSelect
 .text.mutex_free
                0x000000000000572c       0x34 /opt/nordic/ncs/v2.5.1/nrfxlib/crypto/nrf_cc310_platform/lib/cortex-m33/soft-float/no-interrupts/libnrf_cc310_platform_0.9.18.a(nrf_cc3xx_platform_mutex.c.obj)
 .text.mutex_lock
                0x0000000000005760       0x48 /opt/nordic/ncs/v2.5.1/nrfxlib/crypto/nrf_cc310_platform/lib/cortex-m33/soft-float/no-interrupts/libnrf_cc310_platform_0.9.18.a(nrf_cc3xx_platform_mutex.c.obj)
 .text.mutex_unlock
                0x00000000000057a8       0x38 /opt/nordic/ncs/v2.5.1/nrfxlib/crypto/nrf_cc310_platform/lib/cortex-m33/soft-float/no-interrupts/libnrf_cc310_platform_0.9.18.a(nrf_cc3xx_platform_mutex.c.obj)
 .text.mutex_init
                0x00000000000057e0       0x20 /opt/nordic/ncs/v2.5.1/nrfxlib/crypto/nrf_cc310_platform/lib/cortex-m33/soft-float/no-interrupts/libnrf_cc310_platform_0.9.18.a(nrf_cc3xx_platform_mutex.c.obj)
 .text.flash_area_get_device_id
                0x0000000000005800        0x4 app/libapp.a(flash_map_extended.c.obj)
                0x0000000000005800                flash_area_get_device_id
 .text.flash_area_get_sector
                0x0000000000005804       0x32 app/libapp.a(flash_map_extended.c.obj)
                0x0000000000005804                flash_area_get_sector
 .text.bootutil_tlv_iter_begin
                0x0000000000005836       0x9c app/libapp.a(tlv.c.obj)
                0x0000000000005836                bootutil_tlv_iter_begin
 .text.bootutil_tlv_iter_next
                0x00000000000058d2       0x98 app/libapp.a(tlv.c.obj)
                0x00000000000058d2                bootutil_tlv_iter_next
 .text.boot_trailer_sz
                0x000000000000596a        0xa app/libapp.a(bootutil_misc.c.obj)
                0x000000000000596a                boot_trailer_sz
 .text.boot_status_off
                0x0000000000005974       0x16 app/libapp.a(bootutil_misc.c.obj)
                0x0000000000005974                boot_status_off
 .text.boot_read_swap_size
                0x000000000000598a       0x1c app/libapp.a(bootutil_misc.c.obj)
                0x000000000000598a                boot_read_swap_size
 .text.boot_write_swap_size
                0x00000000000059a6       0x1e app/libapp.a(bootutil_misc.c.obj)
                0x00000000000059a6                boot_write_swap_size
 .text.fih_panic_loop
                0x00000000000059c4       0x26 app/libapp.a(fault_injection_hardening.c.obj)
                0x00000000000059c4                fih_panic_loop
 .text.boot_read_image_headers
                0x00000000000059ea       0x2c app/libapp.a(loader.c.obj)
 .text.boot_read_image_size.constprop.0.isra.0
                0x0000000000005a16       0x82 app/libapp.a(loader.c.obj)
 .text.boot_read_sectors
                0x0000000000005a98       0x44 app/libapp.a(loader.c.obj)
 .text.boot_status_reset
                0x0000000000005adc       0x12 app/libapp.a(loader.c.obj)
                0x0000000000005adc                boot_status_reset
 .text.boot_status_is_reset
                0x0000000000005aee       0x1a app/libapp.a(loader.c.obj)
                0x0000000000005aee                boot_status_is_reset
 .text.boot_write_status
                0x0000000000005b08       0x64 app/libapp.a(loader.c.obj)
                0x0000000000005b08                boot_write_status
 .text.boot_erase_region
                0x0000000000005b6c        0x4 app/libapp.a(loader.c.obj)
                0x0000000000005b6c                boot_erase_region
 .text.swap_erase_trailer_sectors
                0x0000000000005b70       0x6c app/libapp.a(swap_misc.c.obj)
                0x0000000000005b70                swap_erase_trailer_sectors
 .text.swap_status_init
                0x0000000000005bdc       0x3e app/libapp.a(swap_misc.c.obj)
                0x0000000000005bdc                swap_status_init
 .text.swap_read_status
                0x0000000000005c1a       0x78 app/libapp.a(swap_misc.c.obj)
                0x0000000000005c1a                swap_read_status
 .text.find_last_idx
                0x0000000000005c92       0x14 app/libapp.a(swap_move.c.obj)
                0x0000000000005c92                find_last_idx
 .text.boot_status_internal_off
                0x0000000000005ca6       0x26 app/libapp.a(swap_move.c.obj)
                0x0000000000005ca6                boot_status_internal_off
 .text.crc16_itu_t
                0x0000000000005ccc       0x28 zephyr/libzephyr.a(crc16_sw.c.obj)
                0x0000000000005ccc                crc16_itu_t
 .text.arch_printk_char_out
                0x0000000000005cf4        0x4 zephyr/libzephyr.a(printk.c.obj)
                0x0000000000005cf4                arch_printk_char_out
 .text.printk   0x0000000000005cf8       0x1a zephyr/libzephyr.a(printk.c.obj)
                0x0000000000005cf8                printk
 .text.process_recheck
                0x0000000000005d12       0x38 zephyr/libzephyr.a(onoff.c.obj)
 .text.validate_args
                0x0000000000005d4a       0x20 zephyr/libzephyr.a(onoff.c.obj)
 .text.notify_one
                0x0000000000005d6a       0x2c zephyr/libzephyr.a(onoff.c.obj)
 .text.transition_complete
                0x0000000000005d96       0x1c zephyr/libzephyr.a(onoff.c.obj)
 .text.onoff_manager_init
                0x0000000000005db2       0x26 zephyr/libzephyr.a(onoff.c.obj)
                0x0000000000005db2                onoff_manager_init
 .text.onoff_request
                0x0000000000005dd8       0xb0 zephyr/libzephyr.a(onoff.c.obj)
                0x0000000000005dd8                onoff_request
 .text.sys_notify_validate
                0x0000000000005e88       0x22 zephyr/libzephyr.a(notify.c.obj)
                0x0000000000005e88                sys_notify_validate
 .text.sys_notify_finalize
                0x0000000000005eaa       0x1a zephyr/libzephyr.a(notify.c.obj)
                0x0000000000005eaa                sys_notify_finalize
 .text._ConfigAbsSyms
                0x0000000000005ec4        0x2 zephyr/libzephyr.a(configs.c.obj)
                0x0000000000005ec4                _ConfigAbsSyms
 .text.z_log_minimal_printk
                0x0000000000005ec6       0x1a zephyr/libzephyr.a(log_minimal.c.obj)
                0x0000000000005ec6                z_log_minimal_printk
 .text.flash_area_close
                0x0000000000005ee0        0x2 zephyr/libzephyr.a(flash_map.c.obj)
                0x0000000000005ee0                flash_area_close
 .text.flash_area_read
                0x0000000000005ee2       0x2a zephyr/libzephyr.a(flash_map.c.obj)
                0x0000000000005ee2                flash_area_read
 .text.flash_area_write
                0x0000000000005f0c       0x2a zephyr/libzephyr.a(flash_map.c.obj)
                0x0000000000005f0c                flash_area_write
 .text.flash_area_erase
                0x0000000000005f36       0x28 zephyr/libzephyr.a(flash_map.c.obj)
                0x0000000000005f36                flash_area_erase
 .text.flash_area_align
                0x0000000000005f5e        0xe zephyr/libzephyr.a(flash_map.c.obj)
                0x0000000000005f5e                flash_area_align
 .text.flash_area_erased_val
                0x0000000000005f6c        0xe zephyr/libzephyr.a(flash_map.c.obj)
                0x0000000000005f6c                flash_area_erased_val
 .text.get_sectors_cb
                0x0000000000005f7a       0x44 zephyr/libzephyr.a(flash_map_layout.c.obj)
 .text.abort_function
                0x0000000000005fbe        0x8 zephyr/libzephyr.a(nrf_cc3xx_platform_abort_zephyr.c.obj)
 .text.nrf_cc3xx_platform_mutex_init
                0x0000000000005fc6        0x2 zephyr/libzephyr.a(nrf_cc3xx_platform_no_mutex_zephyr.c.obj)
                0x0000000000005fc6                nrf_cc3xx_platform_mutex_init
 .text.console_write
                0x0000000000005fc8       0x1c zephyr/libzephyr.a(serial_adapter.c.obj)
                0x0000000000005fc8                console_write
 .text.zcbor_map_decode_bulk
                0x0000000000005fe4       0xa4 zephyr/libzephyr.a(zcbor_bulk.c.obj)
                0x0000000000005fe4                zcbor_map_decode_bulk
 .text.z_arm_fatal_error
                0x0000000000006088        0x4 zephyr/arch/arch/arm/core/aarch32/libarch__arm__core__aarch32.a(fatal.c.obj)
                0x0000000000006088                z_arm_fatal_error
 .text.z_do_kernel_oops
                0x000000000000608c        0x8 zephyr/arch/arch/arm/core/aarch32/libarch__arm__core__aarch32.a(fatal.c.obj)
                0x000000000000608c                z_do_kernel_oops
 .text.z_irq_spurious
                0x0000000000006094        0x8 zephyr/arch/arch/arm/core/aarch32/libarch__arm__core__aarch32.a(irq_manage.c.obj)
                0x0000000000006094                z_irq_spurious
 .text.z_arm_nmi
                0x000000000000609c        0xe zephyr/arch/arch/arm/core/aarch32/libarch__arm__core__aarch32.a(nmi.c.obj)
                0x000000000000609c                z_arm_nmi
 .text.strlen   0x00000000000060aa        0xe zephyr/lib/libc/minimal/liblib__libc__minimal.a(string.c.obj)
                0x00000000000060aa                strlen
 .text.memcmp   0x00000000000060b8       0x20 zephyr/lib/libc/minimal/liblib__libc__minimal.a(string.c.obj)
                0x00000000000060b8                memcmp
 .text.memmove  0x00000000000060d8       0x2e zephyr/lib/libc/minimal/liblib__libc__minimal.a(string.c.obj)
                0x00000000000060d8                memmove
 .text.memcpy   0x0000000000006106       0x16 zephyr/lib/libc/minimal/liblib__libc__minimal.a(string.c.obj)
                0x0000000000006106                memcpy
 .text.memset   0x000000000000611c       0x12 zephyr/lib/libc/minimal/liblib__libc__minimal.a(string.c.obj)
                0x000000000000611c                memset
 .text.sprintf_out
                0x000000000000612e       0x1a zephyr/lib/libc/minimal/liblib__libc__minimal.a(sprintf.c.obj)
 .text.get_status
                0x0000000000006148       0x12 zephyr/drivers/clock_control/libdrivers__clock_control.a(clock_control_nrf.c.obj)
 .text.set_on_state
                0x000000000000615a       0x26 zephyr/drivers/clock_control/libdrivers__clock_control.a(clock_control_nrf.c.obj)
 .text.stop     0x0000000000006180       0x52 zephyr/drivers/clock_control/libdrivers__clock_control.a(clock_control_nrf.c.obj)
 .text.api_stop
                0x00000000000061d2        0x6 zephyr/drivers/clock_control/libdrivers__clock_control.a(clock_control_nrf.c.obj)
 .text.async_start
                0x00000000000061d8       0x5c zephyr/drivers/clock_control/libdrivers__clock_control.a(clock_control_nrf.c.obj)
 .text.api_start
                0x0000000000006234        0xe zephyr/drivers/clock_control/libdrivers__clock_control.a(clock_control_nrf.c.obj)
 .text.api_blocking_start
                0x0000000000006242        0x6 zephyr/drivers/clock_control/libdrivers__clock_control.a(clock_control_nrf.c.obj)
 .text.onoff_started_callback
                0x0000000000006248       0x12 zephyr/drivers/clock_control/libdrivers__clock_control.a(clock_control_nrf.c.obj)
 .text.lfclk_start
                0x000000000000625a        0x6 zephyr/drivers/clock_control/libdrivers__clock_control.a(clock_control_nrf.c.obj)
 .text.lfclk_stop
                0x0000000000006260        0x6 zephyr/drivers/clock_control/libdrivers__clock_control.a(clock_control_nrf.c.obj)
 .text.is_regular_addr_valid
                0x0000000000006266       0x22 zephyr/drivers/flash/libdrivers__flash.a(soc_flash_nrf.c.obj)
 .text.flash_nrf_erase
                0x0000000000006288       0x4c zephyr/drivers/flash/libdrivers__flash.a(soc_flash_nrf.c.obj)
 .text.flash_nrf_read
                0x00000000000062d4       0x28 zephyr/drivers/flash/libdrivers__flash.a(soc_flash_nrf.c.obj)
 .text.flash_get_page_info
                0x00000000000062fc       0x62 zephyr/drivers/flash/libdrivers__flash.a(flash_page_layout.c.obj)
 .text.z_impl_flash_get_page_info_by_offs
                0x000000000000635e        0x8 zephyr/drivers/flash/libdrivers__flash.a(flash_page_layout.c.obj)
                0x000000000000635e                z_impl_flash_get_page_info_by_offs
 .text.flash_page_foreach
                0x0000000000006366       0x58 zephyr/drivers/flash/libdrivers__flash.a(flash_page_layout.c.obj)
                0x0000000000006366                flash_page_foreach
 .text.gpio_nrfx_port_get_raw
                0x00000000000063be        0xc zephyr/drivers/gpio/libdrivers__gpio.a(gpio_nrfx.c.obj)
 .text.gpio_nrfx_port_set_masked_raw
                0x00000000000063ca       0x14 zephyr/drivers/gpio/libdrivers__gpio.a(gpio_nrfx.c.obj)
 .text.gpio_nrfx_port_set_bits_raw
                0x00000000000063de        0xa zephyr/drivers/gpio/libdrivers__gpio.a(gpio_nrfx.c.obj)
 .text.gpio_nrfx_port_clear_bits_raw
                0x00000000000063e8        0xa zephyr/drivers/gpio/libdrivers__gpio.a(gpio_nrfx.c.obj)
 .text.gpio_nrfx_port_toggle_bits
                0x00000000000063f2       0x14 zephyr/drivers/gpio/libdrivers__gpio.a(gpio_nrfx.c.obj)
 .text.gpio_nrfx_manage_callback
                0x0000000000006406       0x52 zephyr/drivers/gpio/libdrivers__gpio.a(gpio_nrfx.c.obj)
 .text.pinctrl_lookup_state
                0x0000000000006458       0x26 zephyr/drivers/pinctrl/libdrivers__pinctrl.a(common.c.obj)
                0x0000000000006458                pinctrl_lookup_state
 .text.uarte_nrfx_config_get
                0x000000000000647e       0x10 zephyr/drivers/serial/libdrivers__serial.a(uart_nrfx_uarte.c.obj)
 .text.uarte_nrfx_err_check
                0x000000000000648e        0xe zephyr/drivers/serial/libdrivers__serial.a(uart_nrfx_uarte.c.obj)
 .text.tx_start
                0x000000000000649c       0x3e zephyr/drivers/serial/libdrivers__serial.a(uart_nrfx_uarte.c.obj)
 .text.uarte_nrfx_poll_in
                0x00000000000064da       0x28 zephyr/drivers/serial/libdrivers__serial.a(uart_nrfx_uarte.c.obj)
 .text.uarte_nrfx_fifo_read
                0x0000000000006502       0x2e zephyr/drivers/serial/libdrivers__serial.a(uart_nrfx_uarte.c.obj)
 .text.uarte_nrfx_irq_tx_enable
                0x0000000000006530       0x2e zephyr/drivers/serial/libdrivers__serial.a(uart_nrfx_uarte.c.obj)
 .text.uarte_nrfx_irq_tx_disable
                0x000000000000655e        0xa zephyr/drivers/serial/libdrivers__serial.a(uart_nrfx_uarte.c.obj)
 .text.uarte_nrfx_irq_tx_ready_complete
                0x0000000000006568       0x2a zephyr/drivers/serial/libdrivers__serial.a(uart_nrfx_uarte.c.obj)
 .text.uarte_nrfx_irq_rx_ready
                0x0000000000006592       0x10 zephyr/drivers/serial/libdrivers__serial.a(uart_nrfx_uarte.c.obj)
 .text.uarte_nrfx_irq_rx_enable
                0x00000000000065a2        0xc zephyr/drivers/serial/libdrivers__serial.a(uart_nrfx_uarte.c.obj)
 .text.uarte_nrfx_irq_rx_disable
                0x00000000000065ae        0xc zephyr/drivers/serial/libdrivers__serial.a(uart_nrfx_uarte.c.obj)
 .text.uarte_nrfx_irq_err_enable
                0x00000000000065ba        0xe zephyr/drivers/serial/libdrivers__serial.a(uart_nrfx_uarte.c.obj)
 .text.uarte_nrfx_irq_err_disable
                0x00000000000065c8        0xe zephyr/drivers/serial/libdrivers__serial.a(uart_nrfx_uarte.c.obj)
 .text.uarte_nrfx_irq_is_pending
                0x00000000000065d6       0x36 zephyr/drivers/serial/libdrivers__serial.a(uart_nrfx_uarte.c.obj)
 .text.uarte_nrfx_irq_update
                0x000000000000660c        0x4 zephyr/drivers/serial/libdrivers__serial.a(uart_nrfx_uarte.c.obj)
 .text.uarte_nrfx_irq_callback_set
                0x0000000000006610        0xc zephyr/drivers/serial/libdrivers__serial.a(uart_nrfx_uarte.c.obj)
 .text.is_tx_ready.isra.0
                0x000000000000661c       0x20 zephyr/drivers/serial/libdrivers__serial.a(uart_nrfx_uarte.c.obj)
 .text.uarte_nrfx_fifo_fill
                0x000000000000663c       0x70 zephyr/drivers/serial/libdrivers__serial.a(uart_nrfx_uarte.c.obj)
 .text.uarte_nrfx_isr_int
                0x00000000000066ac       0xc0 zephyr/drivers/serial/libdrivers__serial.a(uart_nrfx_uarte.c.obj)
 .text.uarte_1_init
                0x000000000000676c       0x1e zephyr/drivers/serial/libdrivers__serial.a(uart_nrfx_uarte.c.obj)
 .text.uarte_0_init
                0x000000000000678a       0x1e zephyr/drivers/serial/libdrivers__serial.a(uart_nrfx_uarte.c.obj)
 .text.event_clear
                0x00000000000067a8       0x18 zephyr/drivers/timer/libdrivers__timer.a(nrf_rtc_timer.c.obj)
 .text.k_sys_fatal_error_handler
                0x00000000000067c0        0x8 modules/nrf/lib/fatal_error/lib..__nrf__lib__fatal_error.a(fatal_error.c.obj)
                0x00000000000067c0                k_sys_fatal_error_handler
 .text.hw_cc3xx_init_internal
                0x00000000000067c8        0x4 modules/nrf/drivers/hw_cc310/lib..__nrf__drivers__hw_cc310.a(hw_cc310.c.obj)
 .text.hw_cc3xx_init
                0x00000000000067cc       0x12 modules/nrf/drivers/hw_cc310/lib..__nrf__drivers__hw_cc310.a(hw_cc310.c.obj)
 .text.boot_swap_info_off
                0x00000000000067de        0xc modules/mcuboot/boot/bootutil/zephyr/libmcuboot_util.a(bootutil_public.c.obj)
                0x00000000000067de                boot_swap_info_off
 .text.boot_magic_compatible_check
                0x00000000000067ea       0x1c modules/mcuboot/boot/bootutil/zephyr/libmcuboot_util.a(bootutil_public.c.obj)
                0x00000000000067ea                boot_magic_compatible_check
 .text.bootutil_buffer_is_erased
                0x0000000000006806       0x26 modules/mcuboot/boot/bootutil/zephyr/libmcuboot_util.a(bootutil_public.c.obj)
                0x0000000000006806                bootutil_buffer_is_erased
 .text.boot_read_flag
                0x000000000000682c       0x38 modules/mcuboot/boot/bootutil/zephyr/libmcuboot_util.a(bootutil_public.c.obj)
 .text.boot_write_trailer
                0x0000000000006864       0x58 modules/mcuboot/boot/bootutil/zephyr/libmcuboot_util.a(bootutil_public.c.obj)
                0x0000000000006864                boot_write_trailer
 .text.boot_write_trailer_flag
                0x00000000000068bc       0x14 modules/mcuboot/boot/bootutil/zephyr/libmcuboot_util.a(bootutil_public.c.obj)
                0x00000000000068bc                boot_write_trailer_flag
 .text.boot_write_image_ok
                0x00000000000068d0        0xe modules/mcuboot/boot/bootutil/zephyr/libmcuboot_util.a(bootutil_public.c.obj)
                0x00000000000068d0                boot_write_image_ok
 .text.boot_read_image_ok
                0x00000000000068de        0xc modules/mcuboot/boot/bootutil/zephyr/libmcuboot_util.a(bootutil_public.c.obj)
                0x00000000000068de                boot_read_image_ok
 .text.boot_read_swap_state_by_id
                0x00000000000068ea       0x28 modules/mcuboot/boot/bootutil/zephyr/libmcuboot_util.a(bootutil_public.c.obj)
                0x00000000000068ea                boot_read_swap_state_by_id
 .text.boot_write_swap_info
                0x0000000000006912       0x22 modules/mcuboot/boot/bootutil/zephyr/libmcuboot_util.a(bootutil_public.c.obj)
                0x0000000000006912                boot_write_swap_info
 .text.boot_write_copy_done
                0x0000000000006934       0x10 modules/mcuboot/boot/bootutil/zephyr/libmcuboot_util.a(bootutil_public.c.obj)
                0x0000000000006934                boot_write_copy_done
 .text.mbedtls_asn1_get_len
                0x0000000000006944       0x98 modules/mbedtls/libmbedTLSBase.a(asn1parse.c.obj)
                0x0000000000006944                mbedtls_asn1_get_len
 .text.mbedtls_asn1_get_tag
                0x00000000000069dc       0x28 modules/mbedtls/libmbedTLSBase.a(asn1parse.c.obj)
                0x00000000000069dc                mbedtls_asn1_get_tag
 .text.mbedtls_asn1_get_mpi
                0x0000000000006a04       0x26 modules/mbedtls/libmbedTLSBase.a(asn1parse.c.obj)
                0x0000000000006a04                mbedtls_asn1_get_mpi
 .text.mpi_select
                0x0000000000006a2a       0x32 modules/mbedtls/libmbedTLSBase.a(bignum.c.obj)
 .text.mpi_montmul.isra.0
                0x0000000000006a5c       0x1e modules/mbedtls/libmbedTLSBase.a(bignum.c.obj)
 .text.mbedtls_mpi_init
                0x0000000000006a7a        0xc modules/mbedtls/libmbedTLSBase.a(bignum.c.obj)
                0x0000000000006a7a                mbedtls_mpi_init
 .text.mbedtls_mpi_free
                0x0000000000006a86       0x24 modules/mbedtls/libmbedTLSBase.a(bignum.c.obj)
                0x0000000000006a86                mbedtls_mpi_free
 .text.mbedtls_mpi_grow
                0x0000000000006aaa       0x4e modules/mbedtls/libmbedTLSBase.a(bignum.c.obj)
                0x0000000000006aaa                mbedtls_mpi_grow
 .text.mbedtls_mpi_resize_clear
                0x0000000000006af8       0x36 modules/mbedtls/libmbedTLSBase.a(bignum.c.obj)
 .text.mbedtls_mpi_copy
                0x0000000000006b2e       0x68 modules/mbedtls/libmbedTLSBase.a(bignum.c.obj)
                0x0000000000006b2e                mbedtls_mpi_copy
 .text.mbedtls_mpi_lset
                0x0000000000006b96       0x34 modules/mbedtls/libmbedTLSBase.a(bignum.c.obj)
                0x0000000000006b96                mbedtls_mpi_lset
 .text.mbedtls_mpi_get_bit
                0x0000000000006bca       0x20 modules/mbedtls/libmbedTLSBase.a(bignum.c.obj)
                0x0000000000006bca                mbedtls_mpi_get_bit
 .text.mbedtls_mpi_bitlen
                0x0000000000006bea        0x8 modules/mbedtls/libmbedTLSBase.a(bignum.c.obj)
                0x0000000000006bea                mbedtls_mpi_bitlen
 .text.mbedtls_mpi_size
                0x0000000000006bf2        0xc modules/mbedtls/libmbedTLSBase.a(bignum.c.obj)
                0x0000000000006bf2                mbedtls_mpi_size
 .text.mbedtls_mpi_read_binary
                0x0000000000006bfe       0x2c modules/mbedtls/libmbedTLSBase.a(bignum.c.obj)
                0x0000000000006bfe                mbedtls_mpi_read_binary
 .text.mbedtls_mpi_write_binary
                0x0000000000006c2a        0xc modules/mbedtls/libmbedTLSBase.a(bignum.c.obj)
                0x0000000000006c2a                mbedtls_mpi_write_binary
 .text.mbedtls_mpi_shift_l
                0x0000000000006c36       0xae modules/mbedtls/libmbedTLSBase.a(bignum.c.obj)
                0x0000000000006c36                mbedtls_mpi_shift_l
 .text.mbedtls_mpi_shift_r
                0x0000000000006ce4       0x12 modules/mbedtls/libmbedTLSBase.a(bignum.c.obj)
                0x0000000000006ce4                mbedtls_mpi_shift_r
 .text.mbedtls_mpi_cmp_abs
                0x0000000000006cf6       0x6a modules/mbedtls/libmbedTLSBase.a(bignum.c.obj)
                0x0000000000006cf6                mbedtls_mpi_cmp_abs
 .text.mbedtls_mpi_cmp_mpi
                0x0000000000006d60       0x82 modules/mbedtls/libmbedTLSBase.a(bignum.c.obj)
                0x0000000000006d60                mbedtls_mpi_cmp_mpi
 .text.mbedtls_mpi_cmp_int
                0x0000000000006de2       0x26 modules/mbedtls/libmbedTLSBase.a(bignum.c.obj)
                0x0000000000006de2                mbedtls_mpi_cmp_int
 .text.mbedtls_mpi_add_abs
                0x0000000000006e08       0x90 modules/mbedtls/libmbedTLSBase.a(bignum.c.obj)
                0x0000000000006e08                mbedtls_mpi_add_abs
 .text.mbedtls_mpi_sub_abs
                0x0000000000006e98       0x9e modules/mbedtls/libmbedTLSBase.a(bignum.c.obj)
                0x0000000000006e98                mbedtls_mpi_sub_abs
 .text.add_sub_mpi
                0x0000000000006f36       0x5c modules/mbedtls/libmbedTLSBase.a(bignum.c.obj)
 .text.mbedtls_mpi_add_mpi
                0x0000000000006f92        0x6 modules/mbedtls/libmbedTLSBase.a(bignum.c.obj)
                0x0000000000006f92                mbedtls_mpi_add_mpi
 .text.mbedtls_mpi_sub_mpi
                0x0000000000006f98        0x8 modules/mbedtls/libmbedTLSBase.a(bignum.c.obj)
                0x0000000000006f98                mbedtls_mpi_sub_mpi
 .text.mbedtls_mpi_mul_int
                0x0000000000006fa0       0x62 modules/mbedtls/libmbedTLSBase.a(bignum.c.obj)
                0x0000000000006fa0                mbedtls_mpi_mul_int
 .text.mbedtls_mpi_div_mpi
                0x0000000000007002      0x330 modules/mbedtls/libmbedTLSBase.a(bignum.c.obj)
                0x0000000000007002                mbedtls_mpi_div_mpi
 .text.mbedtls_mpi_mod_mpi
                0x0000000000007332       0x64 modules/mbedtls/libmbedTLSBase.a(bignum.c.obj)
                0x0000000000007332                mbedtls_mpi_mod_mpi
 .text.mbedtls_mpi_exp_mod
                0x0000000000007396      0x452 modules/mbedtls/libmbedTLSBase.a(bignum.c.obj)
                0x0000000000007396                mbedtls_mpi_exp_mod
 .text.mbedtls_mpi_core_clz
                0x00000000000077e8       0x20 modules/mbedtls/libmbedTLSBase.a(bignum_core.c.obj)
                0x00000000000077e8                mbedtls_mpi_core_clz
 .text.mbedtls_mpi_core_bitlen
                0x0000000000007808       0x28 modules/mbedtls/libmbedTLSBase.a(bignum_core.c.obj)
                0x0000000000007808                mbedtls_mpi_core_bitlen
 .text.mbedtls_mpi_core_bigendian_to_host
                0x0000000000007830       0x54 modules/mbedtls/libmbedTLSBase.a(bignum_core.c.obj)
                0x0000000000007830                mbedtls_mpi_core_bigendian_to_host
 .text.mbedtls_mpi_core_cond_assign
                0x0000000000007884       0x18 modules/mbedtls/libmbedTLSBase.a(bignum_core.c.obj)
                0x0000000000007884                mbedtls_mpi_core_cond_assign
 .text.mbedtls_mpi_core_read_be
                0x000000000000789c       0x4a modules/mbedtls/libmbedTLSBase.a(bignum_core.c.obj)
                0x000000000000789c                mbedtls_mpi_core_read_be
 .text.mbedtls_mpi_core_write_be
                0x00000000000078e6       0x64 modules/mbedtls/libmbedTLSBase.a(bignum_core.c.obj)
                0x00000000000078e6                mbedtls_mpi_core_write_be
 .text.mbedtls_mpi_core_shift_r
                0x000000000000794a       0x74 modules/mbedtls/libmbedTLSBase.a(bignum_core.c.obj)
                0x000000000000794a                mbedtls_mpi_core_shift_r
 .text.mbedtls_mpi_core_add
                0x00000000000079be       0x2c modules/mbedtls/libmbedTLSBase.a(bignum_core.c.obj)
                0x00000000000079be                mbedtls_mpi_core_add
 .text.mbedtls_mpi_core_sub
                0x00000000000079ea       0x3a modules/mbedtls/libmbedTLSBase.a(bignum_core.c.obj)
                0x00000000000079ea                mbedtls_mpi_core_sub
 .text.mbedtls_mpi_core_mla
                0x0000000000007a24      0x178 modules/mbedtls/libmbedTLSBase.a(bignum_core.c.obj)
                0x0000000000007a24                mbedtls_mpi_core_mla
 .text.mbedtls_mpi_core_montmul_init
                0x0000000000007b9c       0x22 modules/mbedtls/libmbedTLSBase.a(bignum_core.c.obj)
                0x0000000000007b9c                mbedtls_mpi_core_montmul_init
 .text.mbedtls_mpi_core_montmul
                0x0000000000007bbe       0x92 modules/mbedtls/libmbedTLSBase.a(bignum_core.c.obj)
                0x0000000000007bbe                mbedtls_mpi_core_montmul
 .text.mbedtls_mpi_core_sub_int
                0x0000000000007c50       0x22 modules/mbedtls/libmbedTLSBase.a(bignum_core.c.obj)
                0x0000000000007c50                mbedtls_mpi_core_sub_int
 .text.platform_calloc_uninit
                0x0000000000007c72        0x4 modules/mbedtls/libmbedTLSBase.a(platform.c.obj)
 .text.platform_exit_uninit
                0x0000000000007c76        0x2 modules/mbedtls/libmbedTLSBase.a(platform.c.obj)
 .text.platform_free_uninit
                0x0000000000007c78        0x2 modules/mbedtls/libmbedTLSBase.a(platform.c.obj)
 .text.mbedtls_ct_size_bool_eq
                0x0000000000007c7a        0xc modules/mbedtls/libmbedTLSBase.a(constant_time.c.obj)
                0x0000000000007c7a                mbedtls_ct_size_bool_eq
 .text.mbedtls_ct_mpi_uint_cond_assign
                0x0000000000007c86       0x24 modules/mbedtls/libmbedTLSBase.a(constant_time.c.obj)
                0x0000000000007c86                mbedtls_ct_mpi_uint_cond_assign
 .text.mbedtls_mpi_safe_cond_assign
                0x0000000000007caa       0x5e modules/mbedtls/libmbedTLSBase.a(constant_time.c.obj)
                0x0000000000007caa                mbedtls_mpi_safe_cond_assign
 .text.mbedtls_rsa_import
                0x0000000000007d08       0x86 modules/mbedtls/libmbedTLSBase.a(rsa.c.obj)
                0x0000000000007d08                mbedtls_rsa_import
 .text.mbedtls_rsa_init
                0x0000000000007d8e       0x14 modules/mbedtls/libmbedTLSBase.a(rsa.c.obj)
                0x0000000000007d8e                mbedtls_rsa_init
 .text.mbedtls_rsa_get_len
                0x0000000000007da2        0x4 modules/mbedtls/libmbedTLSBase.a(rsa.c.obj)
                0x0000000000007da2                mbedtls_rsa_get_len
 .text.mbedtls_rsa_free
                0x0000000000007da6       0x72 modules/mbedtls/libmbedTLSBase.a(rsa.c.obj)
                0x0000000000007da6                mbedtls_rsa_free
 .text.mbedtls_sha256_init
                0x0000000000007e18        0x8 modules/mbedtls/libmbedTLSBase.a(sha256.c.obj)
                0x0000000000007e18                mbedtls_sha256_init
 .text.mbedtls_sha256_update
                0x0000000000007e20       0x88 modules/mbedtls/libmbedTLSBase.a(sha256.c.obj)
                0x0000000000007e20                mbedtls_sha256_update
 .text.mbedtls_sha256_finish
                0x0000000000007ea8      0x104 modules/mbedtls/libmbedTLSBase.a(sha256.c.obj)
                0x0000000000007ea8                mbedtls_sha256_finish
 .text._mbedtls_init
                0x0000000000007fac        0x4 modules/mbedtls/libmbedTLSBase.a(zephyr_init.c.obj)
 .text.nrf91_errata_6
                0x0000000000007fb0       0x1e modules/hal_nordic/nrfx/libmodules__hal_nordic__nrfx.a(system_nrf91.c.obj)
 .text.nrf91_errata_14
                0x0000000000007fce       0x24 modules/hal_nordic/nrfx/libmodules__hal_nordic__nrfx.a(system_nrf91.c.obj)
 .text.nrfx_isr
                0x0000000000007ff2        0x2 modules/hal_nordic/nrfx/libmodules__hal_nordic__nrfx.a(nrfx_glue.c.obj)
                0x0000000000007ff2                nrfx_isr
 .text.nrfx_busy_wait
                0x0000000000007ff4        0x4 modules/hal_nordic/nrfx/libmodules__hal_nordic__nrfx.a(nrfx_glue.c.obj)
                0x0000000000007ff4                nrfx_busy_wait
 .text.nrfx_gppi_channel_endpoints_setup
                0x0000000000007ff8        0xe modules/hal_nordic/nrfx/libmodules__hal_nordic__nrfx.a(nrfx_gppi_dppi.c.obj)
                0x0000000000007ff8                nrfx_gppi_channel_endpoints_setup
 .text.clock_stop
                0x0000000000008006       0xb2 modules/hal_nordic/nrfx/libmodules__hal_nordic__nrfx.a(nrfx_clock.c.obj)
 .text.nrfx_clock_enable
                0x00000000000080b8       0x1c modules/hal_nordic/nrfx/libmodules__hal_nordic__nrfx.a(nrfx_clock.c.obj)
                0x00000000000080b8                nrfx_clock_enable
 .text.nrfx_clock_start
                0x00000000000080d4       0x80 modules/hal_nordic/nrfx/libmodules__hal_nordic__nrfx.a(nrfx_clock.c.obj)
                0x00000000000080d4                nrfx_clock_start
 .text.nrfx_clock_stop
                0x0000000000008154        0x4 modules/hal_nordic/nrfx/libmodules__hal_nordic__nrfx.a(nrfx_clock.c.obj)
                0x0000000000008154                nrfx_clock_stop
 .text.nrf_gpio_reconfigure
                0x0000000000008158       0x92 modules/hal_nordic/nrfx/libmodules__hal_nordic__nrfx.a(nrfx_gpiote.c.obj)
 .text.nrf_gpio_cfg_sense_set
                0x00000000000081ea       0x1e modules/hal_nordic/nrfx/libmodules__hal_nordic__nrfx.a(nrfx_gpiote.c.obj)
 .text.nrfx_nvmc_flash_size_get
                0x0000000000008208        0x6 modules/hal_nordic/nrfx/libmodules__hal_nordic__nrfx.a(nrfx_nvmc.c.obj)
                0x0000000000008208                nrfx_nvmc_flash_size_get
 .text.nrfx_nvmc_flash_page_size_get
                0x000000000000820e        0x6 modules/hal_nordic/nrfx/libmodules__hal_nordic__nrfx.a(nrfx_nvmc.c.obj)
                0x000000000000820e                nrfx_nvmc_flash_page_size_get
 .text.nrfx_nvmc_flash_page_count_get
                0x0000000000008214        0x6 modules/hal_nordic/nrfx/libmodules__hal_nordic__nrfx.a(nrfx_nvmc.c.obj)
                0x0000000000008214                nrfx_nvmc_flash_page_count_get
 .text.zcbor_new_backup
                0x000000000000821a       0x3c modules/zcbor/libmodules__zcbor.a(zcbor_common.c.obj)
                0x000000000000821a                zcbor_new_backup
 .text.zcbor_process_backup
                0x0000000000008256       0x6a modules/zcbor/libmodules__zcbor.a(zcbor_common.c.obj)
                0x0000000000008256                zcbor_process_backup
 .text.zcbor_new_state
                0x00000000000082c0       0x3e modules/zcbor/libmodules__zcbor.a(zcbor_common.c.obj)
                0x00000000000082c0                zcbor_new_state
 .text.zcbor_array_at_end
                0x00000000000082fe       0x26 modules/zcbor/libmodules__zcbor.a(zcbor_common.c.obj)
                0x00000000000082fe                zcbor_array_at_end
 .text.zcbor_error.isra.0
                0x0000000000008324        0x6 modules/zcbor/libmodules__zcbor.a(zcbor_decode.c.obj)
 .text.err_restore
                0x000000000000832a       0x10 modules/zcbor/libmodules__zcbor.a(zcbor_decode.c.obj)
 .text.initial_checks
                0x000000000000833a       0x1a modules/zcbor/libmodules__zcbor.a(zcbor_decode.c.obj)
 .text.type_check
                0x0000000000008354       0x22 modules/zcbor/libmodules__zcbor.a(zcbor_decode.c.obj)
 .text.array_end_expect
                0x0000000000008376       0x24 modules/zcbor/libmodules__zcbor.a(zcbor_decode.c.obj)
 .text.list_map_end_decode
                0x000000000000839a       0x24 modules/zcbor/libmodules__zcbor.a(zcbor_decode.c.obj)
 .text.value_extract
                0x00000000000083be       0x98 modules/zcbor/libmodules__zcbor.a(zcbor_decode.c.obj)
 .text.str_start_decode_with_overflow_check
                0x0000000000008456       0x34 modules/zcbor/libmodules__zcbor.a(zcbor_decode.c.obj)
 .text.str_decode
                0x000000000000848a       0x16 modules/zcbor/libmodules__zcbor.a(zcbor_decode.c.obj)
 .text.list_map_start_decode
                0x00000000000084a0       0x66 modules/zcbor/libmodules__zcbor.a(zcbor_decode.c.obj)
 .text.zcbor_uint_decode
                0x0000000000008506       0x20 modules/zcbor/libmodules__zcbor.a(zcbor_decode.c.obj)
                0x0000000000008506                zcbor_uint_decode
 .text.zcbor_uint32_decode
                0x0000000000008526        0x6 modules/zcbor/libmodules__zcbor.a(zcbor_decode.c.obj)
                0x0000000000008526                zcbor_uint32_decode
 .text.zcbor_size_decode
                0x000000000000852c        0x4 modules/zcbor/libmodules__zcbor.a(zcbor_decode.c.obj)
                0x000000000000852c                zcbor_size_decode
 .text.zcbor_bstr_decode
                0x0000000000008530        0x6 modules/zcbor/libmodules__zcbor.a(zcbor_decode.c.obj)
                0x0000000000008530                zcbor_bstr_decode
 .text.zcbor_tstr_decode
                0x0000000000008536        0x6 modules/zcbor/libmodules__zcbor.a(zcbor_decode.c.obj)
                0x0000000000008536                zcbor_tstr_decode
 .text.zcbor_map_start_decode
                0x000000000000853c       0x2c modules/zcbor/libmodules__zcbor.a(zcbor_decode.c.obj)
                0x000000000000853c                zcbor_map_start_decode
 .text.zcbor_map_end_decode
                0x0000000000008568        0x4 modules/zcbor/libmodules__zcbor.a(zcbor_decode.c.obj)
                0x0000000000008568                zcbor_map_end_decode
 .text.zcbor_tag_decode
                0x000000000000856c       0x28 modules/zcbor/libmodules__zcbor.a(zcbor_decode.c.obj)
                0x000000000000856c                zcbor_tag_decode
 .text.zcbor_any_skip
                0x0000000000008594      0x130 modules/zcbor/libmodules__zcbor.a(zcbor_decode.c.obj)
                0x0000000000008594                zcbor_any_skip
 .text.encode_header_byte
                0x00000000000086c4       0x28 modules/zcbor/libmodules__zcbor.a(zcbor_encode.c.obj)
 .text.value_encode
                0x00000000000086ec       0x20 modules/zcbor/libmodules__zcbor.a(zcbor_encode.c.obj)
 .text.str_encode
                0x000000000000870c       0x76 modules/zcbor/libmodules__zcbor.a(zcbor_encode.c.obj)
 .text.zcbor_int_encode
                0x0000000000008782       0x48 modules/zcbor/libmodules__zcbor.a(zcbor_encode.c.obj)
                0x0000000000008782                zcbor_int_encode
 .text.zcbor_uint_encode
                0x00000000000087ca        0xa modules/zcbor/libmodules__zcbor.a(zcbor_encode.c.obj)
                0x00000000000087ca                zcbor_uint_encode
 .text.zcbor_int32_put
                0x00000000000087d4       0x14 modules/zcbor/libmodules__zcbor.a(zcbor_encode.c.obj)
                0x00000000000087d4                zcbor_int32_put
 .text.zcbor_uint32_put
                0x00000000000087e8       0x14 modules/zcbor/libmodules__zcbor.a(zcbor_encode.c.obj)
                0x00000000000087e8                zcbor_uint32_put
 .text.zcbor_bstr_encode
                0x00000000000087fc        0x6 modules/zcbor/libmodules__zcbor.a(zcbor_encode.c.obj)
                0x00000000000087fc                zcbor_bstr_encode
 .text.zcbor_tstr_encode
                0x0000000000008802        0x6 modules/zcbor/libmodules__zcbor.a(zcbor_encode.c.obj)
                0x0000000000008802                zcbor_tstr_encode
 .text.zcbor_list_start_encode
                0x0000000000008808        0x8 modules/zcbor/libmodules__zcbor.a(zcbor_encode.c.obj)
                0x0000000000008808                zcbor_list_start_encode
 .text.zcbor_map_start_encode
                0x0000000000008810        0x8 modules/zcbor/libmodules__zcbor.a(zcbor_encode.c.obj)
                0x0000000000008810                zcbor_map_start_encode
 .text.zcbor_list_end_encode
                0x0000000000008818        0x8 modules/zcbor/libmodules__zcbor.a(zcbor_encode.c.obj)
                0x0000000000008818                zcbor_list_end_encode
 .text.zcbor_map_end_encode
                0x0000000000008820        0x4 modules/zcbor/libmodules__zcbor.a(zcbor_encode.c.obj)
                0x0000000000008820                zcbor_map_end_encode
 .text.zcbor_new_encode_state
                0x0000000000008824        0x4 modules/zcbor/libmodules__zcbor.a(zcbor_encode.c.obj)
                0x0000000000008824                zcbor_new_encode_state
 .text.z_impl_k_busy_wait
                0x0000000000008828        0x8 zephyr/kernel/libkernel.a(busy_wait.c.obj)
                0x0000000000008828                z_impl_k_busy_wait
 .text.z_device_state_init
                0x0000000000008830        0x2 zephyr/kernel/libkernel.a(device.c.obj)
                0x0000000000008830                z_device_state_init
 .text.z_device_is_ready
                0x0000000000008832       0x16 zephyr/kernel/libkernel.a(device.c.obj)
                0x0000000000008832                z_device_is_ready
 .text.z_fatal_error
                0x0000000000008848       0x20 zephyr/kernel/libkernel.a(fatal.c.obj)
                0x0000000000008848                z_fatal_error
 .text.z_early_memset
                0x0000000000008868        0x4 zephyr/kernel/libkernel.a(init.c.obj)
                0x0000000000008868                z_early_memset
 .text.z_early_memcpy
                0x000000000000886c        0x4 zephyr/kernel/libkernel.a(init.c.obj)
                0x000000000000886c                z_early_memcpy
 .text.k_is_in_isr
                0x0000000000008870        0xc zephyr/kernel/libkernel.a(thread.c.obj)
                0x0000000000008870                k_is_in_isr
 .text._OffsetAbsSyms
                0x000000000000887c        0x2 zephyr/CMakeFiles/offsets.dir/./arch/arm/core/offsets/offsets.c.obj
                0x000000000000887c                _OffsetAbsSyms
 *(SORT_BY_ALIGNMENT(.TEXT.*))
 *(SORT_BY_ALIGNMENT(.gnu.linkonce.t.*))
 *(SORT_BY_ALIGNMENT(.glue_7t))
 .glue_7t       0x000000000000887e        0x0 linker stubs
 *(SORT_BY_ALIGNMENT(.glue_7))
 .glue_7        0x000000000000887e        0x0 linker stubs
 *(SORT_BY_ALIGNMENT(.vfp11_veneer))
 .vfp11_veneer  0x000000000000887e        0x0 linker stubs
 *(SORT_BY_ALIGNMENT(.v4_bx))
 .v4_bx         0x000000000000887e        0x0 linker stubs
                0x0000000000008880                . = ALIGN (0x4)
 *fill*         0x000000000000887e        0x2 
                0x0000000000008880                __text_region_end = .

.ARM.exidx      0x0000000000008880        0x8
                0x0000000000008880                __exidx_start = .
 *(SORT_BY_ALIGNMENT(.ARM.exidx*) SORT_BY_ALIGNMENT(gnu.linkonce.armexidx.*))
 .ARM.exidx     0x0000000000008880        0x8 /opt/nordic/ncs/toolchains/20d68df7e5/opt/zephyr-sdk/arm-zephyr-eabi/bin/../lib/gcc/arm-zephyr-eabi/12.2.0/thumb/v8-m.main/nofp/libgcc.a(_udivmoddi4.o)
                0x0000000000008888                __exidx_end = .
                0x0000000000008888                __rodata_region_start = .

initlevel       0x0000000000008888       0x50
                0x0000000000008888                __init_start = .
                0x0000000000008888                __init_EARLY_start = .
 *(SORT_BY_NAME(SORT_BY_ALIGNMENT(.z_init_EARLY?_*)))
 *(SORT_BY_NAME(SORT_BY_ALIGNMENT(.z_init_EARLY??_*)))
                0x0000000000008888                __init_PRE_KERNEL_1_start = .
 *(SORT_BY_NAME(SORT_BY_ALIGNMENT(.z_init_PRE_KERNEL_1?_*)))
 .z_init_PRE_KERNEL_10_0_
                0x0000000000008888        0x8 zephyr/libzephyr.a(soc.c.obj)
 *(SORT_BY_NAME(SORT_BY_ALIGNMENT(.z_init_PRE_KERNEL_1??_*)))
 .z_init_PRE_KERNEL_130_00071_
                0x0000000000008890        0x8 zephyr/drivers/clock_control/libdrivers__clock_control.a(clock_control_nrf.c.obj)
 .z_init_PRE_KERNEL_140_00006_
                0x0000000000008898        0x8 zephyr/drivers/gpio/libdrivers__gpio.a(gpio_nrfx.c.obj)
 .z_init_PRE_KERNEL_140_0_
                0x00000000000088a0        0x8 modules/nrf/drivers/hw_cc310/lib..__nrf__drivers__hw_cc310.a(hw_cc310.c.obj)
 .z_init_PRE_KERNEL_155_00097_
                0x00000000000088a8        0x8 zephyr/drivers/serial/libdrivers__serial.a(uart_nrfx_uarte.c.obj)
 .z_init_PRE_KERNEL_155_00098_
                0x00000000000088b0        0x8 zephyr/drivers/serial/libdrivers__serial.a(uart_nrfx_uarte.c.obj)
                0x00000000000088b8                __init_PRE_KERNEL_2_start = .
 *(SORT_BY_NAME(SORT_BY_ALIGNMENT(.z_init_PRE_KERNEL_2?_*)))
 .z_init_PRE_KERNEL_20_0_
                0x00000000000088b8        0x8 zephyr/drivers/timer/libdrivers__timer.a(nrf_rtc_timer.c.obj)
 *(SORT_BY_NAME(SORT_BY_ALIGNMENT(.z_init_PRE_KERNEL_2??_*)))
                0x00000000000088c0                __init_POST_KERNEL_start = .
 *(SORT_BY_NAME(SORT_BY_ALIGNMENT(.z_init_POST_KERNEL?_*)))
 .z_init_POST_KERNEL0_0_
                0x00000000000088c0        0x8 modules/mbedtls/libmbedTLSBase.a(zephyr_init.c.obj)
 *(SORT_BY_NAME(SORT_BY_ALIGNMENT(.z_init_POST_KERNEL??_*)))
 .z_init_POST_KERNEL40_0_
                0x00000000000088c8        0x8 modules/nrf/drivers/hw_cc310/lib..__nrf__drivers__hw_cc310.a(hw_cc310.c.obj)
 .z_init_POST_KERNEL50_00103_
                0x00000000000088d0        0x8 zephyr/drivers/flash/libdrivers__flash.a(soc_flash_nrf.c.obj)
                0x00000000000088d8                __init_APPLICATION_start = .
 *(SORT_BY_NAME(SORT_BY_ALIGNMENT(.z_init_APPLICATION?_*)))
 *(SORT_BY_NAME(SORT_BY_ALIGNMENT(.z_init_APPLICATION??_*)))
                0x00000000000088d8                __init_SMP_start = .
 *(SORT_BY_NAME(SORT_BY_ALIGNMENT(.z_init_SMP?_*)))
 *(SORT_BY_NAME(SORT_BY_ALIGNMENT(.z_init_SMP??_*)))
                0x00000000000088d8                __init_end = .

device_area     0x00000000000088d8       0x64
                0x00000000000088d8                _device_list_start = .
 *(SORT_BY_NAME(SORT_BY_ALIGNMENT(._device.static.*_?_*)))
 *(SORT_BY_NAME(SORT_BY_ALIGNMENT(._device.static.*_??_*)))
 ._device.static.1_30_
                0x00000000000088d8       0x14 zephyr/drivers/clock_control/libdrivers__clock_control.a(clock_control_nrf.c.obj)
                0x00000000000088d8                __device_dts_ord_71
 ._device.static.1_40_
                0x00000000000088ec       0x14 zephyr/drivers/gpio/libdrivers__gpio.a(gpio_nrfx.c.obj)
                0x00000000000088ec                __device_dts_ord_6
 ._device.static.1_55_
                0x0000000000008900       0x28 zephyr/drivers/serial/libdrivers__serial.a(uart_nrfx_uarte.c.obj)
                0x0000000000008900                __device_dts_ord_98
                0x0000000000008914                __device_dts_ord_97
 ._device.static.3_50_
                0x0000000000008928       0x14 zephyr/drivers/flash/libdrivers__flash.a(soc_flash_nrf.c.obj)
                0x0000000000008928                __device_dts_ord_103
                0x000000000000893c                _device_list_end = .

sw_isr_table    0x000000000000893c      0x208
                0x000000000000893c                . = ALIGN (0x4)
 *(SORT_BY_ALIGNMENT(.gnu.linkonce.sw_isr_table*))
 .gnu.linkonce.sw_isr_table
                0x000000000000893c      0x208 zephyr/arch/common/libisr_tables.a(isr_tables.c.obj)
                0x000000000000893c                _sw_isr_table

initlevel_error
                0x0000000000008888        0x0
 *(SORT_BY_NAME(SORT_BY_ALIGNMENT(.z_init_[_A-Z0-9]*)))
                0x0000000000000001                ASSERT ((SIZEOF (initlevel_error) == 0x0), Undefined initialization levels used.)

app_shmem_regions
                0x0000000000008b44        0x0
                0x0000000000008b44                __app_shmem_regions_start = .
 *(SORT_BY_NAME(SORT_BY_ALIGNMENT(.app_regions.*)))
                0x0000000000008b44                __app_shmem_regions_end = .

k_p4wq_initparam_area
                0x0000000000008b44        0x0
                0x0000000000008b44                _k_p4wq_initparam_list_start = .
 *(SORT_BY_NAME(SORT_BY_ALIGNMENT(._k_p4wq_initparam.static.*)))
                0x0000000000008b44                _k_p4wq_initparam_list_end = .

_static_thread_data_area
                0x0000000000008b44        0x0
                0x0000000000008b44                __static_thread_data_list_start = .
 *(SORT_BY_NAME(SORT_BY_ALIGNMENT(.__static_thread_data.static.*)))
                0x0000000000008b44                __static_thread_data_list_end = .

device_deps     0x0000000000008b44        0x0
                0x0000000000008b44                __device_deps_start = .
 *(SORT_BY_NAME(SORT_BY_ALIGNMENT(.__device_deps_pass2*)))
                0x0000000000008b44                __device_deps_end = .

ztest           0x0000000000008b44        0x0
                0x0000000000008b44                _ztest_expected_result_entry_list_start = .
 *(SORT_BY_NAME(SORT_BY_ALIGNMENT(._ztest_expected_result_entry.static.*)))
                0x0000000000008b44                _ztest_expected_result_entry_list_end = .
                0x0000000000008b44                _ztest_suite_node_list_start = .
 *(SORT_BY_NAME(SORT_BY_ALIGNMENT(._ztest_suite_node.static.*)))
                0x0000000000008b44                _ztest_suite_node_list_end = .
                0x0000000000008b44                _ztest_unit_test_list_start = .
 *(SORT_BY_NAME(SORT_BY_ALIGNMENT(._ztest_unit_test.static.*)))
                0x0000000000008b44                _ztest_unit_test_list_end = .
                0x0000000000008b44                _ztest_test_rule_list_start = .
 *(SORT_BY_NAME(SORT_BY_ALIGNMENT(._ztest_test_rule.static.*)))
                0x0000000000008b44                _ztest_test_rule_list_end = .

bt_l2cap_fixed_chan_area
                0x0000000000008b44        0x0
                0x0000000000008b44                _bt_l2cap_fixed_chan_list_start = .
 *(SORT_BY_NAME(SORT_BY_ALIGNMENT(._bt_l2cap_fixed_chan.static.*)))
                0x0000000000008b44                _bt_l2cap_fixed_chan_list_end = .

bt_gatt_service_static_area
                0x0000000000008b44        0x0
                0x0000000000008b44                _bt_gatt_service_static_list_start = .
 *(SORT_BY_NAME(SORT_BY_ALIGNMENT(._bt_gatt_service_static.static.*)))
                0x0000000000008b44                _bt_gatt_service_static_list_end = .

log_strings_area
                0x0000000000008b44        0x0
                0x0000000000008b44                _log_strings_list_start = .
 *(SORT_BY_NAME(SORT_BY_ALIGNMENT(._log_strings.static.*)))
                0x0000000000008b44                _log_strings_list_end = .

log_const_area  0x0000000000008b44       0x68
                0x0000000000008b44                _log_const_list_start = .
 *(SORT_BY_NAME(SORT_BY_ALIGNMENT(._log_const.static.*)))
 ._log_const.static.log_const_NRFX_CLOCK_
                0x0000000000008b44        0x8 modules/hal_nordic/nrfx/libmodules__hal_nordic__nrfx.a(nrfx_clock.c.obj)
                0x0000000000008b44                log_const_NRFX_CLOCK
 ._log_const.static.log_const_NRFX_DPPI_
                0x0000000000008b4c        0x8 modules/hal_nordic/nrfx/libmodules__hal_nordic__nrfx.a(nrfx_dppi.c.obj)
                0x0000000000008b4c                log_const_NRFX_DPPI
 ._log_const.static.log_const_NRFX_GPIOTE_
                0x0000000000008b54        0x8 modules/hal_nordic/nrfx/libmodules__hal_nordic__nrfx.a(nrfx_gpiote.c.obj)
                0x0000000000008b54                log_const_NRFX_GPIOTE
 ._log_const.static.log_const_NRFX_WDT_
                0x0000000000008b5c        0x8 modules/hal_nordic/nrfx/libmodules__hal_nordic__nrfx.a(nrfx_wdt.c.obj)
                0x0000000000008b5c                log_const_NRFX_WDT
 ._log_const.static.log_const_cbprintf_package_
                0x0000000000008b64        0x8 zephyr/libzephyr.a(cbprintf_packaged.c.obj)
                0x0000000000008b64                log_const_cbprintf_package
 ._log_const.static.log_const_clock_control_
                0x0000000000008b6c        0x8 zephyr/drivers/clock_control/libdrivers__clock_control.a(clock_control_nrf.c.obj)
                0x0000000000008b6c                log_const_clock_control
 ._log_const.static.log_const_fatal_error_
                0x0000000000008b74        0x8 modules/nrf/lib/fatal_error/lib..__nrf__lib__fatal_error.a(fatal_error.c.obj)
                0x0000000000008b74                log_const_fatal_error
 ._log_const.static.log_const_flash_nrf_
                0x0000000000008b7c        0x8 zephyr/drivers/flash/libdrivers__flash.a(soc_flash_nrf.c.obj)
                0x0000000000008b7c                log_const_flash_nrf
 ._log_const.static.log_const_mcuboot_
                0x0000000000008b84        0x8 app/libapp.a(main.c.obj)
                0x0000000000008b84                log_const_mcuboot
 ._log_const.static.log_const_os_
                0x0000000000008b8c        0x8 zephyr/kernel/libkernel.a(init.c.obj)
                0x0000000000008b8c                log_const_os
 ._log_const.static.log_const_serial_adapter_
                0x0000000000008b94        0x8 zephyr/libzephyr.a(serial_adapter.c.obj)
                0x0000000000008b94                log_const_serial_adapter
 ._log_const.static.log_const_soc_
                0x0000000000008b9c        0x8 zephyr/libzephyr.a(soc.c.obj)
                0x0000000000008b9c                log_const_soc
 ._log_const.static.log_const_uart_nrfx_uarte_
                0x0000000000008ba4        0x8 zephyr/drivers/serial/libdrivers__serial.a(uart_nrfx_uarte.c.obj)
                0x0000000000008ba4                log_const_uart_nrfx_uarte
                0x0000000000008bac                _log_const_list_end = .

log_backend_area
                0x0000000000008bac        0x0
                0x0000000000008bac                _log_backend_list_start = .
 *(SORT_BY_NAME(SORT_BY_ALIGNMENT(._log_backend.static.*)))
                0x0000000000008bac                _log_backend_list_end = .

log_link_area   0x0000000000008bac        0x0
                0x0000000000008bac                _log_link_list_start = .
 *(SORT_BY_NAME(SORT_BY_ALIGNMENT(._log_link.static.*)))
                0x0000000000008bac                _log_link_list_end = .

tracing_backend_area
                0x0000000000008bac        0x0
                0x0000000000008bac                _tracing_backend_list_start = .
 *(SORT_BY_NAME(SORT_BY_ALIGNMENT(._tracing_backend.static.*)))
                0x0000000000008bac                _tracing_backend_list_end = .

zephyr_dbg_info
 *(SORT_BY_ALIGNMENT(.dbg_thread_info))

symbol_to_keep  0x0000000000008bac        0x0
                0x0000000000008bac                __symbol_to_keep_start = .
 *(SORT_BY_NAME(SORT_BY_ALIGNMENT(.symbol_to_keep*)))
                0x0000000000008bac                __symbol_to_keep_end = .

shell_area      0x0000000000008bac        0x0
                0x0000000000008bac                _shell_list_start = .
 *(SORT_BY_NAME(SORT_BY_ALIGNMENT(._shell.static.*)))
                0x0000000000008bac                _shell_list_end = .

shell_root_cmds_area
                0x0000000000008bac        0x0
                0x0000000000008bac                _shell_root_cmds_list_start = .
 *(SORT_BY_NAME(SORT_BY_ALIGNMENT(._shell_root_cmds.static.*)))
                0x0000000000008bac                _shell_root_cmds_list_end = .

shell_subcmds_area
                0x0000000000008bac        0x0
                0x0000000000008bac                _shell_subcmds_list_start = .
 *(SORT_BY_NAME(SORT_BY_ALIGNMENT(._shell_subcmds.static.*)))
                0x0000000000008bac                _shell_subcmds_list_end = .

shell_dynamic_subcmds_area
                0x0000000000008bac        0x0
                0x0000000000008bac                _shell_dynamic_subcmds_list_start = .
 *(SORT_BY_NAME(SORT_BY_ALIGNMENT(._shell_dynamic_subcmds.static.*)))